<html>
<body>
<pre>
<h1>礦ision Build Log</h1>
<h2>Project:</h2>
D:\workdir\信号机\handheld_device_soft\RVMDK\Project.uvproj
Project File Date:  05/06/2016

<h2>Output:</h2>
Rebuild target 'Project'
creating preprocessor file for main.c...
compiling main.c...
..\User\main.c(43): warning:  #167-D: argument of type "unsigned char *" is incompatible with parameter of type "char *restrict"
..\User\main.c(245): warning:  #167-D: argument of type "u8 *" is incompatible with parameter of type "char *"
creating preprocessor file for stm32f10x_it.c...
compiling stm32f10x_it.c...
creating preprocessor file for misc.c...
compiling misc.c...
creating preprocessor file for stm32f10x_adc.c...
compiling stm32f10x_adc.c...
creating preprocessor file for stm32f10x_bkp.c...
compiling stm32f10x_bkp.c...
creating preprocessor file for stm32f10x_can.c...
compiling stm32f10x_can.c...
creating preprocessor file for stm32f10x_cec.c...
compiling stm32f10x_cec.c...
creating preprocessor file for stm32f10x_crc.c...
compiling stm32f10x_crc.c...
creating preprocessor file for stm32f10x_dac.c...
compiling stm32f10x_dac.c...
creating preprocessor file for stm32f10x_dbgmcu.c...
compiling stm32f10x_dbgmcu.c...
creating preprocessor file for stm32f10x_dma.c...
compiling stm32f10x_dma.c...
creating preprocessor file for stm32f10x_exti.c...
compiling stm32f10x_exti.c...
creating preprocessor file for stm32f10x_flash.c...
compiling stm32f10x_flash.c...
creating preprocessor file for stm32f10x_fsmc.c...
compiling stm32f10x_fsmc.c...
creating preprocessor file for stm32f10x_gpio.c...
compiling stm32f10x_gpio.c...
creating preprocessor file for stm32f10x_i2c.c...
compiling stm32f10x_i2c.c...
creating preprocessor file for stm32f10x_iwdg.c...
compiling stm32f10x_iwdg.c...
creating preprocessor file for stm32f10x_pwr.c...
compiling stm32f10x_pwr.c...
creating preprocessor file for stm32f10x_rcc.c...
compiling stm32f10x_rcc.c...
creating preprocessor file for stm32f10x_rtc.c...
compiling stm32f10x_rtc.c...
creating preprocessor file for stm32f10x_sdio.c...
compiling stm32f10x_sdio.c...
creating preprocessor file for stm32f10x_spi.c...
compiling stm32f10x_spi.c...
creating preprocessor file for stm32f10x_tim.c...
compiling stm32f10x_tim.c...
creating preprocessor file for stm32f10x_usart.c...
compiling stm32f10x_usart.c...
creating preprocessor file for stm32f10x_wwdg.c...
compiling stm32f10x_wwdg.c...
assembling startup_stm32f10x_hd.s...
creating preprocessor file for system_stm32f10x.c...
compiling system_stm32f10x.c...
creating preprocessor file for core_cm3.c...
compiling core_cm3.c...
creating preprocessor file for sys_config.c...
compiling sys_config.c...
creating preprocessor file for nrf24l01.c...
compiling nrf24l01.c...
creating preprocessor file for button.c...
compiling button.c...
..\bsp_lib\button.c(18): warning:  #177-D: variable "NVIC_InitStructure" was declared but never referenced
..\bsp_lib\button.c(19): warning:  #177-D: variable "EXTI_InitStructure" was declared but never referenced
..\bsp_lib\button.c(145): warning:  #111-D: statement is unreachable
creating preprocessor file for oled.c...
compiling oled.c...
creating preprocessor file for display.c...
compiling display.c...
linking...
Program Size: Code=13320 RO-data=2408 RW-data=3488 ZI-data=1688  
FromELF: creating hex file...
".\Output\Project.axf" - 0 Error(s), 5 Warning(s).
Load "D:\\workdir\\信号机\\handheld_device_soft\\RVMDK\\Output\\Project.AXF" 
* JLink Info: Device "STM32F103RB" selected (128 KB flash, 20 KB RAM).
Set JLink Project File to "D:\workdir\信号机\handheld_device_soft\RVMDK\JLinkSettings.ini"
 
JLink info:
------------
DLL: V4.50j, compiled Jun 26 2012 09:19:07
Firmware: J-Link ARM V8 compiled Jul 17 2014 12:31:18
Hardware: V8.00
S/N : 17935099 
Feature(s) : RDI,FlashDL,FlashBP,JFlash 
 
* JLink Info: Found SWD-DP with ID 0x1BA01477
* JLink Info: Found SWD-DP with ID 0x1BA01477
* JLink Info: TPIU fitted.
* JLink Info: FPUnit: 6 code (BP) slots and 2 literal slots
* JLink Info: Found Cortex-M3 r1p1, Little endian.
ROMTableAddr = 0xE00FF003
 
Target info:
------------
Device: STM32F103RB
VTarget = 2.756V
State of Pins: 
TCK: 0, TDI: 1, TDO: 1, TMS: 1, TRES: 1, TRST: 1
Hardware-Breakpoints: 6
Software-Breakpoints: 8192
Watchpoints:          4
JTAG speed: 200 kHz
 
Erase Done.
Programming Done.
Verify OK.
Application running ...
