Component: ARM Compiler 5.05 update 2 (build 169) Tool: armlink [4d0f33]

==============================================================================

Section Cross References

    main.o(i.FSM_link_connected) refers to rt_memclr_w.o(.text) for __aeabi_memclr4
    main.o(i.FSM_link_connected) refers to display.o(i.oled_show_line3) for oled_show_line3
    main.o(i.FSM_link_connected) refers to stm32f10x_it.o(i.Delay_Ms) for Delay_Ms
    main.o(i.FSM_link_connected) refers to main.o(i.key_trans) for key_trans
    main.o(i.FSM_link_connected) refers to button.o(i.disable_key) for disable_key
    main.o(i.FSM_link_connected) refers to nrf24l01.o(i.NRF24L01_Send) for NRF24L01_Send
    main.o(i.FSM_link_connected) refers to nrf24l01.o(i.NRF24L01_TX_Mode) for NRF24L01_TX_Mode
    main.o(i.FSM_link_connected) refers to button.o(i.enable_key) for enable_key
    main.o(i.FSM_link_connected) refers to main.o(.data) for addr
    main.o(i.FSM_link_start) refers to _printf_percent.o(.ARM.Collect$$_printf_percent$$00000000) for _printf_percent
    main.o(i.FSM_link_start) refers to _printf_d.o(.ARM.Collect$$_printf_percent$$00000009) for _printf_d
    main.o(i.FSM_link_start) refers to _printf_dec.o(.text) for _printf_int_dec
    main.o(i.FSM_link_start) refers to rt_memclr_w.o(.text) for __aeabi_memclr4
    main.o(i.FSM_link_start) refers to display.o(i.oled_show_line1) for oled_show_line1
    main.o(i.FSM_link_start) refers to display.o(i.oled_show_line1_bmp) for oled_show_line1_bmp
    main.o(i.FSM_link_start) refers to display.o(i.oled_clear_line) for oled_clear_line
    main.o(i.FSM_link_start) refers to sys_config.o(i.read_addr) for read_addr
    main.o(i.FSM_link_start) refers to noretval__2sprintf.o(.text) for __2sprintf
    main.o(i.FSM_link_start) refers to oled.o(i.OLED_ShowString) for OLED_ShowString
    main.o(i.FSM_link_start) refers to oled.o(i.OLED_ShowCHinese) for OLED_ShowCHinese
    main.o(i.FSM_link_start) refers to button.o(i.get_key) for get_key
    main.o(i.FSM_link_start) refers to display.o(i.oled_show_line2) for oled_show_line2
    main.o(i.FSM_link_start) refers to button.o(i.get_addr) for get_addr
    main.o(i.FSM_link_start) refers to nrf24l01.o(i.NRF24L01_TX_Mode) for NRF24L01_TX_Mode
    main.o(i.FSM_link_start) refers to nrf24l01.o(i.NRF24L01_Send) for NRF24L01_Send
    main.o(i.FSM_link_start) refers to display.o(i.oled_show_line3) for oled_show_line3
    main.o(i.FSM_link_start) refers to stm32f10x_it.o(i.Delay_Ms) for Delay_Ms
    main.o(i.FSM_link_start) refers to sys_config.o(i.save_addr) for save_addr
    main.o(i.FSM_link_start) refers to main.o(.data) for addr
    main.o(i.FSM_link_start) refers to main.o(i.FSM_link_connected) for FSM_link_connected
    main.o(i.display_by_key) refers to display.o(i.oled_clear_line) for oled_clear_line
    main.o(i.display_by_key) refers to display.o(i.oled_show_line1) for oled_show_line1
    main.o(i.display_by_key) refers to display.o(i.oled_show_line2) for oled_show_line2
    main.o(i.display_by_key) refers to button.o(i.get_key) for get_key
    main.o(i.display_by_key) refers to main.o(.data) for fun_flag
    main.o(i.key_trans) refers to main.o(i.fun_xor) for fun_xor
    main.o(i.key_trans) refers to main.o(.data) for fun_flag
    main.o(i.main) refers to sys_config.o(i.RCC_Configuration) for RCC_Configuration
    main.o(i.main) refers to sys_config.o(i.NVIC_Configuration) for NVIC_Configuration
    main.o(i.main) refers to delay.o(i.delay_init) for delay_init
    main.o(i.main) refers to nrf24l01.o(i.spi_init) for spi_init
    main.o(i.main) refers to button.o(i.button_init) for button_init
    main.o(i.main) refers to oled.o(i.OLED_Init) for OLED_Init
    main.o(i.main) refers to 12864.o(i.LCD_Init) for LCD_Init
    main.o(i.main) refers to oled.o(i.OLED_Clear) for OLED_Clear
    main.o(i.main) refers to sys_config.o(i.ad_init) for ad_init
    main.o(i.main) refers to 12864.o(i.Init_display) for Init_display
    main.o(i.main) refers to button.o(i.get_key) for get_key
    main.o(i.main) refers to main.o(i.display_by_key) for display_by_key
    main.o(i.main) refers to main.o(.data) for me
    main.o(.data) refers to main.o(i.FSM_link_start) for FSM_link_start
    stm32f10x_it.o(i.Delay_Ms) refers to stm32f10x_it.o(.data) for delay_cnt
    stm32f10x_it.o(i.EXTI0_IRQHandler) refers to stm32f10x_exti.o(i.EXTI_ClearITPendingBit) for EXTI_ClearITPendingBit
    stm32f10x_it.o(i.EXTI15_10_IRQHandler) refers to stm32f10x_exti.o(i.EXTI_ClearITPendingBit) for EXTI_ClearITPendingBit
    stm32f10x_it.o(i.EXTI9_5_IRQHandler) refers to stm32f10x_exti.o(i.EXTI_ClearITPendingBit) for EXTI_ClearITPendingBit
    stm32f10x_it.o(i.Get_SysTick) refers to stm32f10x_it.o(.data) for cnt
    stm32f10x_it.o(i.SysTick_Handler) refers to stm32f10x_it.o(i.key_prograss) for key_prograss
    stm32f10x_it.o(i.SysTick_Handler) refers to stm32f10x_it.o(.data) for cnt
[...]
    Removing stm32f10x_usart.o(i.USART_ClockStructInit), (12 bytes).
    Removing stm32f10x_usart.o(i.USART_Cmd), (24 bytes).
    Removing stm32f10x_usart.o(i.USART_DMACmd), (18 bytes).
    Removing stm32f10x_usart.o(i.USART_DeInit), (156 bytes).
    Removing stm32f10x_usart.o(i.USART_GetFlagStatus), (26 bytes).
    Removing stm32f10x_usart.o(i.USART_GetITStatus), (84 bytes).
    Removing stm32f10x_usart.o(i.USART_HalfDuplexCmd), (24 bytes).
    Removing stm32f10x_usart.o(i.USART_ITConfig), (74 bytes).
    Removing stm32f10x_usart.o(i.USART_Init), (216 bytes).
    Removing stm32f10x_usart.o(i.USART_IrDACmd), (24 bytes).
    Removing stm32f10x_usart.o(i.USART_IrDAConfig), (18 bytes).
    Removing stm32f10x_usart.o(i.USART_LINBreakDetectLengthConfig), (18 bytes).
    Removing stm32f10x_usart.o(i.USART_LINCmd), (24 bytes).
    Removing stm32f10x_usart.o(i.USART_OneBitMethodCmd), (24 bytes).
    Removing stm32f10x_usart.o(i.USART_OverSampling8Cmd), (22 bytes).
    Removing stm32f10x_usart.o(i.USART_ReceiveData), (10 bytes).
    Removing stm32f10x_usart.o(i.USART_ReceiverWakeUpCmd), (24 bytes).
    Removing stm32f10x_usart.o(i.USART_SendBreak), (10 bytes).
    Removing stm32f10x_usart.o(i.USART_SendData), (8 bytes).
    Removing stm32f10x_usart.o(i.USART_SetAddress), (18 bytes).
    Removing stm32f10x_usart.o(i.USART_SetGuardTime), (16 bytes).
    Removing stm32f10x_usart.o(i.USART_SetPrescaler), (16 bytes).
    Removing stm32f10x_usart.o(i.USART_SmartCardCmd), (24 bytes).
    Removing stm32f10x_usart.o(i.USART_SmartCardNACKCmd), (24 bytes).
    Removing stm32f10x_usart.o(i.USART_StructInit), (24 bytes).
    Removing stm32f10x_usart.o(i.USART_WakeUpConfig), (18 bytes).
    Removing stm32f10x_wwdg.o(i.WWDG_ClearFlag), (12 bytes).
    Removing stm32f10x_wwdg.o(i.WWDG_DeInit), (22 bytes).
    Removing stm32f10x_wwdg.o(i.WWDG_Enable), (16 bytes).
    Removing stm32f10x_wwdg.o(i.WWDG_EnableIT), (12 bytes).
    Removing stm32f10x_wwdg.o(i.WWDG_GetFlagStatus), (12 bytes).
    Removing stm32f10x_wwdg.o(i.WWDG_SetCounter), (16 bytes).
    Removing stm32f10x_wwdg.o(i.WWDG_SetPrescaler), (24 bytes).
    Removing stm32f10x_wwdg.o(i.WWDG_SetWindowValue), (40 bytes).
    Removing system_stm32f10x.o(i.SystemCoreClockUpdate), (164 bytes).
    Removing core_cm3.o(.emb_text), (32 bytes).
    Removing sys_config.o(i.get_ad_val), (32 bytes).
    Removing oled.o(i.OLED_Display_Off), (28 bytes).
    Removing oled.o(i.OLED_Display_On), (28 bytes).
    Removing oled.o(i.OLED_ShowNum), (132 bytes).
    Removing oled.o(i.oled_pow), (22 bytes).
    Removing display.o(i.oled_clear_all), (8 bytes).
    Removing display.o(i.oled_show_string), (20 bytes).
    Removing delay.o(i.delay_ms), (76 bytes).

435 unused section(s) (total 17508 bytes) removed from the image.

==============================================================================

Image Symbol Table

    Local Symbols

    Symbol Name                              Value     Ov Type        Size  Object(Section)

    ../clib/angel/boardlib.s                 0x00000000   Number         0  boardinit1.o ABSOLUTE
    ../clib/angel/boardlib.s                 0x00000000   Number         0  boardinit2.o ABSOLUTE
    ../clib/angel/boardlib.s                 0x00000000   Number         0  boardinit3.o ABSOLUTE
    ../clib/angel/boardlib.s                 0x00000000   Number         0  boardshut.o ABSOLUTE
    ../clib/angel/dczerorl2.s                0x00000000   Number         0  __dczerorl2.o ABSOLUTE
    ../clib/angel/handlers.s                 0x00000000   Number         0  __scatter_zi.o ABSOLUTE
    ../clib/angel/kernel.s                   0x00000000   Number         0  rtexit.o ABSOLUTE
    ../clib/angel/kernel.s                   0x00000000   Number         0  rtexit2.o ABSOLUTE
    ../clib/angel/kernel.s                   0x00000000   Number         0  __rtentry.o ABSOLUTE
    ../clib/angel/kernel.s                   0x00000000   Number         0  __rtentry4.o ABSOLUTE
    ../clib/angel/kernel.s                   0x00000000   Number         0  __rtentry2.o ABSOLUTE
    ../clib/angel/rt.s                       0x00000000   Number         0  rt_raise.o ABSOLUTE
    ../clib/angel/scatter.s                  0x00000000   Number         0  __scatter.o ABSOLUTE
    ../clib/angel/startup.s                  0x00000000   Number         0  __main.o ABSOLUTE
    ../clib/angel/sys.s                      0x00000000   Number         0  use_no_semi.o ABSOLUTE
    ../clib/angel/sys.s                      0x00000000   Number         0  sys_stackheap_outer.o ABSOLUTE
    ../clib/angel/sys.s                      0x00000000   Number         0  libspace.o ABSOLUTE
    ../clib/angel/sys.s                      0x00000000   Number         0  indicate_semi.o ABSOLUTE
    ../clib/angel/sysapp.c                   0x00000000   Number         0  sys_command.o ABSOLUTE
    ../clib/angel/sysapp.c                   0x00000000   Number         0  sys_wrch.o ABSOLUTE
    ../clib/angel/sysapp.c                   0x00000000   Number         0  sys_exit.o ABSOLUTE
    ../clib/armsys.c                         0x00000000   Number         0  argv_veneer.o ABSOLUTE
    ../clib/armsys.c                         0x00000000   Number         0  no_argv.o ABSOLUTE
    ../clib/armsys.c                         0x00000000   Number         0  _get_argv_nomalloc.o ABSOLUTE
    ../clib/armsys.c                         0x00000000   Number         0  argv_veneer.o ABSOLUTE
    ../clib/heapalloc.c                      0x00000000   Number         0  hrguard.o ABSOLUTE
    ../clib/heapaux.c                        0x00000000   Number         0  heapauxi.o ABSOLUTE
    ../clib/libinit.s                        0x00000000   Number         0  libinit2.o ABSOLUTE
    ../clib/libinit.s                        0x00000000   Number         0  libinit.o ABSOLUTE
    ../clib/libinit.s                        0x00000000   Number         0  libshutdown2.o ABSOLUTE
    ../clib/libinit.s                        0x00000000   Number         0  libshutdown.o ABSOLUTE
    ../clib/memcpset.s                       0x00000000   Number         0  rt_memclr_w.o ABSOLUTE
    ../clib/printf.c                         0x00000000   Number         0  _printf_dec.o ABSOLUTE
    ../clib/printf.c                         0x00000000   Number         0  __printf_flags_ss.o ABSOLUTE
    ../clib/printf.c                         0x00000000   Number         0  __printf_wp.o ABSOLUTE
    ../clib/printf.c                         0x00000000   Number         0  __printf_flags_wp.o ABSOLUTE
    ../clib/printf.c                         0x00000000   Number         0  __printf_ss_wp.o ABSOLUTE
    ../clib/printf.c                         0x00000000   Number         0  __printf_flags_ss_wp.o ABSOLUTE
    ../clib/printf.c                         0x00000000   Number         0  __printf_nopercent.o ABSOLUTE
    ../clib/printf.c                         0x00000000   Number         0  __printf_ss.o ABSOLUTE
    ../clib/printf.c                         0x00000000   Number         0  __2sprintf.o ABSOLUTE
    ../clib/printf.c                         0x00000000   Number         0  noretval__2sprintf.o ABSOLUTE
    ../clib/printf.c                         0x00000000   Number         0  _sputc.o ABSOLUTE
    ../clib/printf.c                         0x00000000   Number         0  _printf_char_common.o ABSOLUTE
    ../clib/printf.c                         0x00000000   Number         0  __printf.o ABSOLUTE
    ../clib/printf.c                         0x00000000   Number         0  _printf_intcommon.o ABSOLUTE
    ../clib/printf.c                         0x00000000   Number         0  __printf_flags.o ABSOLUTE
    ../clib/printf_percent.s                 0x00000000   Number         0  _printf_percent_end.o ABSOLUTE
    ../clib/printf_percent.s                 0x00000000   Number         0  _printf_d.o ABSOLUTE
    ../clib/printf_percent.s                 0x00000000   Number         0  _printf_percent.o ABSOLUTE
    ../clib/signal.c                         0x00000000   Number         0  defsig_fpe_inner.o ABSOLUTE
    ../clib/signal.c                         0x00000000   Number         0  defsig_abrt_inner.o ABSOLUTE
    ../clib/signal.c                         0x00000000   Number         0  defsig_cppl_inner.o ABSOLUTE
    ../clib/signal.c                         0x00000000   Number         0  defsig_general.o ABSOLUTE
    ../clib/signal.c                         0x00000000   Number         0  __raise.o ABSOLUTE
    ../clib/signal.c                         0x00000000   Number         0  defsig_rtmem_inner.o ABSOLUTE
    ../clib/signal.c                         0x00000000   Number         0  defsig_exit.o ABSOLUTE
    ../clib/signal.c                         0x00000000   Number         0  defsig_segv_inner.o ABSOLUTE
    ../clib/signal.c                         0x00000000   Number         0  defsig_other.o ABSOLUTE
    ../clib/signal.c                         0x00000000   Number         0  defsig_rtred_inner.o ABSOLUTE
    ../clib/signal.c                         0x00000000   Number         0  defsig_stak_inner.o ABSOLUTE
    ../clib/signal.c                         0x00000000   Number         0  defsig_rtmem_formal.o ABSOLUTE
    ../clib/signal.c                         0x00000000   Number         0  defsig_rtmem_outer.o ABSOLUTE
    ../clib/signal.c                         0x00000000   Number         0  defsig_pvfn_inner.o ABSOLUTE
    ../clib/signal.s                         0x00000000   Number         0  defsig.o ABSOLUTE
    ../clib/stdlib.c                         0x00000000   Number         0  exit.o ABSOLUTE
    ../fplib/fpinit.s                        0x00000000   Number         0  fpinit.o ABSOLUTE
    ..\Libraries\CMSIS\CM3\CoreSupport\core_cm3.c 0x00000000   Number         0  core_cm3.o ABSOLUTE
    ..\Libraries\CMSIS\CM3\DeviceSupport\ST\STM32F10x\startup\arm\startup_stm32f10x_hd.s 0x00000000   Number         0  startup_stm32f10x_hd.o ABSOLUTE
    ..\Libraries\STM32F10x_StdPeriph_Driver\src\misc.c 0x00000000   Number         0  misc.o ABSOLUTE
    ..\Libraries\STM32F10x_StdPeriph_Driver\src\stm32f10x_adc.c 0x00000000   Number         0  stm32f10x_adc.o ABSOLUTE
    ..\Libraries\STM32F10x_StdPeriph_Driver\src\stm32f10x_bkp.c 0x00000000   Number         0  stm32f10x_bkp.o ABSOLUTE
    ..\Libraries\STM32F10x_StdPeriph_Driver\src\stm32f10x_can.c 0x00000000   Number         0  stm32f10x_can.o ABSOLUTE
    ..\Libraries\STM32F10x_StdPeriph_Driver\src\stm32f10x_cec.c 0x00000000   Number         0  stm32f10x_cec.o ABSOLUTE
    ..\Libraries\STM32F10x_StdPeriph_Driver\src\stm32f10x_crc.c 0x00000000   Number         0  stm32f10x_crc.o ABSOLUTE
    ..\Libraries\STM32F10x_StdPeriph_Driver\src\stm32f10x_dac.c 0x00000000   Number         0  stm32f10x_dac.o ABSOLUTE
    ..\Libraries\STM32F10x_StdPeriph_Driver\src\stm32f10x_dbgmcu.c 0x00000000   Number         0  stm32f10x_dbgmcu.o ABSOLUTE
    ..\Libraries\STM32F10x_StdPeriph_Driver\src\stm32f10x_dma.c 0x00000000   Number         0  stm32f10x_dma.o ABSOLUTE
    ..\Libraries\STM32F10x_StdPeriph_Driver\src\stm32f10x_exti.c 0x00000000   Number         0  stm32f10x_exti.o ABSOLUTE
    ..\Libraries\STM32F10x_StdPeriph_Driver\src\stm32f10x_flash.c 0x00000000   Number         0  stm32f10x_flash.o ABSOLUTE
    ..\Libraries\STM32F10x_StdPeriph_Driver\src\stm32f10x_fsmc.c 0x00000000   Number         0  stm32f10x_fsmc.o ABSOLUTE
    ..\Libraries\STM32F10x_StdPeriph_Driver\src\stm32f10x_gpio.c 0x00000000   Number         0  stm32f10x_gpio.o ABSOLUTE
    ..\Libraries\STM32F10x_StdPeriph_Driver\src\stm32f10x_i2c.c 0x00000000   Number         0  stm32f10x_i2c.o ABSOLUTE
    ..\Libraries\STM32F10x_StdPeriph_Driver\src\stm32f10x_iwdg.c 0x00000000   Number         0  stm32f10x_iwdg.o ABSOLUTE
    ..\Libraries\STM32F10x_StdPeriph_Driver\src\stm32f10x_pwr.c 0x00000000   Number         0  stm32f10x_pwr.o ABSOLUTE
    ..\Libraries\STM32F10x_StdPeriph_Driver\src\stm32f10x_rcc.c 0x00000000   Number         0  stm32f10x_rcc.o ABSOLUTE
    ..\Libraries\STM32F10x_StdPeriph_Driver\src\stm32f10x_rtc.c 0x00000000   Number         0  stm32f10x_rtc.o ABSOLUTE
    ..\Libraries\STM32F10x_StdPeriph_Driver\src\stm32f10x_sdio.c 0x00000000   Number         0  stm32f10x_sdio.o ABSOLUTE
    ..\Libraries\STM32F10x_StdPeriph_Driver\src\stm32f10x_spi.c 0x00000000   Number         0  stm32f10x_spi.o ABSOLUTE
    ..\Libraries\STM32F10x_StdPeriph_Driver\src\stm32f10x_tim.c 0x00000000   Number         0  stm32f10x_tim.o ABSOLUTE
    ..\Libraries\STM32F10x_StdPeriph_Driver\src\stm32f10x_usart.c 0x00000000   Number         0  stm32f10x_usart.o ABSOLUTE
    ..\Libraries\STM32F10x_StdPeriph_Driver\src\stm32f10x_wwdg.c 0x00000000   Number         0  stm32f10x_wwdg.o ABSOLUTE
    ..\User\main.c                           0x00000000   Number         0  main.o ABSOLUTE
    ..\User\stm32f10x_it.c                   0x00000000   Number         0  stm32f10x_it.o ABSOLUTE
    ..\User\system_stm32f10x.c               0x00000000   Number         0  system_stm32f10x.o ABSOLUTE
    ..\\Libraries\\CMSIS\\CM3\\CoreSupport\\core_cm3.c 0x00000000   Number         0  core_cm3.o ABSOLUTE
    ..\bsp_lib\12864.c                       0x00000000   Number         0  12864.o ABSOLUTE
    ..\bsp_lib\button.c                      0x00000000   Number         0  button.o ABSOLUTE
    ..\bsp_lib\delay.c                       0x00000000   Number         0  delay.o ABSOLUTE
    ..\bsp_lib\display.c                     0x00000000   Number         0  display.o ABSOLUTE
    ..\bsp_lib\nrf24l01.c                    0x00000000   Number         0  nrf24l01.o ABSOLUTE
    ..\bsp_lib\oled.c                        0x00000000   Number         0  oled.o ABSOLUTE
    ..\bsp_lib\sys_config.c                  0x00000000   Number         0  sys_config.o ABSOLUTE
    dc.s                                     0x00000000   Number         0  dc.o ABSOLUTE
    RESET                                    0x08000000   Section      304  startup_stm32f10x_hd.o(RESET)
    !!!main                                  0x08000130   Section        8  __main.o(!!!main)
    !!!scatter                               0x08000138   Section       52  __scatter.o(!!!scatter)
    !!dczerorl2                              0x0800016c   Section       90  __dczerorl2.o(!!dczerorl2)
    !!handler_zi                             0x080001c8   Section       28  __scatter_zi.o(!!handler_zi)
    .ARM.Collect$$_printf_percent$$00000000  0x080001e4   Section        0  _printf_percent.o(.ARM.Collect$$_printf_percent$$00000000)
    .ARM.Collect$$_printf_percent$$00000009  0x080001e4   Section        6  _printf_d.o(.ARM.Collect$$_printf_percent$$00000009)
    .ARM.Collect$$_printf_percent$$00000017  0x080001ea   Section        4  _printf_percent_end.o(.ARM.Collect$$_printf_percent$$00000017)
    .ARM.Collect$$libinit$$00000000          0x080001ee   Section        2  libinit.o(.ARM.Collect$$libinit$$00000000)
    .ARM.Collect$$libinit$$00000002          0x080001f0   Section        0  libinit2.o(.ARM.Collect$$libinit$$00000002)
    .ARM.Collect$$libinit$$00000004          0x080001f0   Section        0  libinit2.o(.ARM.Collect$$libinit$$00000004)
    .ARM.Collect$$libinit$$0000000A          0x080001f0   Section        0  libinit2.o(.ARM.Collect$$libinit$$0000000A)
    .ARM.Collect$$libinit$$0000000C          0x080001f0   Section        0  libinit2.o(.ARM.Collect$$libinit$$0000000C)
    .ARM.Collect$$libinit$$0000000E          0x080001f0   Section        0  libinit2.o(.ARM.Collect$$libinit$$0000000E)
    .ARM.Collect$$libinit$$00000011          0x080001f0   Section        0  libinit2.o(.ARM.Collect$$libinit$$00000011)
    .ARM.Collect$$libinit$$00000013          0x080001f0   Section        0  libinit2.o(.ARM.Collect$$libinit$$00000013)
    .ARM.Collect$$libinit$$00000015          0x080001f0   Section        0  libinit2.o(.ARM.Collect$$libinit$$00000015)
    .ARM.Collect$$libinit$$00000017          0x080001f0   Section        0  libinit2.o(.ARM.Collect$$libinit$$00000017)
    .ARM.Collect$$libinit$$00000019          0x080001f0   Section        0  libinit2.o(.ARM.Collect$$libinit$$00000019)
    .ARM.Collect$$libinit$$0000001B          0x080001f0   Section        0  libinit2.o(.ARM.Collect$$libinit$$0000001B)
    .ARM.Collect$$libinit$$0000001D          0x080001f0   Section        0  libinit2.o(.ARM.Collect$$libinit$$0000001D)
    .ARM.Collect$$libinit$$0000001F          0x080001f0   Section        0  libinit2.o(.ARM.Collect$$libinit$$0000001F)
    .ARM.Collect$$libinit$$00000021          0x080001f0   Section        0  libinit2.o(.ARM.Collect$$libinit$$00000021)
    .ARM.Collect$$libinit$$00000023          0x080001f0   Section        0  libinit2.o(.ARM.Collect$$libinit$$00000023)
    .ARM.Collect$$libinit$$00000025          0x080001f0   Section        0  libinit2.o(.ARM.Collect$$libinit$$00000025)
    .ARM.Collect$$libinit$$0000002C          0x080001f0   Section        0  libinit2.o(.ARM.Collect$$libinit$$0000002C)
    .ARM.Collect$$libinit$$0000002E          0x080001f0   Section        0  libinit2.o(.ARM.Collect$$libinit$$0000002E)
    .ARM.Collect$$libinit$$00000030          0x080001f0   Section        0  libinit2.o(.ARM.Collect$$libinit$$00000030)
    .ARM.Collect$$libinit$$00000032          0x080001f0   Section        0  libinit2.o(.ARM.Collect$$libinit$$00000032)
    .ARM.Collect$$libinit$$00000033          0x080001f0   Section        2  libinit2.o(.ARM.Collect$$libinit$$00000033)
    .ARM.Collect$$libshutdown$$00000000      0x080001f2   Section        2  libshutdown.o(.ARM.Collect$$libshutdown$$00000000)
    .ARM.Collect$$libshutdown$$00000003      0x080001f4   Section        0  libshutdown2.o(.ARM.Collect$$libshutdown$$00000003)
    .ARM.Collect$$libshutdown$$00000006      0x080001f4   Section        0  libshutdown2.o(.ARM.Collect$$libshutdown$$00000006)
    .ARM.Collect$$libshutdown$$00000009      0x080001f4   Section        0  libshutdown2.o(.ARM.Collect$$libshutdown$$00000009)
    .ARM.Collect$$libshutdown$$0000000B      0x080001f4   Section        0  libshutdown2.o(.ARM.Collect$$libshutdown$$0000000B)
    .ARM.Collect$$libshutdown$$0000000E      0x080001f4   Section        0  libshutdown2.o(.ARM.Collect$$libshutdown$$0000000E)
    .ARM.Collect$$libshutdown$$0000000F      0x080001f4   Section        2  libshutdown2.o(.ARM.Collect$$libshutdown$$0000000F)
    .ARM.Collect$$rtentry$$00000000          0x080001f6   Section        0  __rtentry.o(.ARM.Collect$$rtentry$$00000000)
    .ARM.Collect$$rtentry$$00000002          0x080001f6   Section        0  __rtentry2.o(.ARM.Collect$$rtentry$$00000002)
    .ARM.Collect$$rtentry$$00000004          0x080001f6   Section        6  __rtentry4.o(.ARM.Collect$$rtentry$$00000004)
    .ARM.Collect$$rtentry$$00000009          0x080001fc   Section        0  __rtentry2.o(.ARM.Collect$$rtentry$$00000009)
    .ARM.Collect$$rtentry$$0000000A          0x080001fc   Section        4  __rtentry2.o(.ARM.Collect$$rtentry$$0000000A)
    .ARM.Collect$$rtentry$$0000000C          0x08000200   Section        0  __rtentry2.o(.ARM.Collect$$rtentry$$0000000C)
    .ARM.Collect$$rtentry$$0000000D          0x08000200   Section        8  __rtentry2.o(.ARM.Collect$$rtentry$$0000000D)
    .ARM.Collect$$rtexit$$00000000           0x08000208   Section        2  rtexit.o(.ARM.Collect$$rtexit$$00000000)
    .ARM.Collect$$rtexit$$00000002           0x0800020a   Section        0  rtexit2.o(.ARM.Collect$$rtexit$$00000002)
    .ARM.Collect$$rtexit$$00000003           0x0800020a   Section        4  rtexit2.o(.ARM.Collect$$rtexit$$00000003)
    .ARM.Collect$$rtexit$$00000004           0x0800020e   Section        6  rtexit2.o(.ARM.Collect$$rtexit$$00000004)
    .text                                    0x08000214   Section       64  startup_stm32f10x_hd.o(.text)
    .text                                    0x08000254   Section        0  noretval__2sprintf.o(.text)
    .text                                    0x0800027c   Section        0  __printf.o(.text)
    .text                                    0x080002e4   Section        0  _printf_dec.o(.text)
    .text                                    0x0800035c   Section       78  rt_memclr_w.o(.text)
    .text                                    0x080003aa   Section        0  heapauxi.o(.text)
    .text                                    0x080003b0   Section        0  _printf_intcommon.o(.text)
    .text                                    0x08000464   Section        0  _printf_char_common.o(.text)
    _printf_input_char                       0x08000465   Thumb Code    10  _printf_char_common.o(.text)
    .text                                    0x08000494   Section        0  _sputc.o(.text)
    .text                                    0x0800049e   Section       74  sys_stackheap_outer.o(.text)
    .text                                    0x080004e8   Section        0  exit.o(.text)
    .text                                    0x080004f4   Section        8  libspace.o(.text)
    .text                                    0x080004fc   Section        0  sys_exit.o(.text)
    .text                                    0x08000508   Section        2  use_no_semi.o(.text)
    .text                                    0x0800050a   Section        0  indicate_semi.o(.text)
    i.ADC_Cmd                                0x0800050a   Section        0  stm32f10x_adc.o(i.ADC_Cmd)
    i.ADC_DMACmd                             0x08000520   Section        0  stm32f10x_adc.o(i.ADC_DMACmd)
    i.ADC_GetCalibrationStatus               0x08000536   Section        0  stm32f10x_adc.o(i.ADC_GetCalibrationStatus)
    i.ADC_GetResetCalibrationStatus          0x0800054a   Section        0  stm32f10x_adc.o(i.ADC_GetResetCalibrationStatus)
    i.ADC_Init                               0x08000560   Section        0  stm32f10x_adc.o(i.ADC_Init)
    i.ADC_RegularChannelConfig               0x080005b0   Section        0  stm32f10x_adc.o(i.ADC_RegularChannelConfig)
    i.ADC_ResetCalibration                   0x08000668   Section        0  stm32f10x_adc.o(i.ADC_ResetCalibration)
    i.ADC_SoftwareStartConvCmd               0x08000672   Section        0  stm32f10x_adc.o(i.ADC_SoftwareStartConvCmd)
    i.ADC_StartCalibration                   0x08000688   Section        0  stm32f10x_adc.o(i.ADC_StartCalibration)
    i.BusFault_Handler                       0x08000692   Section        0  stm32f10x_it.o(i.BusFault_Handler)
    i.DMA_Cmd                                0x08000696   Section        0  stm32f10x_dma.o(i.DMA_Cmd)
    i.DMA_DeInit                             0x080006b0   Section        0  stm32f10x_dma.o(i.DMA_DeInit)
    i.DMA_Init                               0x080007fc   Section        0  stm32f10x_dma.o(i.DMA_Init)
    i.DebugMon_Handler                       0x08000838   Section        0  stm32f10x_it.o(i.DebugMon_Handler)
    i.Delay_Ms                               0x0800083c   Section        0  stm32f10x_it.o(i.Delay_Ms)
    i.EXTI0_IRQHandler                       0x08000854   Section        0  stm32f10x_it.o(i.EXTI0_IRQHandler)
    i.EXTI15_10_IRQHandler                   0x0800085e   Section        0  stm32f10x_it.o(i.EXTI15_10_IRQHandler)
    i.EXTI9_5_IRQHandler                     0x0800086a   Section        0  stm32f10x_it.o(i.EXTI9_5_IRQHandler)
    i.EXTI_ClearITPendingBit                 0x08000878   Section        0  stm32f10x_exti.o(i.EXTI_ClearITPendingBit)
    i.FLASH_ClearFlag                        0x08000884   Section        0  stm32f10x_flash.o(i.FLASH_ClearFlag)
    i.FLASH_ErasePage                        0x08000890   Section        0  stm32f10x_flash.o(i.FLASH_ErasePage)
    i.FLASH_GetBank1Status                   0x080008dc   Section        0  stm32f10x_flash.o(i.FLASH_GetBank1Status)
    i.FLASH_Lock                             0x08000910   Section        0  stm32f10x_flash.o(i.FLASH_Lock)
    i.FLASH_PrefetchBufferCmd                0x08000924   Section        0  stm32f10x_flash.o(i.FLASH_PrefetchBufferCmd)
    i.FLASH_ProgramHalfWord                  0x08000940   Section        0  stm32f10x_flash.o(i.FLASH_ProgramHalfWord)
    i.FLASH_SetLatency                       0x08000980   Section        0  stm32f10x_flash.o(i.FLASH_SetLatency)
    i.FLASH_Unlock                           0x08000998   Section        0  stm32f10x_flash.o(i.FLASH_Unlock)
    i.FLASH_WaitForLastOperation             0x080009b0   Section        0  stm32f10x_flash.o(i.FLASH_WaitForLastOperation)
    i.FSM_link_connected                     0x080009d8   Section        0  main.o(i.FSM_link_connected)
    i.FSM_link_start                         0x08000a34   Section        0  main.o(i.FSM_link_start)
    i.GPIO_Init                              0x08000b98   Section        0  stm32f10x_gpio.o(i.GPIO_Init)
    i.GPIO_ReadInputDataBit                  0x08000cae   Section        0  stm32f10x_gpio.o(i.GPIO_ReadInputDataBit)
    i.GPIO_ResetBits                         0x08000cc0   Section        0  stm32f10x_gpio.o(i.GPIO_ResetBits)
    i.GPIO_SetBits                           0x08000cc4   Section        0  stm32f10x_gpio.o(i.GPIO_SetBits)
    i.HardFault_Handler                      0x08000cc8   Section        0  stm32f10x_it.o(i.HardFault_Handler)
    i.Init_display                           0x08000ccc   Section        0  12864.o(i.Init_display)
    i.LCD_Init                               0x08000d3c   Section        0  12864.o(i.LCD_Init)
    i.MemManage_Handler                      0x08000d68   Section        0  stm32f10x_it.o(i.MemManage_Handler)
    i.NMI_Handler                            0x08000d6c   Section        0  stm32f10x_it.o(i.NMI_Handler)
    i.NRF24L01_Send                          0x08000d70   Section        0  nrf24l01.o(i.NRF24L01_Send)
    i.NRF24L01_TX_Mode                       0x08000e2c   Section        0  nrf24l01.o(i.NRF24L01_TX_Mode)
    i.NVIC_Configuration                     0x08000eb0   Section        0  sys_config.o(i.NVIC_Configuration)
    i.NVIC_PriorityGroupConfig               0x08000ec8   Section        0  misc.o(i.NVIC_PriorityGroupConfig)
    i.NVIC_SetVectorTable                    0x08000edc   Section        0  misc.o(i.NVIC_SetVectorTable)
    i.OLED_Clear                             0x08000ef0   Section        0  oled.o(i.OLED_Clear)
    i.OLED_DrawBMP                           0x08000f30   Section        0  oled.o(i.OLED_DrawBMP)
    i.OLED_Init                              0x08000fa8   Section        0  oled.o(i.OLED_Init)
    i.OLED_Set_Pos                           0x08001128   Section        0  oled.o(i.OLED_Set_Pos)
    i.OLED_ShowCHinese                       0x08001158   Section        0  oled.o(i.OLED_ShowCHinese)
    i.OLED_ShowChar                          0x080011c0   Section        0  oled.o(i.OLED_ShowChar)
    i.OLED_ShowString                        0x08001234   Section        0  oled.o(i.OLED_ShowString)
    i.OLED_WR_Byte                           0x0800126c   Section        0  oled.o(i.OLED_WR_Byte)
    i.PendSV_Handler                         0x080012e0   Section        0  stm32f10x_it.o(i.PendSV_Handler)
    i.RCC_AHBPeriphClockCmd                  0x080012e4   Section        0  stm32f10x_rcc.o(i.RCC_AHBPeriphClockCmd)
    i.RCC_APB1PeriphResetCmd                 0x08001304   Section        0  stm32f10x_rcc.o(i.RCC_APB1PeriphResetCmd)
    i.RCC_APB2PeriphClockCmd                 0x08001324   Section        0  stm32f10x_rcc.o(i.RCC_APB2PeriphClockCmd)
    i.RCC_APB2PeriphResetCmd                 0x08001344   Section        0  stm32f10x_rcc.o(i.RCC_APB2PeriphResetCmd)
    i.RCC_Configuration                      0x08001364   Section        0  sys_config.o(i.RCC_Configuration)
    i.RCC_DeInit                             0x08001434   Section        0  stm32f10x_rcc.o(i.RCC_DeInit)
    i.RCC_GetFlagStatus                      0x08001480   Section        0  stm32f10x_rcc.o(i.RCC_GetFlagStatus)
    i.RCC_GetSYSCLKSource                    0x080014bc   Section        0  stm32f10x_rcc.o(i.RCC_GetSYSCLKSource)
    i.RCC_HCLKConfig                         0x080014cc   Section        0  stm32f10x_rcc.o(i.RCC_HCLKConfig)
    i.RCC_HSEConfig                          0x080014e4   Section        0  stm32f10x_rcc.o(i.RCC_HSEConfig)
    i.RCC_HSICmd                             0x08001530   Section        0  stm32f10x_rcc.o(i.RCC_HSICmd)
    i.RCC_PCLK1Config                        0x0800153c   Section        0  stm32f10x_rcc.o(i.RCC_PCLK1Config)
    i.RCC_PCLK2Config                        0x08001554   Section        0  stm32f10x_rcc.o(i.RCC_PCLK2Config)
    i.RCC_PLLCmd                             0x0800156c   Section        0  stm32f10x_rcc.o(i.RCC_PLLCmd)
    i.RCC_PLLConfig                          0x08001578   Section        0  stm32f10x_rcc.o(i.RCC_PLLConfig)
    i.RCC_SYSCLKConfig                       0x08001594   Section        0  stm32f10x_rcc.o(i.RCC_SYSCLKConfig)
    i.SPI_Cmd                                0x080015ac   Section        0  stm32f10x_spi.o(i.SPI_Cmd)
    i.SPI_I2S_DeInit                         0x080015c4   Section        0  stm32f10x_spi.o(i.SPI_I2S_DeInit)
    i.SPI_I2S_GetFlagStatus                  0x0800161c   Section        0  stm32f10x_spi.o(i.SPI_I2S_GetFlagStatus)
    i.SPI_I2S_ReceiveData                    0x0800162e   Section        0  stm32f10x_spi.o(i.SPI_I2S_ReceiveData)
    i.SPI_I2S_SendData                       0x08001634   Section        0  stm32f10x_spi.o(i.SPI_I2S_SendData)
    i.SPI_Init                               0x08001638   Section        0  stm32f10x_spi.o(i.SPI_Init)
    i.SPI_Write_Buf                          0x08001674   Section        0  nrf24l01.o(i.SPI_Write_Buf)
    SPI_Write_Buf                            0x08001675   Thumb Code    64  nrf24l01.o(i.SPI_Write_Buf)
    i.SVC_Handler                            0x080016bc   Section        0  stm32f10x_it.o(i.SVC_Handler)
    i.SetSysClock                            0x080016be   Section        0  system_stm32f10x.o(i.SetSysClock)
    SetSysClock                              0x080016bf   Thumb Code     8  system_stm32f10x.o(i.SetSysClock)
    i.SetSysClockTo72                        0x080016c8   Section        0  system_stm32f10x.o(i.SetSysClockTo72)
    SetSysClockTo72                          0x080016c9   Thumb Code   214  system_stm32f10x.o(i.SetSysClockTo72)
    i.SysTick_CLKSourceConfig                0x080017a8   Section        0  misc.o(i.SysTick_CLKSourceConfig)
    i.SysTick_Handler                        0x080017d0   Section        0  stm32f10x_it.o(i.SysTick_Handler)
    i.SystemInit                             0x080017f4   Section        0  system_stm32f10x.o(i.SystemInit)
    i.UsageFault_Handler                     0x08001854   Section        0  stm32f10x_it.o(i.UsageFault_Handler)
    i.ad_init                                0x08001858   Section        0  sys_config.o(i.ad_init)
    i.beep                                   0x08001958   Section        0  button.o(i.beep)
    i.buf2addr                               0x08001990   Section        0  button.o(i.buf2addr)
    i.button_init                            0x08001a50   Section        0  button.o(i.button_init)
    i.data_send                              0x08001ac8   Section        0  12864.o(i.data_send)
    i.delay                                  0x08001b24   Section        0  button.o(i.delay)
    i.delay_init                             0x08001b30   Section        0  delay.o(i.delay_init)
    i.delay_us                               0x08001b74   Section        0  delay.o(i.delay_us)
    i.disable_key                            0x08001bc0   Section        0  button.o(i.disable_key)
    i.display_by_key                         0x08001bcc   Section        0  main.o(i.display_by_key)
    i.display_map                            0x08001d64   Section        0  12864.o(i.display_map)
    i.enable_key                             0x08001d9c   Section        0  button.o(i.enable_key)
    i.fun_xor                                0x08001da8   Section        0  main.o(i.fun_xor)
    fun_xor                                  0x08001da9   Thumb Code    24  main.o(i.fun_xor)
    i.get_addr                               0x08001dc0   Section        0  button.o(i.get_addr)
    i.get_key                                0x08001e80   Section        0  button.o(i.get_key)
    i.key_prograss                           0x08001ea0   Section        0  stm32f10x_it.o(i.key_prograss)
    i.key_trans                              0x08001f54   Section        0  main.o(i.key_trans)
    i.main                                   0x08001f94   Section        0  main.o(i.main)
    i.oled_clear_line                        0x08001fdc   Section        0  display.o(i.oled_clear_line)
    i.oled_show_line1                        0x0800200c   Section        0  display.o(i.oled_show_line1)
    i.oled_show_line1_bmp                    0x08002020   Section        0  display.o(i.oled_show_line1_bmp)
    i.oled_show_line2                        0x08002060   Section        0  display.o(i.oled_show_line2)
    i.oled_show_line3                        0x08002294   Section        0  display.o(i.oled_show_line3)
    i.put_key                                0x08002468   Section        0  button.o(i.put_key)
    i.read_addr                              0x08002490   Section        0  sys_config.o(i.read_addr)
    i.save_addr                              0x080024b8   Section        0  sys_config.o(i.save_addr)
    i.spi_init                               0x080024f4   Section        0  nrf24l01.o(i.spi_init)
    i.spi_read_reg                           0x080025c4   Section        0  nrf24l01.o(i.spi_read_reg)
    spi_read_reg                             0x080025c5   Thumb Code    64  nrf24l01.o(i.spi_read_reg)
    i.spi_tx_byte                            0x0800260c   Section        0  nrf24l01.o(i.spi_tx_byte)
    spi_tx_byte                              0x0800260d   Thumb Code    48  nrf24l01.o(i.spi_tx_byte)
    i.w_com                                  0x08002644   Section        0  12864.o(i.w_com)
    i.w_coms                                 0x08002648   Section        0  12864.o(i.w_coms)
    i.wait                                   0x08002668   Section        0  nrf24l01.o(i.wait)
    wait                                     0x08002669   Thumb Code    24  nrf24l01.o(i.wait)
    i.wdata                                  0x08002684   Section        0  12864.o(i.wdata)
    i.wdatas                                 0x08002690   Section        0  12864.o(i.wdatas)
    .constdata                               0x080026b0   Section     2072  oled.o(.constdata)
    .data                                    0x20000000   Section       36  main.o(.data)
    fun_flag                                 0x20000008   Data           4  main.o(.data)
    tmp                                      0x20000020   Data           4  main.o(.data)
    .data                                    0x20000024   Section      344  stm32f10x_it.o(.data)
    cnt                                      0x20000024   Data           4  stm32f10x_it.o(.data)
    delay_cnt                                0x20000028   Data           4  stm32f10x_it.o(.data)
    key                                      0x2000002c   Data         336  stm32f10x_it.o(.data)
    .data                                    0x2000017c   Section       20  system_stm32f10x.o(.data)
    .data                                    0x20000190   Section       42  nrf24l01.o(.data)
    .data                                    0x200001bc   Section       16  button.o(.data)
    key_enable                               0x200001bc   Data           4  button.o(.data)
    valid                                    0x200001c0   Data           4  button.o(.data)
    key                                      0x200001c4   Data           4  button.o(.data)
    i                                        0x200001c8   Data           4  button.o(.data)
    .data                                    0x200001cc   Section     3008  oled.o(.data)
    .data                                    0x20000d8c   Section        2  display.o(.data)
    x_pos                                    0x20000d8c   Data           1  display.o(.data)
    x_pos                                    0x20000d8d   Data           1  display.o(.data)
    .data                                    0x20000d90   Section     1037  12864.o(.data)
    .data                                    0x2000119e   Section        4  delay.o(.data)
    fac_us                                   0x2000119e   Data           1  delay.o(.data)
    fac_ms                                   0x200011a0   Data           2  delay.o(.data)
    .bss                                     0x200011a4   Section       32  sys_config.o(.bss)
    .bss                                     0x200011c4   Section       20  button.o(.bss)
    buf                                      0x200011c4   Data          20  button.o(.bss)
    .bss                                     0x200011d8   Section       96  libspace.o(.bss)
    HEAP                                     0x20001238   Section      512  startup_stm32f10x_hd.o(HEAP)
    Heap_Mem                                 0x20001238   Data         512  startup_stm32f10x_hd.o(HEAP)
    STACK                                    0x20001438   Section     1024  startup_stm32f10x_hd.o(STACK)
    Stack_Mem                                0x20001438   Data        1024  startup_stm32f10x_hd.o(STACK)
    __initial_sp                             0x20001838   Data           0  startup_stm32f10x_hd.o(STACK)

    Global Symbols

    Symbol Name                              Value     Ov Type        Size  Object(Section)

    BuildAttributes$$THM_ISAv4$P$D$K$B$S$PE$A:L22UL41UL21$X:L11$S22US41US21$IEEE1$IW$USESV6$~STKCKD$USESV7$~SHL$OSPACE$ROPI$EBA8$UX$STANDARDLIB$REQ8$PRES8$EABIv2 0x00000000   Number         0  anon$$obj.o ABSOLUTE
    __ARM_use_no_argv                        0x00000000   Number         0  main.o ABSOLUTE
    __ARM_exceptions_init                     - Undefined Weak Reference
    __alloca_initialize                       - Undefined Weak Reference
    __arm_preinit_                            - Undefined Weak Reference
    __cpp_initialize__aeabi_                  - Undefined Weak Reference
    __cxa_finalize                            - Undefined Weak Reference
    __rt_locale                               - Undefined Weak Reference
    __sigvec_lookup                           - Undefined Weak Reference
    _atexit_init                              - Undefined Weak Reference
    _call_atexit_fns                          - Undefined Weak Reference
    _clock_init                               - Undefined Weak Reference
    _fp_trap_init                             - Undefined Weak Reference
    _fp_trap_shutdown                         - Undefined Weak Reference
    _get_lc_collate                           - Undefined Weak Reference
    _get_lc_ctype                             - Undefined Weak Reference
    _get_lc_monetary                          - Undefined Weak Reference
    _get_lc_numeric                           - Undefined Weak Reference
    _get_lc_time                              - Undefined Weak Reference
    _getenv_init                              - Undefined Weak Reference
    _handle_redirection                       - Undefined Weak Reference
    _init_alloc                               - Undefined Weak Reference
    _init_user_alloc                          - Undefined Weak Reference
    _initio                                   - Undefined Weak Reference
    _printf_post_padding                      - Undefined Weak Reference
    _printf_pre_padding                       - Undefined Weak Reference
    _printf_truncate_signed                   - Undefined Weak Reference
    _printf_truncate_unsigned                 - Undefined Weak Reference
    _rand_init                                - Undefined Weak Reference
    _signal_finish                            - Undefined Weak Reference
    _signal_init                              - Undefined Weak Reference
    _terminate_alloc                          - Undefined Weak Reference
    _terminate_user_alloc                     - Undefined Weak Reference
    _terminateio                              - Undefined Weak Reference
    __Vectors_Size                           0x00000130   Number         0  startup_stm32f10x_hd.o ABSOLUTE
    __Vectors                                0x08000000   Data           4  startup_stm32f10x_hd.o(RESET)
    __Vectors_End                            0x08000130   Data           0  startup_stm32f10x_hd.o(RESET)
    __main                                   0x08000131   Thumb Code     8  __main.o(!!!main)
    __scatterload                            0x08000139   Thumb Code     0  __scatter.o(!!!scatter)
    __scatterload_rt2                        0x08000139   Thumb Code    44  __scatter.o(!!!scatter)
    __scatterload_rt2_thumb_only             0x08000139   Thumb Code     0  __scatter.o(!!!scatter)
    __scatterload_null                       0x08000147   Thumb Code     0  __scatter.o(!!!scatter)
    __decompress                             0x0800016d   Thumb Code    90  __dczerorl2.o(!!dczerorl2)
    __decompress1                            0x0800016d   Thumb Code     0  __dczerorl2.o(!!dczerorl2)
    __scatterload_zeroinit                   0x080001c9   Thumb Code    28  __scatter_zi.o(!!handler_zi)
    _printf_d                                0x080001e5   Thumb Code     0  _printf_d.o(.ARM.Collect$$_printf_percent$$00000009)
    _printf_percent                          0x080001e5   Thumb Code     0  _printf_percent.o(.ARM.Collect$$_printf_percent$$00000000)
    _printf_percent_end                      0x080001eb   Thumb Code     0  _printf_percent_end.o(.ARM.Collect$$_printf_percent$$00000017)
    __rt_lib_init                            0x080001ef   Thumb Code     0  libinit.o(.ARM.Collect$$libinit$$00000000)
    __rt_lib_init_alloca_1                   0x080001f1   Thumb Code     0  libinit2.o(.ARM.Collect$$libinit$$0000002E)
    __rt_lib_init_argv_1                     0x080001f1   Thumb Code     0  libinit2.o(.ARM.Collect$$libinit$$0000002C)
    __rt_lib_init_atexit_1                   0x080001f1   Thumb Code     0  libinit2.o(.ARM.Collect$$libinit$$0000001B)
    __rt_lib_init_clock_1                    0x080001f1   Thumb Code     0  libinit2.o(.ARM.Collect$$libinit$$00000021)
    __rt_lib_init_cpp_1                      0x080001f1   Thumb Code     0  libinit2.o(.ARM.Collect$$libinit$$00000032)
    __rt_lib_init_exceptions_1               0x080001f1   Thumb Code     0  libinit2.o(.ARM.Collect$$libinit$$00000030)
    __rt_lib_init_fp_1                       0x080001f1   Thumb Code     0  libinit2.o(.ARM.Collect$$libinit$$00000002)
    __rt_lib_init_fp_trap_1                  0x080001f1   Thumb Code     0  libinit2.o(.ARM.Collect$$libinit$$0000001F)
    __rt_lib_init_getenv_1                   0x080001f1   Thumb Code     0  libinit2.o(.ARM.Collect$$libinit$$00000023)
    __rt_lib_init_heap_1                     0x080001f1   Thumb Code     0  libinit2.o(.ARM.Collect$$libinit$$0000000A)
    __rt_lib_init_lc_collate_1               0x080001f1   Thumb Code     0  libinit2.o(.ARM.Collect$$libinit$$00000011)
    __rt_lib_init_lc_ctype_1                 0x080001f1   Thumb Code     0  libinit2.o(.ARM.Collect$$libinit$$00000013)
    __rt_lib_init_lc_monetary_1              0x080001f1   Thumb Code     0  libinit2.o(.ARM.Collect$$libinit$$00000015)
    __rt_lib_init_lc_numeric_1               0x080001f1   Thumb Code     0  libinit2.o(.ARM.Collect$$libinit$$00000017)
    __rt_lib_init_lc_time_1                  0x080001f1   Thumb Code     0  libinit2.o(.ARM.Collect$$libinit$$00000019)
    __rt_lib_init_preinit_1                  0x080001f1   Thumb Code     0  libinit2.o(.ARM.Collect$$libinit$$00000004)
    __rt_lib_init_rand_1                     0x080001f1   Thumb Code     0  libinit2.o(.ARM.Collect$$libinit$$0000000E)
    __rt_lib_init_return                     0x080001f1   Thumb Code     0  libinit2.o(.ARM.Collect$$libinit$$00000033)
    __rt_lib_init_signal_1                   0x080001f1   Thumb Code     0  libinit2.o(.ARM.Collect$$libinit$$0000001D)
    __rt_lib_init_stdio_1                    0x080001f1   Thumb Code     0  libinit2.o(.ARM.Collect$$libinit$$00000025)
    __rt_lib_init_user_alloc_1               0x080001f1   Thumb Code     0  libinit2.o(.ARM.Collect$$libinit$$0000000C)
    __rt_lib_shutdown                        0x080001f3   Thumb Code     0  libshutdown.o(.ARM.Collect$$libshutdown$$00000000)
    __rt_lib_shutdown_fp_trap_1              0x080001f5   Thumb Code     0  libshutdown2.o(.ARM.Collect$$libshutdown$$00000006)
    __rt_lib_shutdown_heap_1                 0x080001f5   Thumb Code     0  libshutdown2.o(.ARM.Collect$$libshutdown$$0000000E)
    __rt_lib_shutdown_return                 0x080001f5   Thumb Code     0  libshutdown2.o(.ARM.Collect$$libshutdown$$0000000F)
    __rt_lib_shutdown_signal_1               0x080001f5   Thumb Code     0  libshutdown2.o(.ARM.Collect$$libshutdown$$00000009)
    __rt_lib_shutdown_stdio_1                0x080001f5   Thumb Code     0  libshutdown2.o(.ARM.Collect$$libshutdown$$00000003)
    __rt_lib_shutdown_user_alloc_1           0x080001f5   Thumb Code     0  libshutdown2.o(.ARM.Collect$$libshutdown$$0000000B)
    __rt_entry                               0x080001f7   Thumb Code     0  __rtentry.o(.ARM.Collect$$rtentry$$00000000)
    __rt_entry_presh_1                       0x080001f7   Thumb Code     0  __rtentry2.o(.ARM.Collect$$rtentry$$00000002)
    __rt_entry_sh                            0x080001f7   Thumb Code     0  __rtentry4.o(.ARM.Collect$$rtentry$$00000004)
    __rt_entry_li                            0x080001fd   Thumb Code     0  __rtentry2.o(.ARM.Collect$$rtentry$$0000000A)
    __rt_entry_postsh_1                      0x080001fd   Thumb Code     0  __rtentry2.o(.ARM.Collect$$rtentry$$00000009)
    __rt_entry_main                          0x08000201   Thumb Code     0  __rtentry2.o(.ARM.Collect$$rtentry$$0000000D)
    __rt_entry_postli_1                      0x08000201   Thumb Code     0  __rtentry2.o(.ARM.Collect$$rtentry$$0000000C)
    __rt_exit                                0x08000209   Thumb Code     0  rtexit.o(.ARM.Collect$$rtexit$$00000000)
    __rt_exit_ls                             0x0800020b   Thumb Code     0  rtexit2.o(.ARM.Collect$$rtexit$$00000003)
    __rt_exit_prels_1                        0x0800020b   Thumb Code     0  rtexit2.o(.ARM.Collect$$rtexit$$00000002)
    __rt_exit_exit                           0x0800020f   Thumb Code     0  rtexit2.o(.ARM.Collect$$rtexit$$00000004)
    Reset_Handler                            0x08000215   Thumb Code     8  startup_stm32f10x_hd.o(.text)
    ADC1_2_IRQHandler                        0x0800022f   Thumb Code     0  startup_stm32f10x_hd.o(.text)
    ADC3_IRQHandler                          0x0800022f   Thumb Code     0  startup_stm32f10x_hd.o(.text)
    CAN1_RX1_IRQHandler                      0x0800022f   Thumb Code     0  startup_stm32f10x_hd.o(.text)
    CAN1_SCE_IRQHandler                      0x0800022f   Thumb Code     0  startup_stm32f10x_hd.o(.text)
    DMA1_Channel1_IRQHandler                 0x0800022f   Thumb Code     0  startup_stm32f10x_hd.o(.text)
    DMA1_Channel2_IRQHandler                 0x0800022f   Thumb Code     0  startup_stm32f10x_hd.o(.text)
    DMA1_Channel3_IRQHandler                 0x0800022f   Thumb Code     0  startup_stm32f10x_hd.o(.text)
    DMA1_Channel4_IRQHandler                 0x0800022f   Thumb Code     0  startup_stm32f10x_hd.o(.text)
    DMA1_Channel5_IRQHandler                 0x0800022f   Thumb Code     0  startup_stm32f10x_hd.o(.text)
    DMA1_Channel6_IRQHandler                 0x0800022f   Thumb Code     0  startup_stm32f10x_hd.o(.text)
    DMA1_Channel7_IRQHandler                 0x0800022f   Thumb Code     0  startup_stm32f10x_hd.o(.text)
    DMA2_Channel1_IRQHandler                 0x0800022f   Thumb Code     0  startup_stm32f10x_hd.o(.text)
    DMA2_Channel2_IRQHandler                 0x0800022f   Thumb Code     0  startup_stm32f10x_hd.o(.text)
    DMA2_Channel3_IRQHandler                 0x0800022f   Thumb Code     0  startup_stm32f10x_hd.o(.text)
    DMA2_Channel4_5_IRQHandler               0x0800022f   Thumb Code     0  startup_stm32f10x_hd.o(.text)
    EXTI1_IRQHandler                         0x0800022f   Thumb Code     0  startup_stm32f10x_hd.o(.text)
    EXTI2_IRQHandler                         0x0800022f   Thumb Code     0  startup_stm32f10x_hd.o(.text)
    EXTI3_IRQHandler                         0x0800022f   Thumb Code     0  startup_stm32f10x_hd.o(.text)
    EXTI4_IRQHandler                         0x0800022f   Thumb Code     0  startup_stm32f10x_hd.o(.text)
    FLASH_IRQHandler                         0x0800022f   Thumb Code     0  startup_stm32f10x_hd.o(.text)
    FSMC_IRQHandler                          0x0800022f   Thumb Code     0  startup_stm32f10x_hd.o(.text)
    I2C1_ER_IRQHandler                       0x0800022f   Thumb Code     0  startup_stm32f10x_hd.o(.text)
    I2C1_EV_IRQHandler                       0x0800022f   Thumb Code     0  startup_stm32f10x_hd.o(.text)
    I2C2_ER_IRQHandler                       0x0800022f   Thumb Code     0  startup_stm32f10x_hd.o(.text)
    I2C2_EV_IRQHandler                       0x0800022f   Thumb Code     0  startup_stm32f10x_hd.o(.text)
    PVD_IRQHandler                           0x0800022f   Thumb Code     0  startup_stm32f10x_hd.o(.text)
    RCC_IRQHandler                           0x0800022f   Thumb Code     0  startup_stm32f10x_hd.o(.text)
    RTCAlarm_IRQHandler                      0x0800022f   Thumb Code     0  startup_stm32f10x_hd.o(.text)
    RTC_IRQHandler                           0x0800022f   Thumb Code     0  startup_stm32f10x_hd.o(.text)
    SDIO_IRQHandler                          0x0800022f   Thumb Code     0  startup_stm32f10x_hd.o(.text)
    SPI1_IRQHandler                          0x0800022f   Thumb Code     0  startup_stm32f10x_hd.o(.text)
    SPI2_IRQHandler                          0x0800022f   Thumb Code     0  startup_stm32f10x_hd.o(.text)
    SPI3_IRQHandler                          0x0800022f   Thumb Code     0  startup_stm32f10x_hd.o(.text)
    TAMPER_IRQHandler                        0x0800022f   Thumb Code     0  startup_stm32f10x_hd.o(.text)
    TIM1_BRK_IRQHandler                      0x0800022f   Thumb Code     0  startup_stm32f10x_hd.o(.text)
    TIM1_CC_IRQHandler                       0x0800022f   Thumb Code     0  startup_stm32f10x_hd.o(.text)
    TIM1_TRG_COM_IRQHandler                  0x0800022f   Thumb Code     0  startup_stm32f10x_hd.o(.text)
    TIM1_UP_IRQHandler                       0x0800022f   Thumb Code     0  startup_stm32f10x_hd.o(.text)
    TIM2_IRQHandler                          0x0800022f   Thumb Code     0  startup_stm32f10x_hd.o(.text)
    TIM3_IRQHandler                          0x0800022f   Thumb Code     0  startup_stm32f10x_hd.o(.text)
    TIM4_IRQHandler                          0x0800022f   Thumb Code     0  startup_stm32f10x_hd.o(.text)
    TIM5_IRQHandler                          0x0800022f   Thumb Code     0  startup_stm32f10x_hd.o(.text)
    TIM6_IRQHandler                          0x0800022f   Thumb Code     0  startup_stm32f10x_hd.o(.text)
    TIM7_IRQHandler                          0x0800022f   Thumb Code     0  startup_stm32f10x_hd.o(.text)
    TIM8_BRK_IRQHandler                      0x0800022f   Thumb Code     0  startup_stm32f10x_hd.o(.text)
    TIM8_CC_IRQHandler                       0x0800022f   Thumb Code     0  startup_stm32f10x_hd.o(.text)
    TIM8_TRG_COM_IRQHandler                  0x0800022f   Thumb Code     0  startup_stm32f10x_hd.o(.text)
    TIM8_UP_IRQHandler                       0x0800022f   Thumb Code     0  startup_stm32f10x_hd.o(.text)
    UART4_IRQHandler                         0x0800022f   Thumb Code     0  startup_stm32f10x_hd.o(.text)
    UART5_IRQHandler                         0x0800022f   Thumb Code     0  startup_stm32f10x_hd.o(.text)
    USART1_IRQHandler                        0x0800022f   Thumb Code     0  startup_stm32f10x_hd.o(.text)
    USART2_IRQHandler                        0x0800022f   Thumb Code     0  startup_stm32f10x_hd.o(.text)
    USART3_IRQHandler                        0x0800022f   Thumb Code     0  startup_stm32f10x_hd.o(.text)
    USBWakeUp_IRQHandler                     0x0800022f   Thumb Code     0  startup_stm32f10x_hd.o(.text)
    USB_HP_CAN1_TX_IRQHandler                0x0800022f   Thumb Code     0  startup_stm32f10x_hd.o(.text)
    USB_LP_CAN1_RX0_IRQHandler               0x0800022f   Thumb Code     0  startup_stm32f10x_hd.o(.text)
    WWDG_IRQHandler                          0x0800022f   Thumb Code     0  startup_stm32f10x_hd.o(.text)
    __user_initial_stackheap                 0x08000231   Thumb Code     0  startup_stm32f10x_hd.o(.text)
    __2sprintf                               0x08000255   Thumb Code    34  noretval__2sprintf.o(.text)
    __printf                                 0x0800027d   Thumb Code   104  __printf.o(.text)
    _printf_int_dec                          0x080002e5   Thumb Code   104  _printf_dec.o(.text)
    __aeabi_memclr4                          0x0800035d   Thumb Code     0  rt_memclr_w.o(.text)
    __aeabi_memclr8                          0x0800035d   Thumb Code     0  rt_memclr_w.o(.text)
    __rt_memclr_w                            0x0800035d   Thumb Code    78  rt_memclr_w.o(.text)
    _memset_w                                0x08000361   Thumb Code     0  rt_memclr_w.o(.text)
    __use_two_region_memory                  0x080003ab   Thumb Code     2  heapauxi.o(.text)
    __rt_heap_escrow$2region                 0x080003ad   Thumb Code     2  heapauxi.o(.text)
    __rt_heap_expand$2region                 0x080003af   Thumb Code     2  heapauxi.o(.text)
    _printf_int_common                       0x080003b1   Thumb Code   178  _printf_intcommon.o(.text)
    _printf_char_common                      0x0800046f   Thumb Code    32  _printf_char_common.o(.text)
    _sputc                                   0x08000495   Thumb Code    10  _sputc.o(.text)
    __user_setup_stackheap                   0x0800049f   Thumb Code    74  sys_stackheap_outer.o(.text)
    exit                                     0x080004e9   Thumb Code    12  exit.o(.text)
    __user_libspace                          0x080004f5   Thumb Code     8  libspace.o(.text)
    __user_perproc_libspace                  0x080004f5   Thumb Code     0  libspace.o(.text)
    __user_perthread_libspace                0x080004f5   Thumb Code     0  libspace.o(.text)
    _sys_exit                                0x080004fd   Thumb Code     8  sys_exit.o(.text)
    __I$use$semihosting                      0x08000509   Thumb Code     0  use_no_semi.o(.text)
    __use_no_semihosting_swi                 0x08000509   Thumb Code     2  use_no_semi.o(.text)
    ADC_Cmd                                  0x0800050b   Thumb Code    22  stm32f10x_adc.o(i.ADC_Cmd)
    __semihosting_library_function           0x0800050b   Thumb Code     0  indicate_semi.o(.text)
    ADC_DMACmd                               0x08000521   Thumb Code    22  stm32f10x_adc.o(i.ADC_DMACmd)
    ADC_GetCalibrationStatus                 0x08000537   Thumb Code    20  stm32f10x_adc.o(i.ADC_GetCalibrationStatus)
    ADC_GetResetCalibrationStatus            0x0800054b   Thumb Code    20  stm32f10x_adc.o(i.ADC_GetResetCalibrationStatus)
    ADC_Init                                 0x08000561   Thumb Code    70  stm32f10x_adc.o(i.ADC_Init)
    ADC_RegularChannelConfig                 0x080005b1   Thumb Code   184  stm32f10x_adc.o(i.ADC_RegularChannelConfig)
    ADC_ResetCalibration                     0x08000669   Thumb Code    10  stm32f10x_adc.o(i.ADC_ResetCalibration)
    ADC_SoftwareStartConvCmd                 0x08000673   Thumb Code    22  stm32f10x_adc.o(i.ADC_SoftwareStartConvCmd)
    ADC_StartCalibration                     0x08000689   Thumb Code    10  stm32f10x_adc.o(i.ADC_StartCalibration)
    BusFault_Handler                         0x08000693   Thumb Code     4  stm32f10x_it.o(i.BusFault_Handler)
    DMA_Cmd                                  0x08000697   Thumb Code    24  stm32f10x_dma.o(i.DMA_Cmd)
    DMA_DeInit                               0x080006b1   Thumb Code   324  stm32f10x_dma.o(i.DMA_DeInit)
    DMA_Init                                 0x080007fd   Thumb Code    60  stm32f10x_dma.o(i.DMA_Init)
    DebugMon_Handler                         0x08000839   Thumb Code     2  stm32f10x_it.o(i.DebugMon_Handler)
    Delay_Ms                                 0x0800083d   Thumb Code    18  stm32f10x_it.o(i.Delay_Ms)
    EXTI0_IRQHandler                         0x08000855   Thumb Code    10  stm32f10x_it.o(i.EXTI0_IRQHandler)
    EXTI15_10_IRQHandler                     0x0800085f   Thumb Code    12  stm32f10x_it.o(i.EXTI15_10_IRQHandler)
    EXTI9_5_IRQHandler                       0x0800086b   Thumb Code    12  stm32f10x_it.o(i.EXTI9_5_IRQHandler)
    EXTI_ClearITPendingBit                   0x08000879   Thumb Code     6  stm32f10x_exti.o(i.EXTI_ClearITPendingBit)
    FLASH_ClearFlag                          0x08000885   Thumb Code     6  stm32f10x_flash.o(i.FLASH_ClearFlag)
    FLASH_ErasePage                          0x08000891   Thumb Code    72  stm32f10x_flash.o(i.FLASH_ErasePage)
    FLASH_GetBank1Status                     0x080008dd   Thumb Code    48  stm32f10x_flash.o(i.FLASH_GetBank1Status)
    FLASH_Lock                               0x08000911   Thumb Code    14  stm32f10x_flash.o(i.FLASH_Lock)
    FLASH_PrefetchBufferCmd                  0x08000925   Thumb Code    22  stm32f10x_flash.o(i.FLASH_PrefetchBufferCmd)
    FLASH_ProgramHalfWord                    0x08000941   Thumb Code    60  stm32f10x_flash.o(i.FLASH_ProgramHalfWord)
    FLASH_SetLatency                         0x08000981   Thumb Code    18  stm32f10x_flash.o(i.FLASH_SetLatency)
    FLASH_Unlock                             0x08000999   Thumb Code    12  stm32f10x_flash.o(i.FLASH_Unlock)
    FLASH_WaitForLastOperation               0x080009b1   Thumb Code    38  stm32f10x_flash.o(i.FLASH_WaitForLastOperation)
    FSM_link_connected                       0x080009d9   Thumb Code    88  main.o(i.FSM_link_connected)
    FSM_link_start                           0x08000a35   Thumb Code   322  main.o(i.FSM_link_start)
    GPIO_Init                                0x08000b99   Thumb Code   278  stm32f10x_gpio.o(i.GPIO_Init)
    GPIO_ReadInputDataBit                    0x08000caf   Thumb Code    18  stm32f10x_gpio.o(i.GPIO_ReadInputDataBit)
    GPIO_ResetBits                           0x08000cc1   Thumb Code     4  stm32f10x_gpio.o(i.GPIO_ResetBits)
    GPIO_SetBits                             0x08000cc5   Thumb Code     4  stm32f10x_gpio.o(i.GPIO_SetBits)
    HardFault_Handler                        0x08000cc9   Thumb Code     4  stm32f10x_it.o(i.HardFault_Handler)
    Init_display                             0x08000ccd   Thumb Code   104  12864.o(i.Init_display)
    LCD_Init                                 0x08000d3d   Thumb Code    38  12864.o(i.LCD_Init)
    MemManage_Handler                        0x08000d69   Thumb Code     4  stm32f10x_it.o(i.MemManage_Handler)
    NMI_Handler                              0x08000d6d   Thumb Code     2  stm32f10x_it.o(i.NMI_Handler)
    NRF24L01_Send                            0x08000d71   Thumb Code   180  nrf24l01.o(i.NRF24L01_Send)
    NRF24L01_TX_Mode                         0x08000e2d   Thumb Code   128  nrf24l01.o(i.NRF24L01_TX_Mode)
    NVIC_Configuration                       0x08000eb1   Thumb Code    22  sys_config.o(i.NVIC_Configuration)
    NVIC_PriorityGroupConfig                 0x08000ec9   Thumb Code    10  misc.o(i.NVIC_PriorityGroupConfig)
    NVIC_SetVectorTable                      0x08000edd   Thumb Code    12  misc.o(i.NVIC_SetVectorTable)
    OLED_Clear                               0x08000ef1   Thumb Code    64  oled.o(i.OLED_Clear)
    OLED_DrawBMP                             0x08000f31   Thumb Code   118  oled.o(i.OLED_DrawBMP)
    OLED_Init                                0x08000fa9   Thumb Code   376  oled.o(i.OLED_Init)
    OLED_Set_Pos                             0x08001129   Thumb Code    46  oled.o(i.OLED_Set_Pos)
    OLED_ShowCHinese                         0x08001159   Thumb Code    98  oled.o(i.OLED_ShowCHinese)
    OLED_ShowChar                            0x080011c1   Thumb Code   110  oled.o(i.OLED_ShowChar)
    OLED_ShowString                          0x08001235   Thumb Code    54  oled.o(i.OLED_ShowString)
    OLED_WR_Byte                             0x0800126d   Thumb Code   108  oled.o(i.OLED_WR_Byte)
    PendSV_Handler                           0x080012e1   Thumb Code     2  stm32f10x_it.o(i.PendSV_Handler)
    RCC_AHBPeriphClockCmd                    0x080012e5   Thumb Code    26  stm32f10x_rcc.o(i.RCC_AHBPeriphClockCmd)
    RCC_APB1PeriphResetCmd                   0x08001305   Thumb Code    26  stm32f10x_rcc.o(i.RCC_APB1PeriphResetCmd)
    RCC_APB2PeriphClockCmd                   0x08001325   Thumb Code    26  stm32f10x_rcc.o(i.RCC_APB2PeriphClockCmd)
    RCC_APB2PeriphResetCmd                   0x08001345   Thumb Code    26  stm32f10x_rcc.o(i.RCC_APB2PeriphResetCmd)
    RCC_Configuration                        0x08001365   Thumb Code   196  sys_config.o(i.RCC_Configuration)
    RCC_DeInit                               0x08001435   Thumb Code    64  stm32f10x_rcc.o(i.RCC_DeInit)
    RCC_GetFlagStatus                        0x08001481   Thumb Code    56  stm32f10x_rcc.o(i.RCC_GetFlagStatus)
    RCC_GetSYSCLKSource                      0x080014bd   Thumb Code    10  stm32f10x_rcc.o(i.RCC_GetSYSCLKSource)
    RCC_HCLKConfig                           0x080014cd   Thumb Code    18  stm32f10x_rcc.o(i.RCC_HCLKConfig)
    RCC_HSEConfig                            0x080014e5   Thumb Code    70  stm32f10x_rcc.o(i.RCC_HSEConfig)
    RCC_HSICmd                               0x08001531   Thumb Code     6  stm32f10x_rcc.o(i.RCC_HSICmd)
    RCC_PCLK1Config                          0x0800153d   Thumb Code    18  stm32f10x_rcc.o(i.RCC_PCLK1Config)
    RCC_PCLK2Config                          0x08001555   Thumb Code    20  stm32f10x_rcc.o(i.RCC_PCLK2Config)
    RCC_PLLCmd                               0x0800156d   Thumb Code     6  stm32f10x_rcc.o(i.RCC_PLLCmd)
    RCC_PLLConfig                            0x08001579   Thumb Code    24  stm32f10x_rcc.o(i.RCC_PLLConfig)
    RCC_SYSCLKConfig                         0x08001595   Thumb Code    18  stm32f10x_rcc.o(i.RCC_SYSCLKConfig)
    SPI_Cmd                                  0x080015ad   Thumb Code    24  stm32f10x_spi.o(i.SPI_Cmd)
    SPI_I2S_DeInit                           0x080015c5   Thumb Code    76  stm32f10x_spi.o(i.SPI_I2S_DeInit)
    SPI_I2S_GetFlagStatus                    0x0800161d   Thumb Code    18  stm32f10x_spi.o(i.SPI_I2S_GetFlagStatus)
    SPI_I2S_ReceiveData                      0x0800162f   Thumb Code     6  stm32f10x_spi.o(i.SPI_I2S_ReceiveData)
    SPI_I2S_SendData                         0x08001635   Thumb Code     4  stm32f10x_spi.o(i.SPI_I2S_SendData)
    SPI_Init                                 0x08001639   Thumb Code    60  stm32f10x_spi.o(i.SPI_Init)
    SVC_Handler                              0x080016bd   Thumb Code     2  stm32f10x_it.o(i.SVC_Handler)
    SysTick_CLKSourceConfig                  0x080017a9   Thumb Code    40  misc.o(i.SysTick_CLKSourceConfig)
    SysTick_Handler                          0x080017d1   Thumb Code    28  stm32f10x_it.o(i.SysTick_Handler)
    SystemInit                               0x080017f5   Thumb Code    78  system_stm32f10x.o(i.SystemInit)
    UsageFault_Handler                       0x08001855   Thumb Code     4  stm32f10x_it.o(i.UsageFault_Handler)
    ad_init                                  0x08001859   Thumb Code   238  sys_config.o(i.ad_init)
    beep                                     0x08001959   Thumb Code    52  button.o(i.beep)
    buf2addr                                 0x08001991   Thumb Code   192  button.o(i.buf2addr)
    button_init                              0x08001a51   Thumb Code   108  button.o(i.button_init)
    data_send                                0x08001ac9   Thumb Code    86  12864.o(i.data_send)
    delay                                    0x08001b25   Thumb Code    12  button.o(i.delay)
    delay_init                               0x08001b31   Thumb Code    50  delay.o(i.delay_init)
    delay_us                                 0x08001b75   Thumb Code    72  delay.o(i.delay_us)
    disable_key                              0x08001bc1   Thumb Code     8  button.o(i.disable_key)
    display_by_key                           0x08001bcd   Thumb Code   390  main.o(i.display_by_key)
    display_map                              0x08001d65   Thumb Code    56  12864.o(i.display_map)
    enable_key                               0x08001d9d   Thumb Code     8  button.o(i.enable_key)
    get_addr                                 0x08001dc1   Thumb Code   184  button.o(i.get_addr)
    get_key                                  0x08001e81   Thumb Code    22  button.o(i.get_key)
    key_prograss                             0x08001ea1   Thumb Code   176  stm32f10x_it.o(i.key_prograss)
    key_trans                                0x08001f55   Thumb Code    60  main.o(i.key_trans)
    main                                     0x08001f95   Thumb Code    68  main.o(i.main)
    oled_clear_line                          0x08001fdd   Thumb Code    42  display.o(i.oled_clear_line)
    oled_show_line1                          0x0800200d   Thumb Code    18  display.o(i.oled_show_line1)
    oled_show_line1_bmp                      0x08002021   Thumb Code    54  display.o(i.oled_show_line1_bmp)
    oled_show_line2                          0x08002061   Thumb Code   560  display.o(i.oled_show_line2)
    oled_show_line3                          0x08002295   Thumb Code   462  display.o(i.oled_show_line3)
    put_key                                  0x08002469   Thumb Code    28  button.o(i.put_key)
    read_addr                                0x08002491   Thumb Code    36  sys_config.o(i.read_addr)
    save_addr                                0x080024b9   Thumb Code    54  sys_config.o(i.save_addr)
    spi_init                                 0x080024f5   Thumb Code   192  nrf24l01.o(i.spi_init)
    w_com                                    0x08002645   Thumb Code     2  12864.o(i.w_com)
    w_coms                                   0x08002649   Thumb Code    28  12864.o(i.w_coms)
    wdata                                    0x08002685   Thumb Code    12  12864.o(i.wdata)
    wdatas                                   0x08002691   Thumb Code    28  12864.o(i.wdatas)
    F6x8                                     0x080026b0   Data         552  oled.o(.constdata)
    F8X16                                    0x080028d8   Data        1520  oled.o(.constdata)
    Region$$Table$$Base                      0x08002ec8   Number         0  anon$$obj.o(Region$$Table)
    Region$$Table$$Limit                     0x08002ee8   Number         0  anon$$obj.o(Region$$Table)
    nrf24l01                                 0x20000000   Data           7  main.o(.data)
    addr                                     0x2000000c   Data           5  main.o(.data)
    me                                       0x20000014   Data          12  main.o(.data)
    SystemCoreClock                          0x2000017c   Data           4  system_stm32f10x.o(.data)
    AHBPrescTable                            0x20000180   Data          16  system_stm32f10x.o(.data)
    TX_ADDRESS                               0x20000190   Data           5  nrf24l01.o(.data)
    RX_ADDRESS                               0x20000195   Data           5  nrf24l01.o(.data)
    SendBuff                                 0x2000019a   Data          32  nrf24l01.o(.data)
    Hzk                                      0x200001cc   Data        2944  oled.o(.data)
    BmpSignal                                0x20000d4c   Data          32  oled.o(.data)
    BmpNoSignal                              0x20000d6c   Data          32  oled.o(.data)
    p                                        0x20000d90   Data           4  12864.o(.data)
    q                                        0x20000d94   Data           4  12864.o(.data)
    s                                        0x20000d98   Data           4  12864.o(.data)
    flag                                     0x20000d9c   Data           1  12864.o(.data)
    niu                                      0x20000d9d   Data        1024  12864.o(.data)
    ADCConvertedValue                        0x200011a4   Data          32  sys_config.o(.bss)
    __libspace_start                         0x200011d8   Data          96  libspace.o(.bss)
    __temporary_stack_top$libspace           0x20001238   Data           0  libspace.o(.bss)



==============================================================================

Memory Map of the image

  Image Entry point : 0x08000131

  Load Region LR_IROM1 (Base: 0x08000000, Size: 0x0000408c, Max: 0x00020000, ABSOLUTE, COMPRESSED[0x00003674])

    Execution Region ER_IROM1 (Base: 0x08000000, Size: 0x00002ee8, Max: 0x00020000, ABSOLUTE)

    Base Addr    Size         Type   Attr      Idx    E Section Name        Object

    0x08000000   0x00000130   Data   RO         3234    RESET               startup_stm32f10x_hd.o
    0x08000130   0x00000008   Code   RO         3697  * !!!main             c_w.l(__main.o)
    0x08000138   0x00000034   Code   RO         3864    !!!scatter          c_w.l(__scatter.o)
    0x0800016c   0x0000005a   Code   RO         3862    !!dczerorl2         c_w.l(__dczerorl2.o)
    0x080001c6   0x00000002   PAD
    0x080001c8   0x0000001c   Code   RO         3866    !!handler_zi        c_w.l(__scatter_zi.o)
    0x080001e4   0x00000000   Code   RO         3692    .ARM.Collect$$_printf_percent$$00000000  c_w.l(_printf_percent.o)
    0x080001e4   0x00000006   Code   RO         3691    .ARM.Collect$$_printf_percent$$00000009  c_w.l(_printf_d.o)
    0x080001ea   0x00000004   Code   RO         3706    .ARM.Collect$$_printf_percent$$00000017  c_w.l(_printf_percent_end.o)
    0x080001ee   0x00000002   Code   RO         3733    .ARM.Collect$$libinit$$00000000  c_w.l(libinit.o)
    0x080001f0   0x00000000   Code   RO         3740    .ARM.Collect$$libinit$$00000002  c_w.l(libinit2.o)
    0x080001f0   0x00000000   Code   RO         3742    .ARM.Collect$$libinit$$00000004  c_w.l(libinit2.o)
    0x080001f0   0x00000000   Code   RO         3745    .ARM.Collect$$libinit$$0000000A  c_w.l(libinit2.o)
    0x080001f0   0x00000000   Code   RO         3747    .ARM.Collect$$libinit$$0000000C  c_w.l(libinit2.o)
    0x080001f0   0x00000000   Code   RO         3749    .ARM.Collect$$libinit$$0000000E  c_w.l(libinit2.o)
    0x080001f0   0x00000000   Code   RO         3752    .ARM.Collect$$libinit$$00000011  c_w.l(libinit2.o)
    0x080001f0   0x00000000   Code   RO         3754    .ARM.Collect$$libinit$$00000013  c_w.l(libinit2.o)
    0x080001f0   0x00000000   Code   RO         3756    .ARM.Collect$$libinit$$00000015  c_w.l(libinit2.o)
    0x080001f0   0x00000000   Code   RO         3758    .ARM.Collect$$libinit$$00000017  c_w.l(libinit2.o)
    0x080001f0   0x00000000   Code   RO         3760    .ARM.Collect$$libinit$$00000019  c_w.l(libinit2.o)
    0x080001f0   0x00000000   Code   RO         3762    .ARM.Collect$$libinit$$0000001B  c_w.l(libinit2.o)
    0x080001f0   0x00000000   Code   RO         3764    .ARM.Collect$$libinit$$0000001D  c_w.l(libinit2.o)
    0x080001f0   0x00000000   Code   RO         3766    .ARM.Collect$$libinit$$0000001F  c_w.l(libinit2.o)
    0x080001f0   0x00000000   Code   RO         3768    .ARM.Collect$$libinit$$00000021  c_w.l(libinit2.o)
    0x080001f0   0x00000000   Code   RO         3770    .ARM.Collect$$libinit$$00000023  c_w.l(libinit2.o)
    0x080001f0   0x00000000   Code   RO         3772    .ARM.Collect$$libinit$$00000025  c_w.l(libinit2.o)
    0x080001f0   0x00000000   Code   RO         3776    .ARM.Collect$$libinit$$0000002C  c_w.l(libinit2.o)
    0x080001f0   0x00000000   Code   RO         3778    .ARM.Collect$$libinit$$0000002E  c_w.l(libinit2.o)
    0x080001f0   0x00000000   Code   RO         3780    .ARM.Collect$$libinit$$00000030  c_w.l(libinit2.o)
    0x080001f0   0x00000000   Code   RO         3782    .ARM.Collect$$libinit$$00000032  c_w.l(libinit2.o)
    0x080001f0   0x00000002   Code   RO         3783    .ARM.Collect$$libinit$$00000033  c_w.l(libinit2.o)
    0x080001f2   0x00000002   Code   RO         3803    .ARM.Collect$$libshutdown$$00000000  c_w.l(libshutdown.o)
    0x080001f4   0x00000000   Code   RO         3817    .ARM.Collect$$libshutdown$$00000003  c_w.l(libshutdown2.o)
    0x080001f4   0x00000000   Code   RO         3820    .ARM.Collect$$libshutdown$$00000006  c_w.l(libshutdown2.o)
    0x080001f4   0x00000000   Code   RO         3823    .ARM.Collect$$libshutdown$$00000009  c_w.l(libshutdown2.o)
    0x080001f4   0x00000000   Code   RO         3825    .ARM.Collect$$libshutdown$$0000000B  c_w.l(libshutdown2.o)
    0x080001f4   0x00000000   Code   RO         3828    .ARM.Collect$$libshutdown$$0000000E  c_w.l(libshutdown2.o)
    0x080001f4   0x00000002   Code   RO         3829    .ARM.Collect$$libshutdown$$0000000F  c_w.l(libshutdown2.o)
    0x080001f6   0x00000000   Code   RO         3699    .ARM.Collect$$rtentry$$00000000  c_w.l(__rtentry.o)
    0x080001f6   0x00000000   Code   RO         3708    .ARM.Collect$$rtentry$$00000002  c_w.l(__rtentry2.o)
    0x080001f6   0x00000006   Code   RO         3720    .ARM.Collect$$rtentry$$00000004  c_w.l(__rtentry4.o)
    0x080001fc   0x00000000   Code   RO         3710    .ARM.Collect$$rtentry$$00000009  c_w.l(__rtentry2.o)
    0x080001fc   0x00000004   Code   RO         3711    .ARM.Collect$$rtentry$$0000000A  c_w.l(__rtentry2.o)
    0x08000200   0x00000000   Code   RO         3713    .ARM.Collect$$rtentry$$0000000C  c_w.l(__rtentry2.o)
    0x08000200   0x00000008   Code   RO         3714    .ARM.Collect$$rtentry$$0000000D  c_w.l(__rtentry2.o)
    0x08000208   0x00000002   Code   RO         3737    .ARM.Collect$$rtexit$$00000000  c_w.l(rtexit.o)
    0x0800020a   0x00000000   Code   RO         3785    .ARM.Collect$$rtexit$$00000002  c_w.l(rtexit2.o)
    0x0800020a   0x00000004   Code   RO         3786    .ARM.Collect$$rtexit$$00000003  c_w.l(rtexit2.o)
    0x0800020e   0x00000006   Code   RO         3787    .ARM.Collect$$rtexit$$00000004  c_w.l(rtexit2.o)
    0x08000214   0x00000040   Code   RO         3235    .text               startup_stm32f10x_hd.o
    0x08000254   0x00000028   Code   RO         3665    .text               c_w.l(noretval__2sprintf.o)
    0x0800027c   0x00000068   Code   RO         3667    .text               c_w.l(__printf.o)
    0x080002e4   0x00000078   Code   RO         3669    .text               c_w.l(_printf_dec.o)
    0x0800035c   0x0000004e   Code   RO         3693    .text               c_w.l(rt_memclr_w.o)
    0x080003aa   0x00000006   Code   RO         3695    .text               c_w.l(heapauxi.o)
    0x080003b0   0x000000b2   Code   RO         3700    .text               c_w.l(_printf_intcommon.o)
    0x08000462   0x00000002   PAD
    0x08000464   0x00000030   Code   RO         3702    .text               c_w.l(_printf_char_common.o)
    0x08000494   0x0000000a   Code   RO         3704    .text               c_w.l(_sputc.o)
    0x0800049e   0x0000004a   Code   RO         3724    .text               c_w.l(sys_stackheap_outer.o)
    0x080004e8   0x0000000c   Code   RO         3726    .text               c_w.l(exit.o)
    0x080004f4   0x00000008   Code   RO         3734    .text               c_w.l(libspace.o)
    0x080004fc   0x0000000c   Code   RO         3795    .text               c_w.l(sys_exit.o)
    0x08000508   0x00000002   Code   RO         3806    .text               c_w.l(use_no_semi.o)
    0x0800050a   0x00000000   Code   RO         3808    .text               c_w.l(indicate_semi.o)
    0x0800050a   0x00000016   Code   RO          307    i.ADC_Cmd           stm32f10x_adc.o
    0x08000520   0x00000016   Code   RO          308    i.ADC_DMACmd        stm32f10x_adc.o
    0x08000536   0x00000014   Code   RO          315    i.ADC_GetCalibrationStatus  stm32f10x_adc.o
    0x0800054a   0x00000014   Code   RO          321    i.ADC_GetResetCalibrationStatus  stm32f10x_adc.o
    0x0800055e   0x00000002   PAD
    0x08000560   0x00000050   Code   RO          325    i.ADC_Init          stm32f10x_adc.o
    0x080005b0   0x000000b8   Code   RO          329    i.ADC_RegularChannelConfig  stm32f10x_adc.o
    0x08000668   0x0000000a   Code   RO          330    i.ADC_ResetCalibration  stm32f10x_adc.o
    0x08000672   0x00000016   Code   RO          332    i.ADC_SoftwareStartConvCmd  stm32f10x_adc.o
    0x08000688   0x0000000a   Code   RO          334    i.ADC_StartCalibration  stm32f10x_adc.o
    0x08000692   0x00000004   Code   RO          167    i.BusFault_Handler  stm32f10x_it.o
    0x08000696   0x00000018   Code   RO          992    i.DMA_Cmd           stm32f10x_dma.o
    0x080006ae   0x00000002   PAD
    0x080006b0   0x0000014c   Code   RO          993    i.DMA_DeInit        stm32f10x_dma.o
    0x080007fc   0x0000003c   Code   RO          998    i.DMA_Init          stm32f10x_dma.o
    0x08000838   0x00000002   Code   RO          168    i.DebugMon_Handler  stm32f10x_it.o
    0x0800083a   0x00000002   PAD
    0x0800083c   0x00000018   Code   RO          169    i.Delay_Ms          stm32f10x_it.o
    0x08000854   0x0000000a   Code   RO          170    i.EXTI0_IRQHandler  stm32f10x_it.o
    0x0800085e   0x0000000c   Code   RO          171    i.EXTI15_10_IRQHandler  stm32f10x_it.o
    0x0800086a   0x0000000c   Code   RO          172    i.EXTI9_5_IRQHandler  stm32f10x_it.o
    0x08000876   0x00000002   PAD
    0x08000878   0x0000000c   Code   RO         1063    i.EXTI_ClearITPendingBit  stm32f10x_exti.o
    0x08000884   0x0000000c   Code   RO         1116    i.FLASH_ClearFlag   stm32f10x_flash.o
    0x08000890   0x0000004c   Code   RO         1121    i.FLASH_ErasePage   stm32f10x_flash.o
    0x080008dc   0x00000034   Code   RO         1122    i.FLASH_GetBank1Status  stm32f10x_flash.o
    0x08000910   0x00000014   Code   RO         1131    i.FLASH_Lock        stm32f10x_flash.o
    0x08000924   0x0000001c   Code   RO         1133    i.FLASH_PrefetchBufferCmd  stm32f10x_flash.o
    0x08000940   0x00000040   Code   RO         1134    i.FLASH_ProgramHalfWord  stm32f10x_flash.o
    0x08000980   0x00000018   Code   RO         1138    i.FLASH_SetLatency  stm32f10x_flash.o
    0x08000998   0x00000018   Code   RO         1139    i.FLASH_Unlock      stm32f10x_flash.o
    0x080009b0   0x00000026   Code   RO         1143    i.FLASH_WaitForLastOperation  stm32f10x_flash.o
    0x080009d6   0x00000002   PAD
    0x080009d8   0x0000005c   Code   RO            1    i.FSM_link_connected  main.o
    0x08000a34   0x00000164   Code   RO            3    i.FSM_link_start    main.o
    0x08000b98   0x00000116   Code   RO         1416    i.GPIO_Init         stm32f10x_gpio.o
    0x08000cae   0x00000012   Code   RO         1420    i.GPIO_ReadInputDataBit  stm32f10x_gpio.o
    0x08000cc0   0x00000004   Code   RO         1423    i.GPIO_ResetBits    stm32f10x_gpio.o
    0x08000cc4   0x00000004   Code   RO         1424    i.GPIO_SetBits      stm32f10x_gpio.o
    0x08000cc8   0x00000004   Code   RO          174    i.HardFault_Handler  stm32f10x_it.o
    0x08000ccc   0x00000070   Code   RO         3578    i.Init_display      12864.o
    0x08000d3c   0x0000002c   Code   RO         3579    i.LCD_Init          12864.o
    0x08000d68   0x00000004   Code   RO          175    i.MemManage_Handler  stm32f10x_it.o
    0x08000d6c   0x00000002   Code   RO          176    i.NMI_Handler       stm32f10x_it.o
    0x08000d6e   0x00000002   PAD
    0x08000d70   0x000000bc   Code   RO         3333    i.NRF24L01_Send     nrf24l01.o
    0x08000e2c   0x00000084   Code   RO         3334    i.NRF24L01_TX_Mode  nrf24l01.o
    0x08000eb0   0x00000016   Code   RO         3284    i.NVIC_Configuration  sys_config.o
    0x08000ec6   0x00000002   PAD
    0x08000ec8   0x00000014   Code   RO          266    i.NVIC_PriorityGroupConfig  misc.o
    0x08000edc   0x00000014   Code   RO          267    i.NVIC_SetVectorTable  misc.o
    0x08000ef0   0x00000040   Code   RO         3443    i.OLED_Clear        oled.o
    0x08000f30   0x00000076   Code   RO         3446    i.OLED_DrawBMP      oled.o
    0x08000fa6   0x00000002   PAD
    0x08000fa8   0x00000180   Code   RO         3447    i.OLED_Init         oled.o
    0x08001128   0x0000002e   Code   RO         3448    i.OLED_Set_Pos      oled.o
    0x08001156   0x00000002   PAD
    0x08001158   0x00000068   Code   RO         3449    i.OLED_ShowCHinese  oled.o
    0x080011c0   0x00000074   Code   RO         3450    i.OLED_ShowChar     oled.o
    0x08001234   0x00000036   Code   RO         3452    i.OLED_ShowString   oled.o
    0x0800126a   0x00000002   PAD
    0x0800126c   0x00000074   Code   RO         3453    i.OLED_WR_Byte      oled.o
    0x080012e0   0x00000002   Code   RO          177    i.PendSV_Handler    stm32f10x_it.o
    0x080012e2   0x00000002   PAD
    0x080012e4   0x00000020   Code   RO         1831    i.RCC_AHBPeriphClockCmd  stm32f10x_rcc.o
    0x08001304   0x00000020   Code   RO         1833    i.RCC_APB1PeriphResetCmd  stm32f10x_rcc.o
    0x08001324   0x00000020   Code   RO         1834    i.RCC_APB2PeriphClockCmd  stm32f10x_rcc.o
    0x08001344   0x00000020   Code   RO         1835    i.RCC_APB2PeriphResetCmd  stm32f10x_rcc.o
    0x08001364   0x000000d0   Code   RO         3285    i.RCC_Configuration  sys_config.o
    0x08001434   0x0000004c   Code   RO         1841    i.RCC_DeInit        stm32f10x_rcc.o
    0x08001480   0x0000003c   Code   RO         1843    i.RCC_GetFlagStatus  stm32f10x_rcc.o
    0x080014bc   0x00000010   Code   RO         1845    i.RCC_GetSYSCLKSource  stm32f10x_rcc.o
    0x080014cc   0x00000018   Code   RO         1846    i.RCC_HCLKConfig    stm32f10x_rcc.o
    0x080014e4   0x0000004c   Code   RO         1847    i.RCC_HSEConfig     stm32f10x_rcc.o
    0x08001530   0x0000000c   Code   RO         1848    i.RCC_HSICmd        stm32f10x_rcc.o
    0x0800153c   0x00000018   Code   RO         1853    i.RCC_PCLK1Config   stm32f10x_rcc.o
    0x08001554   0x00000018   Code   RO         1854    i.RCC_PCLK2Config   stm32f10x_rcc.o
    0x0800156c   0x0000000c   Code   RO         1855    i.RCC_PLLCmd        stm32f10x_rcc.o
    0x08001578   0x0000001c   Code   RO         1856    i.RCC_PLLConfig     stm32f10x_rcc.o
    0x08001594   0x00000018   Code   RO         1859    i.RCC_SYSCLKConfig  stm32f10x_rcc.o
    0x080015ac   0x00000018   Code   RO         2311    i.SPI_Cmd           stm32f10x_spi.o
    0x080015c4   0x00000058   Code   RO         2318    i.SPI_I2S_DeInit    stm32f10x_spi.o
    0x0800161c   0x00000012   Code   RO         2319    i.SPI_I2S_GetFlagStatus  stm32f10x_spi.o
    0x0800162e   0x00000006   Code   RO         2322    i.SPI_I2S_ReceiveData  stm32f10x_spi.o
    0x08001634   0x00000004   Code   RO         2323    i.SPI_I2S_SendData  stm32f10x_spi.o
    0x08001638   0x0000003c   Code   RO         2324    i.SPI_Init          stm32f10x_spi.o
    0x08001674   0x00000048   Code   RO         3335    i.SPI_Write_Buf     nrf24l01.o
    0x080016bc   0x00000002   Code   RO          178    i.SVC_Handler       stm32f10x_it.o
    0x080016be   0x00000008   Code   RO         3240    i.SetSysClock       system_stm32f10x.o
    0x080016c6   0x00000002   PAD
    0x080016c8   0x000000e0   Code   RO         3241    i.SetSysClockTo72   system_stm32f10x.o
    0x080017a8   0x00000028   Code   RO          269    i.SysTick_CLKSourceConfig  misc.o
    0x080017d0   0x00000024   Code   RO          179    i.SysTick_Handler   stm32f10x_it.o
    0x080017f4   0x00000060   Code   RO         3243    i.SystemInit        system_stm32f10x.o
    0x08001854   0x00000004   Code   RO          180    i.UsageFault_Handler  stm32f10x_it.o
    0x08001858   0x00000100   Code   RO         3286    i.ad_init           sys_config.o
    0x08001958   0x00000038   Code   RO         3380    i.beep              button.o
    0x08001990   0x000000c0   Code   RO         3381    i.buf2addr          button.o
    0x08001a50   0x00000078   Code   RO         3382    i.button_init       button.o
    0x08001ac8   0x0000005c   Code   RO         3580    i.data_send         12864.o
    0x08001b24   0x0000000c   Code   RO         3383    i.delay             button.o
    0x08001b30   0x00000044   Code   RO         3635    i.delay_init        delay.o
    0x08001b74   0x0000004c   Code   RO         3637    i.delay_us          delay.o
    0x08001bc0   0x0000000c   Code   RO         3384    i.disable_key       button.o
    0x08001bcc   0x00000198   Code   RO            4    i.display_by_key    main.o
    0x08001d64   0x00000038   Code   RO         3581    i.display_map       12864.o
    0x08001d9c   0x0000000c   Code   RO         3385    i.enable_key        button.o
    0x08001da8   0x00000018   Code   RO            5    i.fun_xor           main.o
    0x08001dc0   0x000000c0   Code   RO         3386    i.get_addr          button.o
    0x08001e80   0x00000020   Code   RO         3387    i.get_key           button.o
    0x08001ea0   0x000000b4   Code   RO          181    i.key_prograss      stm32f10x_it.o
    0x08001f54   0x00000040   Code   RO            6    i.key_trans         main.o
    0x08001f94   0x00000048   Code   RO            7    i.main              main.o
    0x08001fdc   0x00000030   Code   RO         3529    i.oled_clear_line   display.o
    0x0800200c   0x00000012   Code   RO         3530    i.oled_show_line1   display.o
    0x0800201e   0x00000002   PAD
    0x08002020   0x00000040   Code   RO         3531    i.oled_show_line1_bmp  display.o
    0x08002060   0x00000234   Code   RO         3532    i.oled_show_line2   display.o
    0x08002294   0x000001d4   Code   RO         3533    i.oled_show_line3   display.o
    0x08002468   0x00000028   Code   RO         3388    i.put_key           button.o
    0x08002490   0x00000028   Code   RO         3288    i.read_addr         sys_config.o
    0x080024b8   0x0000003c   Code   RO         3289    i.save_addr         sys_config.o
    0x080024f4   0x000000d0   Code   RO         3336    i.spi_init          nrf24l01.o
    0x080025c4   0x00000048   Code   RO         3337    i.spi_read_reg      nrf24l01.o
    0x0800260c   0x00000038   Code   RO         3338    i.spi_tx_byte       nrf24l01.o
    0x08002644   0x00000002   Code   RO         3582    i.w_com             12864.o
    0x08002646   0x00000002   PAD
    0x08002648   0x00000020   Code   RO         3583    i.w_coms            12864.o
    0x08002668   0x0000001c   Code   RO         3339    i.wait              nrf24l01.o
    0x08002684   0x0000000c   Code   RO         3584    i.wdata             12864.o
    0x08002690   0x00000020   Code   RO         3585    i.wdatas            12864.o
    0x080026b0   0x00000818   Data   RO         3455    .constdata          oled.o
    0x08002ec8   0x00000020   Data   RO         3860    Region$$Table       anon$$obj.o


    Execution Region RW_IRAM1 (Base: 0x20000000, Size: 0x00001838, Max: 0x00005000, ABSOLUTE, COMPRESSED[0x0000078c])

    Base Addr    Size         Type   Attr      Idx    E Section Name        Object

    0x20000000   0x00000024   Data   RW            8    .data               main.o
    0x20000024   0x00000158   Data   RW          182    .data               stm32f10x_it.o
    0x2000017c   0x00000014   Data   RW         3244    .data               system_stm32f10x.o
    0x20000190   0x0000002a   Data   RW         3340    .data               nrf24l01.o
    0x200001ba   0x00000002   PAD
    0x200001bc   0x00000010   Data   RW         3390    .data               button.o
    0x200001cc   0x00000bc0   Data   RW         3456    .data               oled.o
    0x20000d8c   0x00000002   Data   RW         3535    .data               display.o
    0x20000d8e   0x00000002   PAD
    0x20000d90   0x0000040d   Data   RW         3586    .data               12864.o
    0x2000119d   0x00000001   PAD
    0x2000119e   0x00000004   Data   RW         3638    .data               delay.o
    0x200011a2   0x00000002   PAD
    0x200011a4   0x00000020   Zero   RW         3290    .bss                sys_config.o
    0x200011c4   0x00000014   Zero   RW         3389    .bss                button.o
    0x200011d8   0x00000060   Zero   RW         3735    .bss                c_w.l(libspace.o)
    0x20001238   0x00000200   Zero   RW         3233    HEAP                startup_stm32f10x_hd.o
    0x20001438   0x00000400   Zero   RW         3232    STACK               startup_stm32f10x_hd.o


==============================================================================

Image component sizes


      Code (inc. data)   RO Data    RW Data    ZI Data      Debug   Object Name

       382         28          0       1037          0       6235   12864.o
       668         54          0         16         20       5558   button.o
       144         22          0          4          0       1164   delay.o
      1162         46          0          2          0       3710   display.o
      1016         78          0         36          0     257965   main.o
        80         18          0          0          0       1699   misc.o
       756         56          0         42          0       5635   nrf24l01.o
      1002         28       2072       3008          0       6130   oled.o
        64         26        304          0       1536        944   startup_stm32f10x_hd.o
       390         10          0          0          0       7793   stm32f10x_adc.o
       416          8          0          0          0       3606   stm32f10x_dma.o
        12          6          0          0          0        565   stm32f10x_exti.o
       338         48          0          0          0       5369   stm32f10x_flash.o
       304          0          0          0          0       3864   stm32f10x_gpio.o
       298         18          0        344          0       7023   stm32f10x_it.o
       504         90          0          0          0       8804   stm32f10x_rcc.o
       200         12          0          0          0       4695   stm32f10x_spi.o
       586         40          0          0         32      18974   sys_config.o
       328         28          0         20          0       2201   system_stm32f10x.o

    ----------------------------------------------------------------------
      8678        616       2408       4516       1588     351934   Object Totals
         0          0         32          0          0          0   (incl. Generated)
        28          0          0          7          0          0   (incl. Padding)

    ----------------------------------------------------------------------

      Code (inc. data)   RO Data    RW Data    ZI Data      Debug   Library Member Name

        90          0          0          0          0          0   __dczerorl2.o
         8          0          0          0          0         68   __main.o
       104          0          0          0          0         84   __printf.o
         0          0          0          0          0          0   __rtentry.o
        12          0          0          0          0          0   __rtentry2.o
         6          0          0          0          0          0   __rtentry4.o
        52          8          0          0          0          0   __scatter.o
        28          0          0          0          0          0   __scatter_zi.o
        48          6          0          0          0         96   _printf_char_common.o
         6          0          0          0          0          0   _printf_d.o
       120         16          0          0          0         92   _printf_dec.o
       178          0          0          0          0         88   _printf_intcommon.o
         0          0          0          0          0          0   _printf_percent.o
         4          0          0          0          0          0   _printf_percent_end.o
        10          0          0          0          0         68   _sputc.o
        12          0          0          0          0         72   exit.o
         6          0          0          0          0        152   heapauxi.o
         0          0          0          0          0          0   indicate_semi.o
         2          0          0          0          0          0   libinit.o
         2          0          0          0          0          0   libinit2.o
         2          0          0          0          0          0   libshutdown.o
         2          0          0          0          0          0   libshutdown2.o
         8          4          0          0         96         68   libspace.o
        40          6          0          0          0         84   noretval__2sprintf.o
        78          0          0          0          0         80   rt_memclr_w.o
         2          0          0          0          0          0   rtexit.o
        10          0          0          0          0          0   rtexit2.o
        12          4          0          0          0         68   sys_exit.o
        74          0          0          0          0         80   sys_stackheap_outer.o
         2          0          0          0          0         68   use_no_semi.o

    ----------------------------------------------------------------------
       922         44          0          0         96       1168   Library Totals
         4          0          0          0          0          0   (incl. Padding)

    ----------------------------------------------------------------------

      Code (inc. data)   RO Data    RW Data    ZI Data      Debug   Library Name

       918         44          0          0         96       1168   c_w.l

    ----------------------------------------------------------------------
       922         44          0          0         96       1168   Library Totals

    ----------------------------------------------------------------------

==============================================================================


      Code (inc. data)   RO Data    RW Data    ZI Data      Debug   

      9600        660       2408       4516       1684     346754   Grand Totals
      9600        660       2408       1932       1684     346754   ELF Image Totals (compressed)
      9600        660       2408       1932          0          0   ROM Totals

==============================================================================

    Total RO  Size (Code + RO Data)                12008 (  11.73kB)
    Total RW  Size (RW Data + ZI Data)              6200 (   6.05kB)
    Total ROM Size (Code + RO Data + RW Data)      13940 (  13.61kB)

==============================================================================

