Component: ARM Compiler 5.05 update 2 (build 169) Tool: armlink [4d0f33]

==============================================================================

Section Cross References

    main.o(i.FSM_link_connected) refers to rt_memclr_w.o(.text) for __aeabi_memclr4
    main.o(i.FSM_link_connected) refers to lcd_display.o(i.lcd_show_line3) for lcd_show_line3
    main.o(i.FSM_link_connected) refers to stm32f10x_it.o(i.Delay_Ms) for Delay_Ms
    main.o(i.FSM_link_connected) refers to main.o(i.key_trans) for key_trans
    main.o(i.FSM_link_connected) refers to button.o(i.disable_key) for disable_key
    main.o(i.FSM_link_connected) refers to nrf24l01.o(i.NRF24L01_Send) for NRF24L01_Send
    main.o(i.FSM_link_connected) refers to nrf24l01.o(i.NRF24L01_TX_Mode) for NRF24L01_TX_Mode
    main.o(i.FSM_link_connected) refers to button.o(i.enable_key) for enable_key
    main.o(i.FSM_link_connected) refers to main.o(.data) for addr
    main.o(i.FSM_link_start) refers to _printf_percent.o(.ARM.Collect$$_printf_percent$$00000000) for _printf_percent
    main.o(i.FSM_link_start) refers to _printf_d.o(.ARM.Collect$$_printf_percent$$00000009) for _printf_d
    main.o(i.FSM_link_start) refers to _printf_dec.o(.text) for _printf_int_dec
    main.o(i.FSM_link_start) refers to rt_memclr_w.o(.text) for __aeabi_memclr4
    main.o(i.FSM_link_start) refers to st7565.o(i.LCD_P8x16Str) for LCD_P8x16Str
    main.o(i.FSM_link_start) refers to st7565.o(i.LCD_show_line1_bmp) for LCD_show_line1_bmp
    main.o(i.FSM_link_start) refers to display.o(i.oled_clear_line) for oled_clear_line
    main.o(i.FSM_link_start) refers to sys_config.o(i.save_addr) for save_addr
    main.o(i.FSM_link_start) refers to sys_config.o(i.read_addr) for read_addr
    main.o(i.FSM_link_start) refers to lcd_display.o(i.lcd_clear_line) for lcd_clear_line
    main.o(i.FSM_link_start) refers to noretval__2sprintf.o(.text) for __2sprintf
    main.o(i.FSM_link_start) refers to 12864.o(i.LCD_ShowCHinese) for LCD_ShowCHinese
    main.o(i.FSM_link_start) refers to button.o(i.get_key) for get_key
    main.o(i.FSM_link_start) refers to lcd_display.o(i.lcd_show_line2) for lcd_show_line2
    main.o(i.FSM_link_start) refers to button.o(i.get_addr) for get_addr
    main.o(i.FSM_link_start) refers to display.o(i.oled_show_line2) for oled_show_line2
    main.o(i.FSM_link_start) refers to nrf24l01.o(i.NRF24L01_TX_Mode) for NRF24L01_TX_Mode
    main.o(i.FSM_link_start) refers to nrf24l01.o(i.NRF24L01_Send) for NRF24L01_Send
    main.o(i.FSM_link_start) refers to lcd_display.o(i.lcd_show_line3) for lcd_show_line3
    main.o(i.FSM_link_start) refers to stm32f10x_it.o(i.Delay_Ms) for Delay_Ms
    main.o(i.FSM_link_start) refers to lcd_display.o(i.lcd_show_line1) for lcd_show_line1
    main.o(i.FSM_link_start) refers to main.o(.data) for addr
    main.o(i.FSM_link_start) refers to main.o(i.FSM_link_connected) for FSM_link_connected
    main.o(i.display_by_key) refers to display.o(i.oled_clear_line) for oled_clear_line
    main.o(i.display_by_key) refers to lcd_display.o(i.lcd_clear_line) for lcd_clear_line
    main.o(i.display_by_key) refers to st7565.o(i.LCD_P8x16Str) for LCD_P8x16Str
    main.o(i.display_by_key) refers to lcd_display.o(i.lcd_show_line1) for lcd_show_line1
    main.o(i.display_by_key) refers to lcd_display.o(i.lcd_show_line2) for lcd_show_line2
    main.o(i.display_by_key) refers to button.o(i.get_key) for get_key
    main.o(i.display_by_key) refers to main.o(.data) for fun_flag
    main.o(i.key_trans) refers to main.o(i.fun_xor) for fun_xor
    main.o(i.key_trans) refers to main.o(.data) for fun_flag
    main.o(i.main) refers to sys_config.o(i.RCC_Configuration) for RCC_Configuration
    main.o(i.main) refers to sys_config.o(i.NVIC_Configuration) for NVIC_Configuration
    main.o(i.main) refers to nrf24l01.o(i.spi_init) for spi_init
    main.o(i.main) refers to button.o(i.button_init) for button_init
    main.o(i.main) refers to 12864.o(i.LCD_Init) for LCD_Init
    main.o(i.main) refers to sys_config.o(i.ad_init) for ad_init
    main.o(i.main) refers to st7565.o(i.Init_St7565) for Init_St7565
    main.o(i.main) refers to button.o(i.get_key) for get_key
    main.o(i.main) refers to main.o(i.display_by_key) for display_by_key
    main.o(i.main) refers to main.o(.data) for me
    main.o(.data) refers to main.o(i.FSM_link_start) for FSM_link_start
    stm32f10x_it.o(i.Delay_Ms) refers to stm32f10x_it.o(.data) for delay_cnt
    stm32f10x_it.o(i.EXTI0_IRQHandler) refers to stm32f10x_exti.o(i.EXTI_ClearITPendingBit) for EXTI_ClearITPendingBit
    stm32f10x_it.o(i.EXTI15_10_IRQHandler) refers to stm32f10x_exti.o(i.EXTI_ClearITPendingBit) for EXTI_ClearITPendingBit
    stm32f10x_it.o(i.EXTI9_5_IRQHandler) refers to stm32f10x_exti.o(i.EXTI_ClearITPendingBit) for EXTI_ClearITPendingBit
    stm32f10x_it.o(i.Get_SysTick) refers to stm32f10x_it.o(.data) for cnt
    stm32f10x_it.o(i.SysTick_Handler) refers to stm32f10x_it.o(i.key_prograss) for key_prograss
[...]
    Removing oled.o(i.OLED_Display_Off), (28 bytes).
    Removing oled.o(i.OLED_Display_On), (28 bytes).
    Removing oled.o(i.OLED_DrawBMP), (102 bytes).
    Removing oled.o(i.OLED_Init), (384 bytes).
    Removing oled.o(i.OLED_ShowNum), (132 bytes).
    Removing oled.o(i.oled_pow), (22 bytes).
    Removing display.o(i.oled_clear_all), (8 bytes).
    Removing display.o(i.oled_show_line1), (18 bytes).
    Removing display.o(i.oled_show_line1_bmp), (64 bytes).
    Removing display.o(i.oled_show_line3), (468 bytes).
    Removing display.o(i.oled_show_string), (20 bytes).
    Removing 12864.o(i.Delayms), (42 bytes).
    Removing 12864.o(.data), (1025 bytes).
    Removing st7565.o(i.lcd_pos), (46 bytes).
    Removing delay.o(i.Delay_us), (24 bytes).
    Removing delay.o(i.TimingDelay_Decrement), (24 bytes).
    Removing delay.o(i.delay_Init), (60 bytes).
    Removing delay.o(i.delay_mss), (76 bytes).
    Removing delay.o(i.delay_uss), (76 bytes).
    Removing delay.o(.data), (8 bytes).

450 unused section(s) (total 19953 bytes) removed from the image.

==============================================================================

Image Symbol Table

    Local Symbols

    Symbol Name                              Value     Ov Type        Size  Object(Section)

    ../clib/angel/boardlib.s                 0x00000000   Number         0  boardinit2.o ABSOLUTE
    ../clib/angel/boardlib.s                 0x00000000   Number         0  boardinit1.o ABSOLUTE
    ../clib/angel/boardlib.s                 0x00000000   Number         0  boardinit3.o ABSOLUTE
    ../clib/angel/boardlib.s                 0x00000000   Number         0  boardshut.o ABSOLUTE
    ../clib/angel/dczerorl2.s                0x00000000   Number         0  __dczerorl2.o ABSOLUTE
    ../clib/angel/handlers.s                 0x00000000   Number         0  __scatter_zi.o ABSOLUTE
    ../clib/angel/kernel.s                   0x00000000   Number         0  __rtentry4.o ABSOLUTE
    ../clib/angel/kernel.s                   0x00000000   Number         0  __rtentry2.o ABSOLUTE
    ../clib/angel/kernel.s                   0x00000000   Number         0  rtexit2.o ABSOLUTE
    ../clib/angel/kernel.s                   0x00000000   Number         0  __rtentry.o ABSOLUTE
    ../clib/angel/kernel.s                   0x00000000   Number         0  rtexit.o ABSOLUTE
    ../clib/angel/rt.s                       0x00000000   Number         0  rt_raise.o ABSOLUTE
    ../clib/angel/scatter.s                  0x00000000   Number         0  __scatter.o ABSOLUTE
    ../clib/angel/startup.s                  0x00000000   Number         0  __main.o ABSOLUTE
    ../clib/angel/sys.s                      0x00000000   Number         0  libspace.o ABSOLUTE
    ../clib/angel/sys.s                      0x00000000   Number         0  use_no_semi.o ABSOLUTE
    ../clib/angel/sys.s                      0x00000000   Number         0  indicate_semi.o ABSOLUTE
    ../clib/angel/sys.s                      0x00000000   Number         0  sys_stackheap_outer.o ABSOLUTE
    ../clib/angel/sysapp.c                   0x00000000   Number         0  sys_wrch.o ABSOLUTE
    ../clib/angel/sysapp.c                   0x00000000   Number         0  sys_exit.o ABSOLUTE
    ../clib/angel/sysapp.c                   0x00000000   Number         0  sys_command.o ABSOLUTE
    ../clib/armsys.c                         0x00000000   Number         0  argv_veneer.o ABSOLUTE
    ../clib/armsys.c                         0x00000000   Number         0  no_argv.o ABSOLUTE
    ../clib/armsys.c                         0x00000000   Number         0  _get_argv_nomalloc.o ABSOLUTE
    ../clib/armsys.c                         0x00000000   Number         0  argv_veneer.o ABSOLUTE
    ../clib/heapalloc.c                      0x00000000   Number         0  hrguard.o ABSOLUTE
    ../clib/heapaux.c                        0x00000000   Number         0  heapauxi.o ABSOLUTE
    ../clib/libinit.s                        0x00000000   Number         0  libinit2.o ABSOLUTE
    ../clib/libinit.s                        0x00000000   Number         0  libinit.o ABSOLUTE
    ../clib/libinit.s                        0x00000000   Number         0  libshutdown.o ABSOLUTE
    ../clib/libinit.s                        0x00000000   Number         0  libshutdown2.o ABSOLUTE
    ../clib/memcpset.s                       0x00000000   Number         0  rt_memclr_w.o ABSOLUTE
    ../clib/printf.c                         0x00000000   Number         0  __2sprintf.o ABSOLUTE
    ../clib/printf.c                         0x00000000   Number         0  __printf_wp.o ABSOLUTE
    ../clib/printf.c                         0x00000000   Number         0  __printf_flags_ss_wp.o ABSOLUTE
    ../clib/printf.c                         0x00000000   Number         0  _printf_char_common.o ABSOLUTE
    ../clib/printf.c                         0x00000000   Number         0  __printf_nopercent.o ABSOLUTE
    ../clib/printf.c                         0x00000000   Number         0  noretval__2sprintf.o ABSOLUTE
    ../clib/printf.c                         0x00000000   Number         0  __printf_flags.o ABSOLUTE
    ../clib/printf.c                         0x00000000   Number         0  _printf_dec.o ABSOLUTE
    ../clib/printf.c                         0x00000000   Number         0  _sputc.o ABSOLUTE
    ../clib/printf.c                         0x00000000   Number         0  __printf_ss.o ABSOLUTE
    ../clib/printf.c                         0x00000000   Number         0  __printf.o ABSOLUTE
    ../clib/printf.c                         0x00000000   Number         0  __printf_ss_wp.o ABSOLUTE
    ../clib/printf.c                         0x00000000   Number         0  _printf_intcommon.o ABSOLUTE
    ../clib/printf.c                         0x00000000   Number         0  __printf_flags_wp.o ABSOLUTE
    ../clib/printf.c                         0x00000000   Number         0  __printf_flags_ss.o ABSOLUTE
    ../clib/printf_percent.s                 0x00000000   Number         0  _printf_d.o ABSOLUTE
    ../clib/printf_percent.s                 0x00000000   Number         0  _printf_percent.o ABSOLUTE
    ../clib/printf_percent.s                 0x00000000   Number         0  _printf_percent_end.o ABSOLUTE
    ../clib/signal.c                         0x00000000   Number         0  defsig_rtmem_formal.o ABSOLUTE
    ../clib/signal.c                         0x00000000   Number         0  defsig_rtmem_inner.o ABSOLUTE
    ../clib/signal.c                         0x00000000   Number         0  defsig_rtred_inner.o ABSOLUTE
    ../clib/signal.c                         0x00000000   Number         0  defsig_stak_inner.o ABSOLUTE
    ../clib/signal.c                         0x00000000   Number         0  defsig_pvfn_inner.o ABSOLUTE
    ../clib/signal.c                         0x00000000   Number         0  defsig_exit.o ABSOLUTE
    ../clib/signal.c                         0x00000000   Number         0  __raise.o ABSOLUTE
    ../clib/signal.c                         0x00000000   Number         0  defsig_general.o ABSOLUTE
    ../clib/signal.c                         0x00000000   Number         0  defsig_abrt_inner.o ABSOLUTE
    ../clib/signal.c                         0x00000000   Number         0  defsig_fpe_inner.o ABSOLUTE
    ../clib/signal.c                         0x00000000   Number         0  defsig_cppl_inner.o ABSOLUTE
    ../clib/signal.c                         0x00000000   Number         0  defsig_segv_inner.o ABSOLUTE
    ../clib/signal.c                         0x00000000   Number         0  defsig_other.o ABSOLUTE
    ../clib/signal.c                         0x00000000   Number         0  defsig_rtmem_outer.o ABSOLUTE
    ../clib/signal.s                         0x00000000   Number         0  defsig.o ABSOLUTE
    ../clib/stdlib.c                         0x00000000   Number         0  exit.o ABSOLUTE
    ../fplib/fpinit.s                        0x00000000   Number         0  fpinit.o ABSOLUTE
    ..\Libraries\CMSIS\CM3\CoreSupport\core_cm3.c 0x00000000   Number         0  core_cm3.o ABSOLUTE
    ..\Libraries\CMSIS\CM3\DeviceSupport\ST\STM32F10x\startup\arm\startup_stm32f10x_hd.s 0x00000000   Number         0  startup_stm32f10x_hd.o ABSOLUTE
    ..\Libraries\STM32F10x_StdPeriph_Driver\src\misc.c 0x00000000   Number         0  misc.o ABSOLUTE
    ..\Libraries\STM32F10x_StdPeriph_Driver\src\stm32f10x_adc.c 0x00000000   Number         0  stm32f10x_adc.o ABSOLUTE
    ..\Libraries\STM32F10x_StdPeriph_Driver\src\stm32f10x_bkp.c 0x00000000   Number         0  stm32f10x_bkp.o ABSOLUTE
    ..\Libraries\STM32F10x_StdPeriph_Driver\src\stm32f10x_can.c 0x00000000   Number         0  stm32f10x_can.o ABSOLUTE
    ..\Libraries\STM32F10x_StdPeriph_Driver\src\stm32f10x_cec.c 0x00000000   Number         0  stm32f10x_cec.o ABSOLUTE
    ..\Libraries\STM32F10x_StdPeriph_Driver\src\stm32f10x_crc.c 0x00000000   Number         0  stm32f10x_crc.o ABSOLUTE
    ..\Libraries\STM32F10x_StdPeriph_Driver\src\stm32f10x_dac.c 0x00000000   Number         0  stm32f10x_dac.o ABSOLUTE
    ..\Libraries\STM32F10x_StdPeriph_Driver\src\stm32f10x_dbgmcu.c 0x00000000   Number         0  stm32f10x_dbgmcu.o ABSOLUTE
    ..\Libraries\STM32F10x_StdPeriph_Driver\src\stm32f10x_dma.c 0x00000000   Number         0  stm32f10x_dma.o ABSOLUTE
    ..\Libraries\STM32F10x_StdPeriph_Driver\src\stm32f10x_exti.c 0x00000000   Number         0  stm32f10x_exti.o ABSOLUTE
    ..\Libraries\STM32F10x_StdPeriph_Driver\src\stm32f10x_flash.c 0x00000000   Number         0  stm32f10x_flash.o ABSOLUTE
    ..\Libraries\STM32F10x_StdPeriph_Driver\src\stm32f10x_fsmc.c 0x00000000   Number         0  stm32f10x_fsmc.o ABSOLUTE
    ..\Libraries\STM32F10x_StdPeriph_Driver\src\stm32f10x_gpio.c 0x00000000   Number         0  stm32f10x_gpio.o ABSOLUTE
    ..\Libraries\STM32F10x_StdPeriph_Driver\src\stm32f10x_i2c.c 0x00000000   Number         0  stm32f10x_i2c.o ABSOLUTE
    ..\Libraries\STM32F10x_StdPeriph_Driver\src\stm32f10x_iwdg.c 0x00000000   Number         0  stm32f10x_iwdg.o ABSOLUTE
    ..\Libraries\STM32F10x_StdPeriph_Driver\src\stm32f10x_pwr.c 0x00000000   Number         0  stm32f10x_pwr.o ABSOLUTE
    ..\Libraries\STM32F10x_StdPeriph_Driver\src\stm32f10x_rcc.c 0x00000000   Number         0  stm32f10x_rcc.o ABSOLUTE
    ..\Libraries\STM32F10x_StdPeriph_Driver\src\stm32f10x_rtc.c 0x00000000   Number         0  stm32f10x_rtc.o ABSOLUTE
    ..\Libraries\STM32F10x_StdPeriph_Driver\src\stm32f10x_sdio.c 0x00000000   Number         0  stm32f10x_sdio.o ABSOLUTE
    ..\Libraries\STM32F10x_StdPeriph_Driver\src\stm32f10x_spi.c 0x00000000   Number         0  stm32f10x_spi.o ABSOLUTE
    ..\Libraries\STM32F10x_StdPeriph_Driver\src\stm32f10x_tim.c 0x00000000   Number         0  stm32f10x_tim.o ABSOLUTE
    ..\Libraries\STM32F10x_StdPeriph_Driver\src\stm32f10x_usart.c 0x00000000   Number         0  stm32f10x_usart.o ABSOLUTE
    ..\Libraries\STM32F10x_StdPeriph_Driver\src\stm32f10x_wwdg.c 0x00000000   Number         0  stm32f10x_wwdg.o ABSOLUTE
    ..\User\main.c                           0x00000000   Number         0  main.o ABSOLUTE
    ..\User\stm32f10x_it.c                   0x00000000   Number         0  stm32f10x_it.o ABSOLUTE
    ..\User\system_stm32f10x.c               0x00000000   Number         0  system_stm32f10x.o ABSOLUTE
    ..\\Libraries\\CMSIS\\CM3\\CoreSupport\\core_cm3.c 0x00000000   Number         0  core_cm3.o ABSOLUTE
    ..\bsp_lib\12864.c                       0x00000000   Number         0  12864.o ABSOLUTE
    ..\bsp_lib\ST7565.C                      0x00000000   Number         0  st7565.o ABSOLUTE
    ..\bsp_lib\button.c                      0x00000000   Number         0  button.o ABSOLUTE
    ..\bsp_lib\delay.c                       0x00000000   Number         0  delay.o ABSOLUTE
    ..\bsp_lib\display.c                     0x00000000   Number         0  display.o ABSOLUTE
    ..\bsp_lib\lcd_display.c                 0x00000000   Number         0  lcd_display.o ABSOLUTE
    ..\bsp_lib\nrf24l01.c                    0x00000000   Number         0  nrf24l01.o ABSOLUTE
    ..\bsp_lib\oled.c                        0x00000000   Number         0  oled.o ABSOLUTE
    ..\bsp_lib\sys_config.c                  0x00000000   Number         0  sys_config.o ABSOLUTE
    dc.s                                     0x00000000   Number         0  dc.o ABSOLUTE
    RESET                                    0x08000000   Section      304  startup_stm32f10x_hd.o(RESET)
    !!!main                                  0x08000130   Section        8  __main.o(!!!main)
    !!!scatter                               0x08000138   Section       52  __scatter.o(!!!scatter)
    !!dczerorl2                              0x0800016c   Section       90  __dczerorl2.o(!!dczerorl2)
    !!handler_zi                             0x080001c8   Section       28  __scatter_zi.o(!!handler_zi)
    .ARM.Collect$$_printf_percent$$00000000  0x080001e4   Section        0  _printf_percent.o(.ARM.Collect$$_printf_percent$$00000000)
    .ARM.Collect$$_printf_percent$$00000009  0x080001e4   Section        6  _printf_d.o(.ARM.Collect$$_printf_percent$$00000009)
    .ARM.Collect$$_printf_percent$$00000017  0x080001ea   Section        4  _printf_percent_end.o(.ARM.Collect$$_printf_percent$$00000017)
    .ARM.Collect$$libinit$$00000000          0x080001ee   Section        2  libinit.o(.ARM.Collect$$libinit$$00000000)
    .ARM.Collect$$libinit$$00000002          0x080001f0   Section        0  libinit2.o(.ARM.Collect$$libinit$$00000002)
    .ARM.Collect$$libinit$$00000004          0x080001f0   Section        0  libinit2.o(.ARM.Collect$$libinit$$00000004)
    .ARM.Collect$$libinit$$0000000A          0x080001f0   Section        0  libinit2.o(.ARM.Collect$$libinit$$0000000A)
    .ARM.Collect$$libinit$$0000000C          0x080001f0   Section        0  libinit2.o(.ARM.Collect$$libinit$$0000000C)
    .ARM.Collect$$libinit$$0000000E          0x080001f0   Section        0  libinit2.o(.ARM.Collect$$libinit$$0000000E)
    .ARM.Collect$$libinit$$00000011          0x080001f0   Section        0  libinit2.o(.ARM.Collect$$libinit$$00000011)
    .ARM.Collect$$libinit$$00000013          0x080001f0   Section        0  libinit2.o(.ARM.Collect$$libinit$$00000013)
    .ARM.Collect$$libinit$$00000015          0x080001f0   Section        0  libinit2.o(.ARM.Collect$$libinit$$00000015)
    .ARM.Collect$$libinit$$00000017          0x080001f0   Section        0  libinit2.o(.ARM.Collect$$libinit$$00000017)
    .ARM.Collect$$libinit$$00000019          0x080001f0   Section        0  libinit2.o(.ARM.Collect$$libinit$$00000019)
    .ARM.Collect$$libinit$$0000001B          0x080001f0   Section        0  libinit2.o(.ARM.Collect$$libinit$$0000001B)
    .ARM.Collect$$libinit$$0000001D          0x080001f0   Section        0  libinit2.o(.ARM.Collect$$libinit$$0000001D)
    .ARM.Collect$$libinit$$0000001F          0x080001f0   Section        0  libinit2.o(.ARM.Collect$$libinit$$0000001F)
    .ARM.Collect$$libinit$$00000021          0x080001f0   Section        0  libinit2.o(.ARM.Collect$$libinit$$00000021)
    .ARM.Collect$$libinit$$00000023          0x080001f0   Section        0  libinit2.o(.ARM.Collect$$libinit$$00000023)
    .ARM.Collect$$libinit$$00000025          0x080001f0   Section        0  libinit2.o(.ARM.Collect$$libinit$$00000025)
    .ARM.Collect$$libinit$$0000002C          0x080001f0   Section        0  libinit2.o(.ARM.Collect$$libinit$$0000002C)
    .ARM.Collect$$libinit$$0000002E          0x080001f0   Section        0  libinit2.o(.ARM.Collect$$libinit$$0000002E)
    .ARM.Collect$$libinit$$00000030          0x080001f0   Section        0  libinit2.o(.ARM.Collect$$libinit$$00000030)
    .ARM.Collect$$libinit$$00000032          0x080001f0   Section        0  libinit2.o(.ARM.Collect$$libinit$$00000032)
    .ARM.Collect$$libinit$$00000033          0x080001f0   Section        2  libinit2.o(.ARM.Collect$$libinit$$00000033)
    .ARM.Collect$$libshutdown$$00000000      0x080001f2   Section        2  libshutdown.o(.ARM.Collect$$libshutdown$$00000000)
    .ARM.Collect$$libshutdown$$00000003      0x080001f4   Section        0  libshutdown2.o(.ARM.Collect$$libshutdown$$00000003)
    .ARM.Collect$$libshutdown$$00000006      0x080001f4   Section        0  libshutdown2.o(.ARM.Collect$$libshutdown$$00000006)
    .ARM.Collect$$libshutdown$$00000009      0x080001f4   Section        0  libshutdown2.o(.ARM.Collect$$libshutdown$$00000009)
    .ARM.Collect$$libshutdown$$0000000B      0x080001f4   Section        0  libshutdown2.o(.ARM.Collect$$libshutdown$$0000000B)
    .ARM.Collect$$libshutdown$$0000000E      0x080001f4   Section        0  libshutdown2.o(.ARM.Collect$$libshutdown$$0000000E)
    .ARM.Collect$$libshutdown$$0000000F      0x080001f4   Section        2  libshutdown2.o(.ARM.Collect$$libshutdown$$0000000F)
    .ARM.Collect$$rtentry$$00000000          0x080001f6   Section        0  __rtentry.o(.ARM.Collect$$rtentry$$00000000)
    .ARM.Collect$$rtentry$$00000002          0x080001f6   Section        0  __rtentry2.o(.ARM.Collect$$rtentry$$00000002)
    .ARM.Collect$$rtentry$$00000004          0x080001f6   Section        6  __rtentry4.o(.ARM.Collect$$rtentry$$00000004)
    .ARM.Collect$$rtentry$$00000009          0x080001fc   Section        0  __rtentry2.o(.ARM.Collect$$rtentry$$00000009)
    .ARM.Collect$$rtentry$$0000000A          0x080001fc   Section        4  __rtentry2.o(.ARM.Collect$$rtentry$$0000000A)
    .ARM.Collect$$rtentry$$0000000C          0x08000200   Section        0  __rtentry2.o(.ARM.Collect$$rtentry$$0000000C)
    .ARM.Collect$$rtentry$$0000000D          0x08000200   Section        8  __rtentry2.o(.ARM.Collect$$rtentry$$0000000D)
    .ARM.Collect$$rtexit$$00000000           0x08000208   Section        2  rtexit.o(.ARM.Collect$$rtexit$$00000000)
    .ARM.Collect$$rtexit$$00000002           0x0800020a   Section        0  rtexit2.o(.ARM.Collect$$rtexit$$00000002)
    .ARM.Collect$$rtexit$$00000003           0x0800020a   Section        4  rtexit2.o(.ARM.Collect$$rtexit$$00000003)
    .ARM.Collect$$rtexit$$00000004           0x0800020e   Section        6  rtexit2.o(.ARM.Collect$$rtexit$$00000004)
    .text                                    0x08000214   Section       64  startup_stm32f10x_hd.o(.text)
    .text                                    0x08000254   Section        0  noretval__2sprintf.o(.text)
    .text                                    0x0800027c   Section        0  __printf.o(.text)
    .text                                    0x080002e4   Section        0  _printf_dec.o(.text)
    .text                                    0x0800035c   Section       78  rt_memclr_w.o(.text)
    .text                                    0x080003aa   Section        0  heapauxi.o(.text)
    .text                                    0x080003b0   Section        0  _printf_intcommon.o(.text)
    .text                                    0x08000464   Section        0  _printf_char_common.o(.text)
    _printf_input_char                       0x08000465   Thumb Code    10  _printf_char_common.o(.text)
    .text                                    0x08000494   Section        0  _sputc.o(.text)
    .text                                    0x0800049e   Section       74  sys_stackheap_outer.o(.text)
    .text                                    0x080004e8   Section        0  exit.o(.text)
    .text                                    0x080004f4   Section        8  libspace.o(.text)
    .text                                    0x080004fc   Section        0  sys_exit.o(.text)
    .text                                    0x08000508   Section        2  use_no_semi.o(.text)
    .text                                    0x0800050a   Section        0  indicate_semi.o(.text)
    i.ADC_Cmd                                0x0800050a   Section        0  stm32f10x_adc.o(i.ADC_Cmd)
    i.ADC_DMACmd                             0x08000520   Section        0  stm32f10x_adc.o(i.ADC_DMACmd)
    i.ADC_GetCalibrationStatus               0x08000536   Section        0  stm32f10x_adc.o(i.ADC_GetCalibrationStatus)
    i.ADC_GetResetCalibrationStatus          0x0800054a   Section        0  stm32f10x_adc.o(i.ADC_GetResetCalibrationStatus)
    i.ADC_Init                               0x08000560   Section        0  stm32f10x_adc.o(i.ADC_Init)
    i.ADC_RegularChannelConfig               0x080005b0   Section        0  stm32f10x_adc.o(i.ADC_RegularChannelConfig)
    i.ADC_ResetCalibration                   0x08000668   Section        0  stm32f10x_adc.o(i.ADC_ResetCalibration)
    i.ADC_SoftwareStartConvCmd               0x08000672   Section        0  stm32f10x_adc.o(i.ADC_SoftwareStartConvCmd)
    i.ADC_StartCalibration                   0x08000688   Section        0  stm32f10x_adc.o(i.ADC_StartCalibration)
    i.BusFault_Handler                       0x08000692   Section        0  stm32f10x_it.o(i.BusFault_Handler)
    i.ClearDisplay                           0x08000696   Section        0  st7565.o(i.ClearDisplay)
    i.DMA_Cmd                                0x080006ce   Section        0  stm32f10x_dma.o(i.DMA_Cmd)
    i.DMA_DeInit                             0x080006e8   Section        0  stm32f10x_dma.o(i.DMA_DeInit)
    i.DMA_Init                               0x08000834   Section        0  stm32f10x_dma.o(i.DMA_Init)
    i.DebugMon_Handler                       0x08000870   Section        0  stm32f10x_it.o(i.DebugMon_Handler)
    i.Delay_Ms                               0x08000874   Section        0  stm32f10x_it.o(i.Delay_Ms)
    i.EXTI0_IRQHandler                       0x0800088c   Section        0  stm32f10x_it.o(i.EXTI0_IRQHandler)
    i.EXTI15_10_IRQHandler                   0x08000896   Section        0  stm32f10x_it.o(i.EXTI15_10_IRQHandler)
    i.EXTI9_5_IRQHandler                     0x080008a2   Section        0  stm32f10x_it.o(i.EXTI9_5_IRQHandler)
    i.EXTI_ClearITPendingBit                 0x080008b0   Section        0  stm32f10x_exti.o(i.EXTI_ClearITPendingBit)
    i.FLASH_ClearFlag                        0x080008bc   Section        0  stm32f10x_flash.o(i.FLASH_ClearFlag)
    i.FLASH_ErasePage                        0x080008c8   Section        0  stm32f10x_flash.o(i.FLASH_ErasePage)
    i.FLASH_GetBank1Status                   0x08000914   Section        0  stm32f10x_flash.o(i.FLASH_GetBank1Status)
    i.FLASH_Lock                             0x08000948   Section        0  stm32f10x_flash.o(i.FLASH_Lock)
    i.FLASH_PrefetchBufferCmd                0x0800095c   Section        0  stm32f10x_flash.o(i.FLASH_PrefetchBufferCmd)
    i.FLASH_ProgramHalfWord                  0x08000978   Section        0  stm32f10x_flash.o(i.FLASH_ProgramHalfWord)
    i.FLASH_SetLatency                       0x080009b8   Section        0  stm32f10x_flash.o(i.FLASH_SetLatency)
    i.FLASH_Unlock                           0x080009d0   Section        0  stm32f10x_flash.o(i.FLASH_Unlock)
    i.FLASH_WaitForLastOperation             0x080009e8   Section        0  stm32f10x_flash.o(i.FLASH_WaitForLastOperation)
    i.FSM_link_connected                     0x08000a10   Section        0  main.o(i.FSM_link_connected)
    i.FSM_link_start                         0x08000a6c   Section        0  main.o(i.FSM_link_start)
    i.GPIO_Init                              0x08000bf4   Section        0  stm32f10x_gpio.o(i.GPIO_Init)
    i.GPIO_ReadInputDataBit                  0x08000d0a   Section        0  stm32f10x_gpio.o(i.GPIO_ReadInputDataBit)
    i.GPIO_ResetBits                         0x08000d1c   Section        0  stm32f10x_gpio.o(i.GPIO_ResetBits)
    i.GPIO_SetBits                           0x08000d20   Section        0  stm32f10x_gpio.o(i.GPIO_SetBits)
    i.HardFault_Handler                      0x08000d24   Section        0  stm32f10x_it.o(i.HardFault_Handler)
    i.Init_St7565                            0x08000d28   Section        0  st7565.o(i.Init_St7565)
    i.LCD_DrawBMP                            0x08000d9c   Section        0  st7565.o(i.LCD_DrawBMP)
    i.LCD_Init                               0x08000e10   Section        0  12864.o(i.LCD_Init)
    i.LCD_P8x16Str                           0x08000e9c   Section        0  st7565.o(i.LCD_P8x16Str)
    i.LCD_ShowCHinese                        0x08000f28   Section        0  12864.o(i.LCD_ShowCHinese)
    i.LCD_show_line1_bmp                     0x08000f70   Section        0  st7565.o(i.LCD_show_line1_bmp)
    i.MemManage_Handler                      0x08000fb0   Section        0  stm32f10x_it.o(i.MemManage_Handler)
    i.NMI_Handler                            0x08000fb4   Section        0  stm32f10x_it.o(i.NMI_Handler)
    i.NRF24L01_Send                          0x08000fb8   Section        0  nrf24l01.o(i.NRF24L01_Send)
    i.NRF24L01_TX_Mode                       0x08001074   Section        0  nrf24l01.o(i.NRF24L01_TX_Mode)
    i.NVIC_Configuration                     0x080010f8   Section        0  sys_config.o(i.NVIC_Configuration)
    i.NVIC_PriorityGroupConfig               0x08001110   Section        0  misc.o(i.NVIC_PriorityGroupConfig)
    i.NVIC_SetVectorTable                    0x08001124   Section        0  misc.o(i.NVIC_SetVectorTable)
    i.OLED_Set_Pos                           0x08001138   Section        0  oled.o(i.OLED_Set_Pos)
    i.OLED_ShowCHinese                       0x08001168   Section        0  oled.o(i.OLED_ShowCHinese)
    i.OLED_ShowChar                          0x080011d0   Section        0  oled.o(i.OLED_ShowChar)
    i.OLED_ShowString                        0x08001244   Section        0  oled.o(i.OLED_ShowString)
    i.OLED_WR_Byte                           0x0800127c   Section        0  oled.o(i.OLED_WR_Byte)
    i.PendSV_Handler                         0x080012f0   Section        0  stm32f10x_it.o(i.PendSV_Handler)
    i.RCC_AHBPeriphClockCmd                  0x080012f4   Section        0  stm32f10x_rcc.o(i.RCC_AHBPeriphClockCmd)
    i.RCC_APB1PeriphResetCmd                 0x08001314   Section        0  stm32f10x_rcc.o(i.RCC_APB1PeriphResetCmd)
    i.RCC_APB2PeriphClockCmd                 0x08001334   Section        0  stm32f10x_rcc.o(i.RCC_APB2PeriphClockCmd)
    i.RCC_APB2PeriphResetCmd                 0x08001354   Section        0  stm32f10x_rcc.o(i.RCC_APB2PeriphResetCmd)
    i.RCC_Configuration                      0x08001374   Section        0  sys_config.o(i.RCC_Configuration)
    i.RCC_DeInit                             0x08001444   Section        0  stm32f10x_rcc.o(i.RCC_DeInit)
    i.RCC_GetFlagStatus                      0x08001490   Section        0  stm32f10x_rcc.o(i.RCC_GetFlagStatus)
    i.RCC_GetSYSCLKSource                    0x080014cc   Section        0  stm32f10x_rcc.o(i.RCC_GetSYSCLKSource)
    i.RCC_HCLKConfig                         0x080014dc   Section        0  stm32f10x_rcc.o(i.RCC_HCLKConfig)
    i.RCC_HSEConfig                          0x080014f4   Section        0  stm32f10x_rcc.o(i.RCC_HSEConfig)
    i.RCC_HSICmd                             0x08001540   Section        0  stm32f10x_rcc.o(i.RCC_HSICmd)
    i.RCC_PCLK1Config                        0x0800154c   Section        0  stm32f10x_rcc.o(i.RCC_PCLK1Config)
    i.RCC_PCLK2Config                        0x08001564   Section        0  stm32f10x_rcc.o(i.RCC_PCLK2Config)
    i.RCC_PLLCmd                             0x0800157c   Section        0  stm32f10x_rcc.o(i.RCC_PLLCmd)
    i.RCC_PLLConfig                          0x08001588   Section        0  stm32f10x_rcc.o(i.RCC_PLLConfig)
    i.RCC_SYSCLKConfig                       0x080015a4   Section        0  stm32f10x_rcc.o(i.RCC_SYSCLKConfig)
    i.SPI_Cmd                                0x080015bc   Section        0  stm32f10x_spi.o(i.SPI_Cmd)
    i.SPI_I2S_DeInit                         0x080015d4   Section        0  stm32f10x_spi.o(i.SPI_I2S_DeInit)
    i.SPI_I2S_GetFlagStatus                  0x0800162c   Section        0  stm32f10x_spi.o(i.SPI_I2S_GetFlagStatus)
    i.SPI_I2S_ReceiveData                    0x0800163e   Section        0  stm32f10x_spi.o(i.SPI_I2S_ReceiveData)
    i.SPI_I2S_SendData                       0x08001644   Section        0  stm32f10x_spi.o(i.SPI_I2S_SendData)
    i.SPI_Init                               0x08001648   Section        0  stm32f10x_spi.o(i.SPI_Init)
    i.SPI_Write_Buf                          0x08001684   Section        0  nrf24l01.o(i.SPI_Write_Buf)
    SPI_Write_Buf                            0x08001685   Thumb Code    64  nrf24l01.o(i.SPI_Write_Buf)
    i.SVC_Handler                            0x080016cc   Section        0  stm32f10x_it.o(i.SVC_Handler)
    i.SetSysClock                            0x080016ce   Section        0  system_stm32f10x.o(i.SetSysClock)
    SetSysClock                              0x080016cf   Thumb Code     8  system_stm32f10x.o(i.SetSysClock)
    i.SetSysClockTo72                        0x080016d8   Section        0  system_stm32f10x.o(i.SetSysClockTo72)
    SetSysClockTo72                          0x080016d9   Thumb Code   214  system_stm32f10x.o(i.SetSysClockTo72)
    i.Setadd                                 0x080017b8   Section        0  st7565.o(i.Setadd)
    i.Setadd12864                            0x080017e0   Section        0  12864.o(i.Setadd12864)
    i.St7565_Port                            0x0800180c   Section        0  st7565.o(i.St7565_Port)
    i.St7565_WriteCmd                        0x0800185c   Section        0  st7565.o(i.St7565_WriteCmd)
    i.St7565_WriteDat                        0x080018d0   Section        0  st7565.o(i.St7565_WriteDat)
    i.SysTick_Handler                        0x08001944   Section        0  stm32f10x_it.o(i.SysTick_Handler)
    i.SystemInit                             0x08001968   Section        0  system_stm32f10x.o(i.SystemInit)
    i.UsageFault_Handler                     0x080019c8   Section        0  stm32f10x_it.o(i.UsageFault_Handler)
    i.ad_init                                0x080019cc   Section        0  sys_config.o(i.ad_init)
    i.beep                                   0x08001acc   Section        0  button.o(i.beep)
    i.buf2addr                               0x08001b04   Section        0  button.o(i.buf2addr)
    i.button_init                            0x08001bc4   Section        0  button.o(i.button_init)
    i.delay                                  0x08001c3c   Section        0  button.o(i.delay)
    i.delayms                                0x08001c48   Section        0  st7565.o(i.delayms)
    i.disable_key                            0x08001c64   Section        0  button.o(i.disable_key)
    i.disp_ch                                0x08001c70   Section        0  12864.o(i.disp_ch)
    i.disp_hz                                0x08001d14   Section        0  12864.o(i.disp_hz)
    i.display_by_key                         0x08001db0   Section        0  main.o(i.display_by_key)
    i.enable_key                             0x08001fb0   Section        0  button.o(i.enable_key)
    i.fun_xor                                0x08001fbc   Section        0  main.o(i.fun_xor)
    fun_xor                                  0x08001fbd   Thumb Code    24  main.o(i.fun_xor)
    i.get_addr                               0x08001fd4   Section        0  button.o(i.get_addr)
    i.get_key                                0x08002094   Section        0  button.o(i.get_key)
    i.key_prograss                           0x080020b4   Section        0  stm32f10x_it.o(i.key_prograss)
    i.key_trans                              0x08002180   Section        0  main.o(i.key_trans)
    i.lcd_ShowChar                           0x080021c0   Section        0  lcd_display.o(i.lcd_ShowChar)
    i.lcd_clear_line                         0x08002230   Section        0  lcd_display.o(i.lcd_clear_line)
    i.lcd_show_line1                         0x08002260   Section        0  lcd_display.o(i.lcd_show_line1)
    i.lcd_show_line2                         0x08002274   Section        0  lcd_display.o(i.lcd_show_line2)
    i.lcd_show_line3                         0x08002410   Section        0  lcd_display.o(i.lcd_show_line3)
    i.main                                   0x08002560   Section        0  main.o(i.main)
    i.oled_clear_line                        0x0800259c   Section        0  display.o(i.oled_clear_line)
    i.oled_show_line2                        0x080025cc   Section        0  display.o(i.oled_show_line2)
    i.put_key                                0x080027f0   Section        0  button.o(i.put_key)
    i.read_addr                              0x08002818   Section        0  sys_config.o(i.read_addr)
    i.save_addr                              0x08002840   Section        0  sys_config.o(i.save_addr)
    i.spi_init                               0x0800287c   Section        0  nrf24l01.o(i.spi_init)
    i.spi_read_reg                           0x0800294c   Section        0  nrf24l01.o(i.spi_read_reg)
    spi_read_reg                             0x0800294d   Thumb Code    64  nrf24l01.o(i.spi_read_reg)
    i.spi_tx_byte                            0x08002994   Section        0  nrf24l01.o(i.spi_tx_byte)
    spi_tx_byte                              0x08002995   Thumb Code    48  nrf24l01.o(i.spi_tx_byte)
    i.wait                                   0x080029cc   Section        0  nrf24l01.o(i.wait)
    wait                                     0x080029cd   Thumb Code    24  nrf24l01.o(i.wait)
    .constdata                               0x080029e8   Section     2072  oled.o(.constdata)
    .constdata                               0x08003200   Section     3322  12864.o(.constdata)
    .constdata                               0x08003efa   Section     1520  st7565.o(.constdata)
    .data                                    0x20000000   Section       36  main.o(.data)
    fun_flag                                 0x20000008   Data           4  main.o(.data)
    tmp                                      0x20000020   Data           4  main.o(.data)
    .data                                    0x20000024   Section      348  stm32f10x_it.o(.data)
    cnt                                      0x20000028   Data           4  stm32f10x_it.o(.data)
    delay_cnt                                0x2000002c   Data           4  stm32f10x_it.o(.data)
    key                                      0x20000030   Data         336  stm32f10x_it.o(.data)
    .data                                    0x20000180   Section       20  system_stm32f10x.o(.data)
    .data                                    0x20000194   Section       42  nrf24l01.o(.data)
    .data                                    0x200001c0   Section       16  button.o(.data)
    key_enable                               0x200001c0   Data           4  button.o(.data)
    valid                                    0x200001c4   Data           4  button.o(.data)
    key                                      0x200001c8   Data           4  button.o(.data)
    i                                        0x200001cc   Data           4  button.o(.data)
    .data                                    0x200001d0   Section     3008  oled.o(.data)
    .data                                    0x20000d90   Section        2  display.o(.data)
    x_pos                                    0x20000d90   Data           1  display.o(.data)
    x_pos                                    0x20000d91   Data           1  display.o(.data)
    .data                                    0x20000d92   Section       64  st7565.o(.data)
    .data                                    0x20000dd2   Section        2  lcd_display.o(.data)
    x_pos                                    0x20000dd2   Data           1  lcd_display.o(.data)
    x_pos                                    0x20000dd3   Data           1  lcd_display.o(.data)
    .bss                                     0x20000dd4   Section       32  sys_config.o(.bss)
    .bss                                     0x20000df4   Section       20  button.o(.bss)
    buf                                      0x20000df4   Data          20  button.o(.bss)
    .bss                                     0x20000e08   Section       96  libspace.o(.bss)
    HEAP                                     0x20000e68   Section      512  startup_stm32f10x_hd.o(HEAP)
    Heap_Mem                                 0x20000e68   Data         512  startup_stm32f10x_hd.o(HEAP)
    STACK                                    0x20001068   Section     1024  startup_stm32f10x_hd.o(STACK)
    Stack_Mem                                0x20001068   Data        1024  startup_stm32f10x_hd.o(STACK)
    __initial_sp                             0x20001468   Data           0  startup_stm32f10x_hd.o(STACK)

    Global Symbols

    Symbol Name                              Value     Ov Type        Size  Object(Section)

    BuildAttributes$$THM_ISAv4$P$D$K$B$S$PE$A:L22UL41UL21$X:L11$S22US41US21$IEEE1$IW$USESV6$~STKCKD$USESV7$~SHL$OSPACE$ROPI$EBA8$UX$STANDARDLIB$REQ8$PRES8$EABIv2 0x00000000   Number         0  anon$$obj.o ABSOLUTE
    __ARM_use_no_argv                        0x00000000   Number         0  main.o ABSOLUTE
    __ARM_exceptions_init                     - Undefined Weak Reference
    __alloca_initialize                       - Undefined Weak Reference
    __arm_preinit_                            - Undefined Weak Reference
    __cpp_initialize__aeabi_                  - Undefined Weak Reference
    __cxa_finalize                            - Undefined Weak Reference
    __rt_locale                               - Undefined Weak Reference
    __sigvec_lookup                           - Undefined Weak Reference
    _atexit_init                              - Undefined Weak Reference
    _call_atexit_fns                          - Undefined Weak Reference
    _clock_init                               - Undefined Weak Reference
    _fp_trap_init                             - Undefined Weak Reference
    _fp_trap_shutdown                         - Undefined Weak Reference
    _get_lc_collate                           - Undefined Weak Reference
    _get_lc_ctype                             - Undefined Weak Reference
    _get_lc_monetary                          - Undefined Weak Reference
    _get_lc_numeric                           - Undefined Weak Reference
    _get_lc_time                              - Undefined Weak Reference
    _getenv_init                              - Undefined Weak Reference
    _handle_redirection                       - Undefined Weak Reference
    _init_alloc                               - Undefined Weak Reference
    _init_user_alloc                          - Undefined Weak Reference
    _initio                                   - Undefined Weak Reference
    _printf_post_padding                      - Undefined Weak Reference
    _printf_pre_padding                       - Undefined Weak Reference
    _printf_truncate_signed                   - Undefined Weak Reference
    _printf_truncate_unsigned                 - Undefined Weak Reference
    _rand_init                                - Undefined Weak Reference
    _signal_finish                            - Undefined Weak Reference
    _signal_init                              - Undefined Weak Reference
    _terminate_alloc                          - Undefined Weak Reference
    _terminate_user_alloc                     - Undefined Weak Reference
    _terminateio                              - Undefined Weak Reference
    __Vectors_Size                           0x00000130   Number         0  startup_stm32f10x_hd.o ABSOLUTE
    __Vectors                                0x08000000   Data           4  startup_stm32f10x_hd.o(RESET)
    __Vectors_End                            0x08000130   Data           0  startup_stm32f10x_hd.o(RESET)
    __main                                   0x08000131   Thumb Code     8  __main.o(!!!main)
    __scatterload                            0x08000139   Thumb Code     0  __scatter.o(!!!scatter)
    __scatterload_rt2                        0x08000139   Thumb Code    44  __scatter.o(!!!scatter)
    __scatterload_rt2_thumb_only             0x08000139   Thumb Code     0  __scatter.o(!!!scatter)
    __scatterload_null                       0x08000147   Thumb Code     0  __scatter.o(!!!scatter)
    __decompress                             0x0800016d   Thumb Code    90  __dczerorl2.o(!!dczerorl2)
    __decompress1                            0x0800016d   Thumb Code     0  __dczerorl2.o(!!dczerorl2)
    __scatterload_zeroinit                   0x080001c9   Thumb Code    28  __scatter_zi.o(!!handler_zi)
    _printf_d                                0x080001e5   Thumb Code     0  _printf_d.o(.ARM.Collect$$_printf_percent$$00000009)
    _printf_percent                          0x080001e5   Thumb Code     0  _printf_percent.o(.ARM.Collect$$_printf_percent$$00000000)
    _printf_percent_end                      0x080001eb   Thumb Code     0  _printf_percent_end.o(.ARM.Collect$$_printf_percent$$00000017)
    __rt_lib_init                            0x080001ef   Thumb Code     0  libinit.o(.ARM.Collect$$libinit$$00000000)
    __rt_lib_init_alloca_1                   0x080001f1   Thumb Code     0  libinit2.o(.ARM.Collect$$libinit$$0000002E)
    __rt_lib_init_argv_1                     0x080001f1   Thumb Code     0  libinit2.o(.ARM.Collect$$libinit$$0000002C)
    __rt_lib_init_atexit_1                   0x080001f1   Thumb Code     0  libinit2.o(.ARM.Collect$$libinit$$0000001B)
    __rt_lib_init_clock_1                    0x080001f1   Thumb Code     0  libinit2.o(.ARM.Collect$$libinit$$00000021)
    __rt_lib_init_cpp_1                      0x080001f1   Thumb Code     0  libinit2.o(.ARM.Collect$$libinit$$00000032)
    __rt_lib_init_exceptions_1               0x080001f1   Thumb Code     0  libinit2.o(.ARM.Collect$$libinit$$00000030)
    __rt_lib_init_fp_1                       0x080001f1   Thumb Code     0  libinit2.o(.ARM.Collect$$libinit$$00000002)
    __rt_lib_init_fp_trap_1                  0x080001f1   Thumb Code     0  libinit2.o(.ARM.Collect$$libinit$$0000001F)
    __rt_lib_init_getenv_1                   0x080001f1   Thumb Code     0  libinit2.o(.ARM.Collect$$libinit$$00000023)
    __rt_lib_init_heap_1                     0x080001f1   Thumb Code     0  libinit2.o(.ARM.Collect$$libinit$$0000000A)
    __rt_lib_init_lc_collate_1               0x080001f1   Thumb Code     0  libinit2.o(.ARM.Collect$$libinit$$00000011)
    __rt_lib_init_lc_ctype_1                 0x080001f1   Thumb Code     0  libinit2.o(.ARM.Collect$$libinit$$00000013)
    __rt_lib_init_lc_monetary_1              0x080001f1   Thumb Code     0  libinit2.o(.ARM.Collect$$libinit$$00000015)
    __rt_lib_init_lc_numeric_1               0x080001f1   Thumb Code     0  libinit2.o(.ARM.Collect$$libinit$$00000017)
    __rt_lib_init_lc_time_1                  0x080001f1   Thumb Code     0  libinit2.o(.ARM.Collect$$libinit$$00000019)
    __rt_lib_init_preinit_1                  0x080001f1   Thumb Code     0  libinit2.o(.ARM.Collect$$libinit$$00000004)
    __rt_lib_init_rand_1                     0x080001f1   Thumb Code     0  libinit2.o(.ARM.Collect$$libinit$$0000000E)
    __rt_lib_init_return                     0x080001f1   Thumb Code     0  libinit2.o(.ARM.Collect$$libinit$$00000033)
    __rt_lib_init_signal_1                   0x080001f1   Thumb Code     0  libinit2.o(.ARM.Collect$$libinit$$0000001D)
    __rt_lib_init_stdio_1                    0x080001f1   Thumb Code     0  libinit2.o(.ARM.Collect$$libinit$$00000025)
    __rt_lib_init_user_alloc_1               0x080001f1   Thumb Code     0  libinit2.o(.ARM.Collect$$libinit$$0000000C)
    __rt_lib_shutdown                        0x080001f3   Thumb Code     0  libshutdown.o(.ARM.Collect$$libshutdown$$00000000)
    __rt_lib_shutdown_fp_trap_1              0x080001f5   Thumb Code     0  libshutdown2.o(.ARM.Collect$$libshutdown$$00000006)
    __rt_lib_shutdown_heap_1                 0x080001f5   Thumb Code     0  libshutdown2.o(.ARM.Collect$$libshutdown$$0000000E)
    __rt_lib_shutdown_return                 0x080001f5   Thumb Code     0  libshutdown2.o(.ARM.Collect$$libshutdown$$0000000F)
    __rt_lib_shutdown_signal_1               0x080001f5   Thumb Code     0  libshutdown2.o(.ARM.Collect$$libshutdown$$00000009)
    __rt_lib_shutdown_stdio_1                0x080001f5   Thumb Code     0  libshutdown2.o(.ARM.Collect$$libshutdown$$00000003)
    __rt_lib_shutdown_user_alloc_1           0x080001f5   Thumb Code     0  libshutdown2.o(.ARM.Collect$$libshutdown$$0000000B)
    __rt_entry                               0x080001f7   Thumb Code     0  __rtentry.o(.ARM.Collect$$rtentry$$00000000)
    __rt_entry_presh_1                       0x080001f7   Thumb Code     0  __rtentry2.o(.ARM.Collect$$rtentry$$00000002)
    __rt_entry_sh                            0x080001f7   Thumb Code     0  __rtentry4.o(.ARM.Collect$$rtentry$$00000004)
    __rt_entry_li                            0x080001fd   Thumb Code     0  __rtentry2.o(.ARM.Collect$$rtentry$$0000000A)
    __rt_entry_postsh_1                      0x080001fd   Thumb Code     0  __rtentry2.o(.ARM.Collect$$rtentry$$00000009)
    __rt_entry_main                          0x08000201   Thumb Code     0  __rtentry2.o(.ARM.Collect$$rtentry$$0000000D)
    __rt_entry_postli_1                      0x08000201   Thumb Code     0  __rtentry2.o(.ARM.Collect$$rtentry$$0000000C)
    __rt_exit                                0x08000209   Thumb Code     0  rtexit.o(.ARM.Collect$$rtexit$$00000000)
    __rt_exit_ls                             0x0800020b   Thumb Code     0  rtexit2.o(.ARM.Collect$$rtexit$$00000003)
    __rt_exit_prels_1                        0x0800020b   Thumb Code     0  rtexit2.o(.ARM.Collect$$rtexit$$00000002)
    __rt_exit_exit                           0x0800020f   Thumb Code     0  rtexit2.o(.ARM.Collect$$rtexit$$00000004)
    Reset_Handler                            0x08000215   Thumb Code     8  startup_stm32f10x_hd.o(.text)
    ADC1_2_IRQHandler                        0x0800022f   Thumb Code     0  startup_stm32f10x_hd.o(.text)
    ADC3_IRQHandler                          0x0800022f   Thumb Code     0  startup_stm32f10x_hd.o(.text)
    CAN1_RX1_IRQHandler                      0x0800022f   Thumb Code     0  startup_stm32f10x_hd.o(.text)
    CAN1_SCE_IRQHandler                      0x0800022f   Thumb Code     0  startup_stm32f10x_hd.o(.text)
    DMA1_Channel1_IRQHandler                 0x0800022f   Thumb Code     0  startup_stm32f10x_hd.o(.text)
    DMA1_Channel2_IRQHandler                 0x0800022f   Thumb Code     0  startup_stm32f10x_hd.o(.text)
    DMA1_Channel3_IRQHandler                 0x0800022f   Thumb Code     0  startup_stm32f10x_hd.o(.text)
    DMA1_Channel4_IRQHandler                 0x0800022f   Thumb Code     0  startup_stm32f10x_hd.o(.text)
    DMA1_Channel5_IRQHandler                 0x0800022f   Thumb Code     0  startup_stm32f10x_hd.o(.text)
    DMA1_Channel6_IRQHandler                 0x0800022f   Thumb Code     0  startup_stm32f10x_hd.o(.text)
    DMA1_Channel7_IRQHandler                 0x0800022f   Thumb Code     0  startup_stm32f10x_hd.o(.text)
    DMA2_Channel1_IRQHandler                 0x0800022f   Thumb Code     0  startup_stm32f10x_hd.o(.text)
    DMA2_Channel2_IRQHandler                 0x0800022f   Thumb Code     0  startup_stm32f10x_hd.o(.text)
    DMA2_Channel3_IRQHandler                 0x0800022f   Thumb Code     0  startup_stm32f10x_hd.o(.text)
    DMA2_Channel4_5_IRQHandler               0x0800022f   Thumb Code     0  startup_stm32f10x_hd.o(.text)
    EXTI1_IRQHandler                         0x0800022f   Thumb Code     0  startup_stm32f10x_hd.o(.text)
    EXTI2_IRQHandler                         0x0800022f   Thumb Code     0  startup_stm32f10x_hd.o(.text)
    EXTI3_IRQHandler                         0x0800022f   Thumb Code     0  startup_stm32f10x_hd.o(.text)
    EXTI4_IRQHandler                         0x0800022f   Thumb Code     0  startup_stm32f10x_hd.o(.text)
    FLASH_IRQHandler                         0x0800022f   Thumb Code     0  startup_stm32f10x_hd.o(.text)
    FSMC_IRQHandler                          0x0800022f   Thumb Code     0  startup_stm32f10x_hd.o(.text)
    I2C1_ER_IRQHandler                       0x0800022f   Thumb Code     0  startup_stm32f10x_hd.o(.text)
    I2C1_EV_IRQHandler                       0x0800022f   Thumb Code     0  startup_stm32f10x_hd.o(.text)
    I2C2_ER_IRQHandler                       0x0800022f   Thumb Code     0  startup_stm32f10x_hd.o(.text)
    I2C2_EV_IRQHandler                       0x0800022f   Thumb Code     0  startup_stm32f10x_hd.o(.text)
    PVD_IRQHandler                           0x0800022f   Thumb Code     0  startup_stm32f10x_hd.o(.text)
    RCC_IRQHandler                           0x0800022f   Thumb Code     0  startup_stm32f10x_hd.o(.text)
    RTCAlarm_IRQHandler                      0x0800022f   Thumb Code     0  startup_stm32f10x_hd.o(.text)
    RTC_IRQHandler                           0x0800022f   Thumb Code     0  startup_stm32f10x_hd.o(.text)
    SDIO_IRQHandler                          0x0800022f   Thumb Code     0  startup_stm32f10x_hd.o(.text)
    SPI1_IRQHandler                          0x0800022f   Thumb Code     0  startup_stm32f10x_hd.o(.text)
    SPI2_IRQHandler                          0x0800022f   Thumb Code     0  startup_stm32f10x_hd.o(.text)
    SPI3_IRQHandler                          0x0800022f   Thumb Code     0  startup_stm32f10x_hd.o(.text)
    TAMPER_IRQHandler                        0x0800022f   Thumb Code     0  startup_stm32f10x_hd.o(.text)
    TIM1_BRK_IRQHandler                      0x0800022f   Thumb Code     0  startup_stm32f10x_hd.o(.text)
    TIM1_CC_IRQHandler                       0x0800022f   Thumb Code     0  startup_stm32f10x_hd.o(.text)
    TIM1_TRG_COM_IRQHandler                  0x0800022f   Thumb Code     0  startup_stm32f10x_hd.o(.text)
    TIM1_UP_IRQHandler                       0x0800022f   Thumb Code     0  startup_stm32f10x_hd.o(.text)
    TIM2_IRQHandler                          0x0800022f   Thumb Code     0  startup_stm32f10x_hd.o(.text)
    TIM3_IRQHandler                          0x0800022f   Thumb Code     0  startup_stm32f10x_hd.o(.text)
    TIM4_IRQHandler                          0x0800022f   Thumb Code     0  startup_stm32f10x_hd.o(.text)
    TIM5_IRQHandler                          0x0800022f   Thumb Code     0  startup_stm32f10x_hd.o(.text)
    TIM6_IRQHandler                          0x0800022f   Thumb Code     0  startup_stm32f10x_hd.o(.text)
    TIM7_IRQHandler                          0x0800022f   Thumb Code     0  startup_stm32f10x_hd.o(.text)
    TIM8_BRK_IRQHandler                      0x0800022f   Thumb Code     0  startup_stm32f10x_hd.o(.text)
    TIM8_CC_IRQHandler                       0x0800022f   Thumb Code     0  startup_stm32f10x_hd.o(.text)
    TIM8_TRG_COM_IRQHandler                  0x0800022f   Thumb Code     0  startup_stm32f10x_hd.o(.text)
    TIM8_UP_IRQHandler                       0x0800022f   Thumb Code     0  startup_stm32f10x_hd.o(.text)
    UART4_IRQHandler                         0x0800022f   Thumb Code     0  startup_stm32f10x_hd.o(.text)
    UART5_IRQHandler                         0x0800022f   Thumb Code     0  startup_stm32f10x_hd.o(.text)
    USART1_IRQHandler                        0x0800022f   Thumb Code     0  startup_stm32f10x_hd.o(.text)
    USART2_IRQHandler                        0x0800022f   Thumb Code     0  startup_stm32f10x_hd.o(.text)
    USART3_IRQHandler                        0x0800022f   Thumb Code     0  startup_stm32f10x_hd.o(.text)
    USBWakeUp_IRQHandler                     0x0800022f   Thumb Code     0  startup_stm32f10x_hd.o(.text)
    USB_HP_CAN1_TX_IRQHandler                0x0800022f   Thumb Code     0  startup_stm32f10x_hd.o(.text)
    USB_LP_CAN1_RX0_IRQHandler               0x0800022f   Thumb Code     0  startup_stm32f10x_hd.o(.text)
    WWDG_IRQHandler                          0x0800022f   Thumb Code     0  startup_stm32f10x_hd.o(.text)
    __user_initial_stackheap                 0x08000231   Thumb Code     0  startup_stm32f10x_hd.o(.text)
    __2sprintf                               0x08000255   Thumb Code    34  noretval__2sprintf.o(.text)
    __printf                                 0x0800027d   Thumb Code   104  __printf.o(.text)
    _printf_int_dec                          0x080002e5   Thumb Code   104  _printf_dec.o(.text)
    __aeabi_memclr4                          0x0800035d   Thumb Code     0  rt_memclr_w.o(.text)
    __aeabi_memclr8                          0x0800035d   Thumb Code     0  rt_memclr_w.o(.text)
    __rt_memclr_w                            0x0800035d   Thumb Code    78  rt_memclr_w.o(.text)
    _memset_w                                0x08000361   Thumb Code     0  rt_memclr_w.o(.text)
    __use_two_region_memory                  0x080003ab   Thumb Code     2  heapauxi.o(.text)
    __rt_heap_escrow$2region                 0x080003ad   Thumb Code     2  heapauxi.o(.text)
    __rt_heap_expand$2region                 0x080003af   Thumb Code     2  heapauxi.o(.text)
    _printf_int_common                       0x080003b1   Thumb Code   178  _printf_intcommon.o(.text)
    _printf_char_common                      0x0800046f   Thumb Code    32  _printf_char_common.o(.text)
    _sputc                                   0x08000495   Thumb Code    10  _sputc.o(.text)
    __user_setup_stackheap                   0x0800049f   Thumb Code    74  sys_stackheap_outer.o(.text)
    exit                                     0x080004e9   Thumb Code    12  exit.o(.text)
    __user_libspace                          0x080004f5   Thumb Code     8  libspace.o(.text)
    __user_perproc_libspace                  0x080004f5   Thumb Code     0  libspace.o(.text)
    __user_perthread_libspace                0x080004f5   Thumb Code     0  libspace.o(.text)
    _sys_exit                                0x080004fd   Thumb Code     8  sys_exit.o(.text)
    __I$use$semihosting                      0x08000509   Thumb Code     0  use_no_semi.o(.text)
    __use_no_semihosting_swi                 0x08000509   Thumb Code     2  use_no_semi.o(.text)
    ADC_Cmd                                  0x0800050b   Thumb Code    22  stm32f10x_adc.o(i.ADC_Cmd)
    __semihosting_library_function           0x0800050b   Thumb Code     0  indicate_semi.o(.text)
    ADC_DMACmd                               0x08000521   Thumb Code    22  stm32f10x_adc.o(i.ADC_DMACmd)
    ADC_GetCalibrationStatus                 0x08000537   Thumb Code    20  stm32f10x_adc.o(i.ADC_GetCalibrationStatus)
    ADC_GetResetCalibrationStatus            0x0800054b   Thumb Code    20  stm32f10x_adc.o(i.ADC_GetResetCalibrationStatus)
    ADC_Init                                 0x08000561   Thumb Code    70  stm32f10x_adc.o(i.ADC_Init)
    ADC_RegularChannelConfig                 0x080005b1   Thumb Code   184  stm32f10x_adc.o(i.ADC_RegularChannelConfig)
    ADC_ResetCalibration                     0x08000669   Thumb Code    10  stm32f10x_adc.o(i.ADC_ResetCalibration)
    ADC_SoftwareStartConvCmd                 0x08000673   Thumb Code    22  stm32f10x_adc.o(i.ADC_SoftwareStartConvCmd)
    ADC_StartCalibration                     0x08000689   Thumb Code    10  stm32f10x_adc.o(i.ADC_StartCalibration)
    BusFault_Handler                         0x08000693   Thumb Code     4  stm32f10x_it.o(i.BusFault_Handler)
    ClearDisplay                             0x08000697   Thumb Code    56  st7565.o(i.ClearDisplay)
    DMA_Cmd                                  0x080006cf   Thumb Code    24  stm32f10x_dma.o(i.DMA_Cmd)
    DMA_DeInit                               0x080006e9   Thumb Code   324  stm32f10x_dma.o(i.DMA_DeInit)
    DMA_Init                                 0x08000835   Thumb Code    60  stm32f10x_dma.o(i.DMA_Init)
    DebugMon_Handler                         0x08000871   Thumb Code     2  stm32f10x_it.o(i.DebugMon_Handler)
    Delay_Ms                                 0x08000875   Thumb Code    18  stm32f10x_it.o(i.Delay_Ms)
    EXTI0_IRQHandler                         0x0800088d   Thumb Code    10  stm32f10x_it.o(i.EXTI0_IRQHandler)
    EXTI15_10_IRQHandler                     0x08000897   Thumb Code    12  stm32f10x_it.o(i.EXTI15_10_IRQHandler)
    EXTI9_5_IRQHandler                       0x080008a3   Thumb Code    12  stm32f10x_it.o(i.EXTI9_5_IRQHandler)
    EXTI_ClearITPendingBit                   0x080008b1   Thumb Code     6  stm32f10x_exti.o(i.EXTI_ClearITPendingBit)
    FLASH_ClearFlag                          0x080008bd   Thumb Code     6  stm32f10x_flash.o(i.FLASH_ClearFlag)
    FLASH_ErasePage                          0x080008c9   Thumb Code    72  stm32f10x_flash.o(i.FLASH_ErasePage)
    FLASH_GetBank1Status                     0x08000915   Thumb Code    48  stm32f10x_flash.o(i.FLASH_GetBank1Status)
    FLASH_Lock                               0x08000949   Thumb Code    14  stm32f10x_flash.o(i.FLASH_Lock)
    FLASH_PrefetchBufferCmd                  0x0800095d   Thumb Code    22  stm32f10x_flash.o(i.FLASH_PrefetchBufferCmd)
    FLASH_ProgramHalfWord                    0x08000979   Thumb Code    60  stm32f10x_flash.o(i.FLASH_ProgramHalfWord)
    FLASH_SetLatency                         0x080009b9   Thumb Code    18  stm32f10x_flash.o(i.FLASH_SetLatency)
    FLASH_Unlock                             0x080009d1   Thumb Code    12  stm32f10x_flash.o(i.FLASH_Unlock)
    FLASH_WaitForLastOperation               0x080009e9   Thumb Code    38  stm32f10x_flash.o(i.FLASH_WaitForLastOperation)
    FSM_link_connected                       0x08000a11   Thumb Code    88  main.o(i.FSM_link_connected)
    FSM_link_start                           0x08000a6d   Thumb Code   350  main.o(i.FSM_link_start)
    GPIO_Init                                0x08000bf5   Thumb Code   278  stm32f10x_gpio.o(i.GPIO_Init)
    GPIO_ReadInputDataBit                    0x08000d0b   Thumb Code    18  stm32f10x_gpio.o(i.GPIO_ReadInputDataBit)
    GPIO_ResetBits                           0x08000d1d   Thumb Code     4  stm32f10x_gpio.o(i.GPIO_ResetBits)
    GPIO_SetBits                             0x08000d21   Thumb Code     4  stm32f10x_gpio.o(i.GPIO_SetBits)
    HardFault_Handler                        0x08000d25   Thumb Code     4  stm32f10x_it.o(i.HardFault_Handler)
    Init_St7565                              0x08000d29   Thumb Code   112  st7565.o(i.Init_St7565)
    LCD_DrawBMP                              0x08000d9d   Thumb Code   116  st7565.o(i.LCD_DrawBMP)
    LCD_Init                                 0x08000e11   Thumb Code   126  12864.o(i.LCD_Init)
    LCD_P8x16Str                             0x08000e9d   Thumb Code   136  st7565.o(i.LCD_P8x16Str)
    LCD_ShowCHinese                          0x08000f29   Thumb Code    72  12864.o(i.LCD_ShowCHinese)
    LCD_show_line1_bmp                       0x08000f71   Thumb Code    54  st7565.o(i.LCD_show_line1_bmp)
    MemManage_Handler                        0x08000fb1   Thumb Code     4  stm32f10x_it.o(i.MemManage_Handler)
    NMI_Handler                              0x08000fb5   Thumb Code     2  stm32f10x_it.o(i.NMI_Handler)
    NRF24L01_Send                            0x08000fb9   Thumb Code   180  nrf24l01.o(i.NRF24L01_Send)
    NRF24L01_TX_Mode                         0x08001075   Thumb Code   128  nrf24l01.o(i.NRF24L01_TX_Mode)
    NVIC_Configuration                       0x080010f9   Thumb Code    22  sys_config.o(i.NVIC_Configuration)
    NVIC_PriorityGroupConfig                 0x08001111   Thumb Code    10  misc.o(i.NVIC_PriorityGroupConfig)
    NVIC_SetVectorTable                      0x08001125   Thumb Code    12  misc.o(i.NVIC_SetVectorTable)
    OLED_Set_Pos                             0x08001139   Thumb Code    46  oled.o(i.OLED_Set_Pos)
    OLED_ShowCHinese                         0x08001169   Thumb Code    98  oled.o(i.OLED_ShowCHinese)
    OLED_ShowChar                            0x080011d1   Thumb Code   110  oled.o(i.OLED_ShowChar)
    OLED_ShowString                          0x08001245   Thumb Code    54  oled.o(i.OLED_ShowString)
    OLED_WR_Byte                             0x0800127d   Thumb Code   108  oled.o(i.OLED_WR_Byte)
    PendSV_Handler                           0x080012f1   Thumb Code     2  stm32f10x_it.o(i.PendSV_Handler)
    RCC_AHBPeriphClockCmd                    0x080012f5   Thumb Code    26  stm32f10x_rcc.o(i.RCC_AHBPeriphClockCmd)
    RCC_APB1PeriphResetCmd                   0x08001315   Thumb Code    26  stm32f10x_rcc.o(i.RCC_APB1PeriphResetCmd)
    RCC_APB2PeriphClockCmd                   0x08001335   Thumb Code    26  stm32f10x_rcc.o(i.RCC_APB2PeriphClockCmd)
    RCC_APB2PeriphResetCmd                   0x08001355   Thumb Code    26  stm32f10x_rcc.o(i.RCC_APB2PeriphResetCmd)
    RCC_Configuration                        0x08001375   Thumb Code   196  sys_config.o(i.RCC_Configuration)
    RCC_DeInit                               0x08001445   Thumb Code    64  stm32f10x_rcc.o(i.RCC_DeInit)
    RCC_GetFlagStatus                        0x08001491   Thumb Code    56  stm32f10x_rcc.o(i.RCC_GetFlagStatus)
    RCC_GetSYSCLKSource                      0x080014cd   Thumb Code    10  stm32f10x_rcc.o(i.RCC_GetSYSCLKSource)
    RCC_HCLKConfig                           0x080014dd   Thumb Code    18  stm32f10x_rcc.o(i.RCC_HCLKConfig)
    RCC_HSEConfig                            0x080014f5   Thumb Code    70  stm32f10x_rcc.o(i.RCC_HSEConfig)
    RCC_HSICmd                               0x08001541   Thumb Code     6  stm32f10x_rcc.o(i.RCC_HSICmd)
    RCC_PCLK1Config                          0x0800154d   Thumb Code    18  stm32f10x_rcc.o(i.RCC_PCLK1Config)
    RCC_PCLK2Config                          0x08001565   Thumb Code    20  stm32f10x_rcc.o(i.RCC_PCLK2Config)
    RCC_PLLCmd                               0x0800157d   Thumb Code     6  stm32f10x_rcc.o(i.RCC_PLLCmd)
    RCC_PLLConfig                            0x08001589   Thumb Code    24  stm32f10x_rcc.o(i.RCC_PLLConfig)
    RCC_SYSCLKConfig                         0x080015a5   Thumb Code    18  stm32f10x_rcc.o(i.RCC_SYSCLKConfig)
    SPI_Cmd                                  0x080015bd   Thumb Code    24  stm32f10x_spi.o(i.SPI_Cmd)
    SPI_I2S_DeInit                           0x080015d5   Thumb Code    76  stm32f10x_spi.o(i.SPI_I2S_DeInit)
    SPI_I2S_GetFlagStatus                    0x0800162d   Thumb Code    18  stm32f10x_spi.o(i.SPI_I2S_GetFlagStatus)
    SPI_I2S_ReceiveData                      0x0800163f   Thumb Code     6  stm32f10x_spi.o(i.SPI_I2S_ReceiveData)
    SPI_I2S_SendData                         0x08001645   Thumb Code     4  stm32f10x_spi.o(i.SPI_I2S_SendData)
    SPI_Init                                 0x08001649   Thumb Code    60  stm32f10x_spi.o(i.SPI_Init)
    SVC_Handler                              0x080016cd   Thumb Code     2  stm32f10x_it.o(i.SVC_Handler)
    Setadd                                   0x080017b9   Thumb Code    40  st7565.o(i.Setadd)
    Setadd12864                              0x080017e1   Thumb Code    44  12864.o(i.Setadd12864)
    St7565_Port                              0x0800180d   Thumb Code    72  st7565.o(i.St7565_Port)
    St7565_WriteCmd                          0x0800185d   Thumb Code   106  st7565.o(i.St7565_WriteCmd)
    St7565_WriteDat                          0x080018d1   Thumb Code   106  st7565.o(i.St7565_WriteDat)
    SysTick_Handler                          0x08001945   Thumb Code    28  stm32f10x_it.o(i.SysTick_Handler)
    SystemInit                               0x08001969   Thumb Code    78  system_stm32f10x.o(i.SystemInit)
    UsageFault_Handler                       0x080019c9   Thumb Code     4  stm32f10x_it.o(i.UsageFault_Handler)
    ad_init                                  0x080019cd   Thumb Code   238  sys_config.o(i.ad_init)
    beep                                     0x08001acd   Thumb Code    52  button.o(i.beep)
    buf2addr                                 0x08001b05   Thumb Code   192  button.o(i.buf2addr)
    button_init                              0x08001bc5   Thumb Code   108  button.o(i.button_init)
    delay                                    0x08001c3d   Thumb Code    12  button.o(i.delay)
    delayms                                  0x08001c49   Thumb Code    28  st7565.o(i.delayms)
    disable_key                              0x08001c65   Thumb Code     8  button.o(i.disable_key)
    disp_ch                                  0x08001c71   Thumb Code   160  12864.o(i.disp_ch)
    disp_hz                                  0x08001d15   Thumb Code   152  12864.o(i.disp_hz)
    display_by_key                           0x08001db1   Thumb Code   492  main.o(i.display_by_key)
    enable_key                               0x08001fb1   Thumb Code     8  button.o(i.enable_key)
    get_addr                                 0x08001fd5   Thumb Code   184  button.o(i.get_addr)
    get_key                                  0x08002095   Thumb Code    22  button.o(i.get_key)
    key_prograss                             0x080020b5   Thumb Code   200  stm32f10x_it.o(i.key_prograss)
    key_trans                                0x08002181   Thumb Code    60  main.o(i.key_trans)
    lcd_ShowChar                             0x080021c1   Thumb Code   106  lcd_display.o(i.lcd_ShowChar)
    lcd_clear_line                           0x08002231   Thumb Code    42  lcd_display.o(i.lcd_clear_line)
    lcd_show_line1                           0x08002261   Thumb Code    18  lcd_display.o(i.lcd_show_line1)
    lcd_show_line2                           0x08002275   Thumb Code   302  lcd_display.o(i.lcd_show_line2)
    lcd_show_line3                           0x08002411   Thumb Code   254  lcd_display.o(i.lcd_show_line3)
    main                                     0x08002561   Thumb Code    56  main.o(i.main)
    oled_clear_line                          0x0800259d   Thumb Code    42  display.o(i.oled_clear_line)
    oled_show_line2                          0x080025cd   Thumb Code   544  display.o(i.oled_show_line2)
    put_key                                  0x080027f1   Thumb Code    28  button.o(i.put_key)
    read_addr                                0x08002819   Thumb Code    36  sys_config.o(i.read_addr)
    save_addr                                0x08002841   Thumb Code    54  sys_config.o(i.save_addr)
    spi_init                                 0x0800287d   Thumb Code   192  nrf24l01.o(i.spi_init)
    F6x8                                     0x080029e8   Data         552  oled.o(.constdata)
    F8X16                                    0x08002c10   Data        1520  oled.o(.constdata)
    ASC_16                                   0x08003200   Data         204  12864.o(.constdata)
    GB_16                                    0x080032cc   Data        1598  12864.o(.constdata)
    ascii_table_8x16                         0x0800390a   Data        1520  12864.o(.constdata)
    SF8X16                                   0x08003efa   Data        1520  st7565.o(.constdata)
    Region$$Table$$Base                      0x080044ec   Number         0  anon$$obj.o(Region$$Table)
    Region$$Table$$Limit                     0x0800450c   Number         0  anon$$obj.o(Region$$Table)
    nrf24l01                                 0x20000000   Data           7  main.o(.data)
    addr                                     0x2000000c   Data           5  main.o(.data)
    me                                       0x20000014   Data          12  main.o(.data)
    key6_flag                                0x20000024   Data           1  stm32f10x_it.o(.data)
    SystemCoreClock                          0x20000180   Data           4  system_stm32f10x.o(.data)
    AHBPrescTable                            0x20000184   Data          16  system_stm32f10x.o(.data)
    TX_ADDRESS                               0x20000194   Data           5  nrf24l01.o(.data)
    RX_ADDRESS                               0x20000199   Data           5  nrf24l01.o(.data)
    SendBuff                                 0x2000019e   Data          32  nrf24l01.o(.data)
    Hzk                                      0x200001d0   Data        2944  oled.o(.data)
    BmpSignal                                0x20000d50   Data          32  oled.o(.data)
    BmpNoSignal                              0x20000d70   Data          32  oled.o(.data)
    LCDBmpSignal                             0x20000d92   Data          32  st7565.o(.data)
    LCDBmpNoSignal                           0x20000db2   Data          32  st7565.o(.data)
    ADCConvertedValue                        0x20000dd4   Data          32  sys_config.o(.bss)
    __libspace_start                         0x20000e08   Data          96  libspace.o(.bss)
    __temporary_stack_top$libspace           0x20000e68   Data           0  libspace.o(.bss)



==============================================================================

Memory Map of the image

  Image Entry point : 0x08000131

  Load Region LR_IROM1 (Base: 0x08000000, Size: 0x000052e0, Max: 0x00020000, ABSOLUTE, COMPRESSED[0x00004acc])

    Execution Region ER_IROM1 (Base: 0x08000000, Size: 0x0000450c, Max: 0x00020000, ABSOLUTE)

    Base Addr    Size         Type   Attr      Idx    E Section Name        Object

    0x08000000   0x00000130   Data   RO         3242    RESET               startup_stm32f10x_hd.o
    0x08000130   0x00000008   Code   RO         3826  * !!!main             c_w.l(__main.o)
    0x08000138   0x00000034   Code   RO         3993    !!!scatter          c_w.l(__scatter.o)
    0x0800016c   0x0000005a   Code   RO         3991    !!dczerorl2         c_w.l(__dczerorl2.o)
    0x080001c6   0x00000002   PAD
    0x080001c8   0x0000001c   Code   RO         3995    !!handler_zi        c_w.l(__scatter_zi.o)
    0x080001e4   0x00000000   Code   RO         3821    .ARM.Collect$$_printf_percent$$00000000  c_w.l(_printf_percent.o)
    0x080001e4   0x00000006   Code   RO         3820    .ARM.Collect$$_printf_percent$$00000009  c_w.l(_printf_d.o)
    0x080001ea   0x00000004   Code   RO         3835    .ARM.Collect$$_printf_percent$$00000017  c_w.l(_printf_percent_end.o)
    0x080001ee   0x00000002   Code   RO         3862    .ARM.Collect$$libinit$$00000000  c_w.l(libinit.o)
    0x080001f0   0x00000000   Code   RO         3869    .ARM.Collect$$libinit$$00000002  c_w.l(libinit2.o)
    0x080001f0   0x00000000   Code   RO         3871    .ARM.Collect$$libinit$$00000004  c_w.l(libinit2.o)
    0x080001f0   0x00000000   Code   RO         3874    .ARM.Collect$$libinit$$0000000A  c_w.l(libinit2.o)
    0x080001f0   0x00000000   Code   RO         3876    .ARM.Collect$$libinit$$0000000C  c_w.l(libinit2.o)
    0x080001f0   0x00000000   Code   RO         3878    .ARM.Collect$$libinit$$0000000E  c_w.l(libinit2.o)
    0x080001f0   0x00000000   Code   RO         3881    .ARM.Collect$$libinit$$00000011  c_w.l(libinit2.o)
    0x080001f0   0x00000000   Code   RO         3883    .ARM.Collect$$libinit$$00000013  c_w.l(libinit2.o)
    0x080001f0   0x00000000   Code   RO         3885    .ARM.Collect$$libinit$$00000015  c_w.l(libinit2.o)
    0x080001f0   0x00000000   Code   RO         3887    .ARM.Collect$$libinit$$00000017  c_w.l(libinit2.o)
    0x080001f0   0x00000000   Code   RO         3889    .ARM.Collect$$libinit$$00000019  c_w.l(libinit2.o)
    0x080001f0   0x00000000   Code   RO         3891    .ARM.Collect$$libinit$$0000001B  c_w.l(libinit2.o)
    0x080001f0   0x00000000   Code   RO         3893    .ARM.Collect$$libinit$$0000001D  c_w.l(libinit2.o)
    0x080001f0   0x00000000   Code   RO         3895    .ARM.Collect$$libinit$$0000001F  c_w.l(libinit2.o)
    0x080001f0   0x00000000   Code   RO         3897    .ARM.Collect$$libinit$$00000021  c_w.l(libinit2.o)
    0x080001f0   0x00000000   Code   RO         3899    .ARM.Collect$$libinit$$00000023  c_w.l(libinit2.o)
    0x080001f0   0x00000000   Code   RO         3901    .ARM.Collect$$libinit$$00000025  c_w.l(libinit2.o)
    0x080001f0   0x00000000   Code   RO         3905    .ARM.Collect$$libinit$$0000002C  c_w.l(libinit2.o)
    0x080001f0   0x00000000   Code   RO         3907    .ARM.Collect$$libinit$$0000002E  c_w.l(libinit2.o)
    0x080001f0   0x00000000   Code   RO         3909    .ARM.Collect$$libinit$$00000030  c_w.l(libinit2.o)
    0x080001f0   0x00000000   Code   RO         3911    .ARM.Collect$$libinit$$00000032  c_w.l(libinit2.o)
    0x080001f0   0x00000002   Code   RO         3912    .ARM.Collect$$libinit$$00000033  c_w.l(libinit2.o)
    0x080001f2   0x00000002   Code   RO         3932    .ARM.Collect$$libshutdown$$00000000  c_w.l(libshutdown.o)
    0x080001f4   0x00000000   Code   RO         3946    .ARM.Collect$$libshutdown$$00000003  c_w.l(libshutdown2.o)
    0x080001f4   0x00000000   Code   RO         3949    .ARM.Collect$$libshutdown$$00000006  c_w.l(libshutdown2.o)
    0x080001f4   0x00000000   Code   RO         3952    .ARM.Collect$$libshutdown$$00000009  c_w.l(libshutdown2.o)
    0x080001f4   0x00000000   Code   RO         3954    .ARM.Collect$$libshutdown$$0000000B  c_w.l(libshutdown2.o)
    0x080001f4   0x00000000   Code   RO         3957    .ARM.Collect$$libshutdown$$0000000E  c_w.l(libshutdown2.o)
    0x080001f4   0x00000002   Code   RO         3958    .ARM.Collect$$libshutdown$$0000000F  c_w.l(libshutdown2.o)
    0x080001f6   0x00000000   Code   RO         3828    .ARM.Collect$$rtentry$$00000000  c_w.l(__rtentry.o)
    0x080001f6   0x00000000   Code   RO         3837    .ARM.Collect$$rtentry$$00000002  c_w.l(__rtentry2.o)
    0x080001f6   0x00000006   Code   RO         3849    .ARM.Collect$$rtentry$$00000004  c_w.l(__rtentry4.o)
    0x080001fc   0x00000000   Code   RO         3839    .ARM.Collect$$rtentry$$00000009  c_w.l(__rtentry2.o)
    0x080001fc   0x00000004   Code   RO         3840    .ARM.Collect$$rtentry$$0000000A  c_w.l(__rtentry2.o)
    0x08000200   0x00000000   Code   RO         3842    .ARM.Collect$$rtentry$$0000000C  c_w.l(__rtentry2.o)
    0x08000200   0x00000008   Code   RO         3843    .ARM.Collect$$rtentry$$0000000D  c_w.l(__rtentry2.o)
    0x08000208   0x00000002   Code   RO         3866    .ARM.Collect$$rtexit$$00000000  c_w.l(rtexit.o)
    0x0800020a   0x00000000   Code   RO         3914    .ARM.Collect$$rtexit$$00000002  c_w.l(rtexit2.o)
    0x0800020a   0x00000004   Code   RO         3915    .ARM.Collect$$rtexit$$00000003  c_w.l(rtexit2.o)
    0x0800020e   0x00000006   Code   RO         3916    .ARM.Collect$$rtexit$$00000004  c_w.l(rtexit2.o)
    0x08000214   0x00000040   Code   RO         3243    .text               startup_stm32f10x_hd.o
    0x08000254   0x00000028   Code   RO         3794    .text               c_w.l(noretval__2sprintf.o)
    0x0800027c   0x00000068   Code   RO         3796    .text               c_w.l(__printf.o)
    0x080002e4   0x00000078   Code   RO         3798    .text               c_w.l(_printf_dec.o)
    0x0800035c   0x0000004e   Code   RO         3822    .text               c_w.l(rt_memclr_w.o)
    0x080003aa   0x00000006   Code   RO         3824    .text               c_w.l(heapauxi.o)
    0x080003b0   0x000000b2   Code   RO         3829    .text               c_w.l(_printf_intcommon.o)
    0x08000462   0x00000002   PAD
    0x08000464   0x00000030   Code   RO         3831    .text               c_w.l(_printf_char_common.o)
    0x08000494   0x0000000a   Code   RO         3833    .text               c_w.l(_sputc.o)
    0x0800049e   0x0000004a   Code   RO         3853    .text               c_w.l(sys_stackheap_outer.o)
    0x080004e8   0x0000000c   Code   RO         3855    .text               c_w.l(exit.o)
    0x080004f4   0x00000008   Code   RO         3863    .text               c_w.l(libspace.o)
    0x080004fc   0x0000000c   Code   RO         3924    .text               c_w.l(sys_exit.o)
    0x08000508   0x00000002   Code   RO         3935    .text               c_w.l(use_no_semi.o)
    0x0800050a   0x00000000   Code   RO         3937    .text               c_w.l(indicate_semi.o)
    0x0800050a   0x00000016   Code   RO          315    i.ADC_Cmd           stm32f10x_adc.o
    0x08000520   0x00000016   Code   RO          316    i.ADC_DMACmd        stm32f10x_adc.o
    0x08000536   0x00000014   Code   RO          323    i.ADC_GetCalibrationStatus  stm32f10x_adc.o
    0x0800054a   0x00000014   Code   RO          329    i.ADC_GetResetCalibrationStatus  stm32f10x_adc.o
    0x0800055e   0x00000002   PAD
    0x08000560   0x00000050   Code   RO          333    i.ADC_Init          stm32f10x_adc.o
    0x080005b0   0x000000b8   Code   RO          337    i.ADC_RegularChannelConfig  stm32f10x_adc.o
    0x08000668   0x0000000a   Code   RO          338    i.ADC_ResetCalibration  stm32f10x_adc.o
    0x08000672   0x00000016   Code   RO          340    i.ADC_SoftwareStartConvCmd  stm32f10x_adc.o
    0x08000688   0x0000000a   Code   RO          342    i.ADC_StartCalibration  stm32f10x_adc.o
    0x08000692   0x00000004   Code   RO          171    i.BusFault_Handler  stm32f10x_it.o
    0x08000696   0x00000038   Code   RO         3632    i.ClearDisplay      st7565.o
    0x080006ce   0x00000018   Code   RO         1000    i.DMA_Cmd           stm32f10x_dma.o
    0x080006e6   0x00000002   PAD
    0x080006e8   0x0000014c   Code   RO         1001    i.DMA_DeInit        stm32f10x_dma.o
    0x08000834   0x0000003c   Code   RO         1006    i.DMA_Init          stm32f10x_dma.o
    0x08000870   0x00000002   Code   RO          172    i.DebugMon_Handler  stm32f10x_it.o
    0x08000872   0x00000002   PAD
    0x08000874   0x00000018   Code   RO          173    i.Delay_Ms          stm32f10x_it.o
    0x0800088c   0x0000000a   Code   RO          174    i.EXTI0_IRQHandler  stm32f10x_it.o
    0x08000896   0x0000000c   Code   RO          175    i.EXTI15_10_IRQHandler  stm32f10x_it.o
    0x080008a2   0x0000000c   Code   RO          176    i.EXTI9_5_IRQHandler  stm32f10x_it.o
    0x080008ae   0x00000002   PAD
    0x080008b0   0x0000000c   Code   RO         1071    i.EXTI_ClearITPendingBit  stm32f10x_exti.o
    0x080008bc   0x0000000c   Code   RO         1124    i.FLASH_ClearFlag   stm32f10x_flash.o
    0x080008c8   0x0000004c   Code   RO         1129    i.FLASH_ErasePage   stm32f10x_flash.o
    0x08000914   0x00000034   Code   RO         1130    i.FLASH_GetBank1Status  stm32f10x_flash.o
    0x08000948   0x00000014   Code   RO         1139    i.FLASH_Lock        stm32f10x_flash.o
    0x0800095c   0x0000001c   Code   RO         1141    i.FLASH_PrefetchBufferCmd  stm32f10x_flash.o
    0x08000978   0x00000040   Code   RO         1142    i.FLASH_ProgramHalfWord  stm32f10x_flash.o
    0x080009b8   0x00000018   Code   RO         1146    i.FLASH_SetLatency  stm32f10x_flash.o
    0x080009d0   0x00000018   Code   RO         1147    i.FLASH_Unlock      stm32f10x_flash.o
    0x080009e8   0x00000026   Code   RO         1151    i.FLASH_WaitForLastOperation  stm32f10x_flash.o
    0x08000a0e   0x00000002   PAD
    0x08000a10   0x0000005c   Code   RO            1    i.FSM_link_connected  main.o
    0x08000a6c   0x00000188   Code   RO            3    i.FSM_link_start    main.o
    0x08000bf4   0x00000116   Code   RO         1424    i.GPIO_Init         stm32f10x_gpio.o
    0x08000d0a   0x00000012   Code   RO         1428    i.GPIO_ReadInputDataBit  stm32f10x_gpio.o
    0x08000d1c   0x00000004   Code   RO         1431    i.GPIO_ResetBits    stm32f10x_gpio.o
    0x08000d20   0x00000004   Code   RO         1432    i.GPIO_SetBits      stm32f10x_gpio.o
    0x08000d24   0x00000004   Code   RO          178    i.HardFault_Handler  stm32f10x_it.o
    0x08000d28   0x00000074   Code   RO         3633    i.Init_St7565       st7565.o
    0x08000d9c   0x00000074   Code   RO         3634    i.LCD_DrawBMP       st7565.o
    0x08000e10   0x0000008c   Code   RO         3587    i.LCD_Init          12864.o
    0x08000e9c   0x0000008c   Code   RO         3635    i.LCD_P8x16Str      st7565.o
    0x08000f28   0x00000048   Code   RO         3588    i.LCD_ShowCHinese   12864.o
    0x08000f70   0x00000040   Code   RO         3636    i.LCD_show_line1_bmp  st7565.o
    0x08000fb0   0x00000004   Code   RO          179    i.MemManage_Handler  stm32f10x_it.o
    0x08000fb4   0x00000002   Code   RO          180    i.NMI_Handler       stm32f10x_it.o
    0x08000fb6   0x00000002   PAD
    0x08000fb8   0x000000bc   Code   RO         3341    i.NRF24L01_Send     nrf24l01.o
    0x08001074   0x00000084   Code   RO         3342    i.NRF24L01_TX_Mode  nrf24l01.o
    0x080010f8   0x00000016   Code   RO         3292    i.NVIC_Configuration  sys_config.o
    0x0800110e   0x00000002   PAD
    0x08001110   0x00000014   Code   RO          274    i.NVIC_PriorityGroupConfig  misc.o
    0x08001124   0x00000014   Code   RO          275    i.NVIC_SetVectorTable  misc.o
    0x08001138   0x0000002e   Code   RO         3456    i.OLED_Set_Pos      oled.o
    0x08001166   0x00000002   PAD
    0x08001168   0x00000068   Code   RO         3457    i.OLED_ShowCHinese  oled.o
    0x080011d0   0x00000074   Code   RO         3458    i.OLED_ShowChar     oled.o
    0x08001244   0x00000036   Code   RO         3460    i.OLED_ShowString   oled.o
    0x0800127a   0x00000002   PAD
    0x0800127c   0x00000074   Code   RO         3461    i.OLED_WR_Byte      oled.o
    0x080012f0   0x00000002   Code   RO          181    i.PendSV_Handler    stm32f10x_it.o
    0x080012f2   0x00000002   PAD
    0x080012f4   0x00000020   Code   RO         1839    i.RCC_AHBPeriphClockCmd  stm32f10x_rcc.o
    0x08001314   0x00000020   Code   RO         1841    i.RCC_APB1PeriphResetCmd  stm32f10x_rcc.o
    0x08001334   0x00000020   Code   RO         1842    i.RCC_APB2PeriphClockCmd  stm32f10x_rcc.o
    0x08001354   0x00000020   Code   RO         1843    i.RCC_APB2PeriphResetCmd  stm32f10x_rcc.o
    0x08001374   0x000000d0   Code   RO         3293    i.RCC_Configuration  sys_config.o
    0x08001444   0x0000004c   Code   RO         1849    i.RCC_DeInit        stm32f10x_rcc.o
    0x08001490   0x0000003c   Code   RO         1851    i.RCC_GetFlagStatus  stm32f10x_rcc.o
    0x080014cc   0x00000010   Code   RO         1853    i.RCC_GetSYSCLKSource  stm32f10x_rcc.o
    0x080014dc   0x00000018   Code   RO         1854    i.RCC_HCLKConfig    stm32f10x_rcc.o
    0x080014f4   0x0000004c   Code   RO         1855    i.RCC_HSEConfig     stm32f10x_rcc.o
    0x08001540   0x0000000c   Code   RO         1856    i.RCC_HSICmd        stm32f10x_rcc.o
    0x0800154c   0x00000018   Code   RO         1861    i.RCC_PCLK1Config   stm32f10x_rcc.o
    0x08001564   0x00000018   Code   RO         1862    i.RCC_PCLK2Config   stm32f10x_rcc.o
    0x0800157c   0x0000000c   Code   RO         1863    i.RCC_PLLCmd        stm32f10x_rcc.o
    0x08001588   0x0000001c   Code   RO         1864    i.RCC_PLLConfig     stm32f10x_rcc.o
    0x080015a4   0x00000018   Code   RO         1867    i.RCC_SYSCLKConfig  stm32f10x_rcc.o
    0x080015bc   0x00000018   Code   RO         2319    i.SPI_Cmd           stm32f10x_spi.o
    0x080015d4   0x00000058   Code   RO         2326    i.SPI_I2S_DeInit    stm32f10x_spi.o
    0x0800162c   0x00000012   Code   RO         2327    i.SPI_I2S_GetFlagStatus  stm32f10x_spi.o
    0x0800163e   0x00000006   Code   RO         2330    i.SPI_I2S_ReceiveData  stm32f10x_spi.o
    0x08001644   0x00000004   Code   RO         2331    i.SPI_I2S_SendData  stm32f10x_spi.o
    0x08001648   0x0000003c   Code   RO         2332    i.SPI_Init          stm32f10x_spi.o
    0x08001684   0x00000048   Code   RO         3343    i.SPI_Write_Buf     nrf24l01.o
    0x080016cc   0x00000002   Code   RO          182    i.SVC_Handler       stm32f10x_it.o
    0x080016ce   0x00000008   Code   RO         3248    i.SetSysClock       system_stm32f10x.o
    0x080016d6   0x00000002   PAD
    0x080016d8   0x000000e0   Code   RO         3249    i.SetSysClockTo72   system_stm32f10x.o
    0x080017b8   0x00000028   Code   RO         3637    i.Setadd            st7565.o
    0x080017e0   0x0000002c   Code   RO         3589    i.Setadd12864       12864.o
    0x0800180c   0x00000050   Code   RO         3638    i.St7565_Port       st7565.o
    0x0800185c   0x00000074   Code   RO         3639    i.St7565_WriteCmd   st7565.o
    0x080018d0   0x00000074   Code   RO         3640    i.St7565_WriteDat   st7565.o
    0x08001944   0x00000024   Code   RO          183    i.SysTick_Handler   stm32f10x_it.o
    0x08001968   0x00000060   Code   RO         3251    i.SystemInit        system_stm32f10x.o
    0x080019c8   0x00000004   Code   RO          184    i.UsageFault_Handler  stm32f10x_it.o
    0x080019cc   0x00000100   Code   RO         3294    i.ad_init           sys_config.o
    0x08001acc   0x00000038   Code   RO         3388    i.beep              button.o
    0x08001b04   0x000000c0   Code   RO         3389    i.buf2addr          button.o
    0x08001bc4   0x00000078   Code   RO         3390    i.button_init       button.o
    0x08001c3c   0x0000000c   Code   RO         3391    i.delay             button.o
    0x08001c48   0x0000001c   Code   RO         3641    i.delayms           st7565.o
    0x08001c64   0x0000000c   Code   RO         3392    i.disable_key       button.o
    0x08001c70   0x000000a4   Code   RO         3590    i.disp_ch           12864.o
    0x08001d14   0x0000009c   Code   RO         3591    i.disp_hz           12864.o
    0x08001db0   0x00000200   Code   RO            4    i.display_by_key    main.o
    0x08001fb0   0x0000000c   Code   RO         3393    i.enable_key        button.o
    0x08001fbc   0x00000018   Code   RO            5    i.fun_xor           main.o
    0x08001fd4   0x000000c0   Code   RO         3394    i.get_addr          button.o
    0x08002094   0x00000020   Code   RO         3395    i.get_key           button.o
    0x080020b4   0x000000cc   Code   RO          185    i.key_prograss      stm32f10x_it.o
    0x08002180   0x00000040   Code   RO            6    i.key_trans         main.o
    0x080021c0   0x00000070   Code   RO         3714    i.lcd_ShowChar      lcd_display.o
    0x08002230   0x00000030   Code   RO         3715    i.lcd_clear_line    lcd_display.o
    0x08002260   0x00000012   Code   RO         3716    i.lcd_show_line1    lcd_display.o
    0x08002272   0x00000002   PAD
    0x08002274   0x0000019c   Code   RO         3717    i.lcd_show_line2    lcd_display.o
    0x08002410   0x00000150   Code   RO         3718    i.lcd_show_line3    lcd_display.o
    0x08002560   0x0000003c   Code   RO            7    i.main              main.o
    0x0800259c   0x00000030   Code   RO         3537    i.oled_clear_line   display.o
    0x080025cc   0x00000224   Code   RO         3540    i.oled_show_line2   display.o
    0x080027f0   0x00000028   Code   RO         3396    i.put_key           button.o
    0x08002818   0x00000028   Code   RO         3296    i.read_addr         sys_config.o
    0x08002840   0x0000003c   Code   RO         3297    i.save_addr         sys_config.o
    0x0800287c   0x000000d0   Code   RO         3344    i.spi_init          nrf24l01.o
    0x0800294c   0x00000048   Code   RO         3345    i.spi_read_reg      nrf24l01.o
    0x08002994   0x00000038   Code   RO         3346    i.spi_tx_byte       nrf24l01.o
    0x080029cc   0x0000001c   Code   RO         3347    i.wait              nrf24l01.o
    0x080029e8   0x00000818   Data   RO         3463    .constdata          oled.o
    0x08003200   0x00000cfa   Data   RO         3592    .constdata          12864.o
    0x08003efa   0x000005f0   Data   RO         3643    .constdata          st7565.o
    0x080044ea   0x00000002   PAD
    0x080044ec   0x00000020   Data   RO         3989    Region$$Table       anon$$obj.o


    Execution Region RW_IRAM1 (Base: 0x20000000, Size: 0x00001468, Max: 0x00005000, ABSOLUTE, COMPRESSED[0x000005c0])

    Base Addr    Size         Type   Attr      Idx    E Section Name        Object

    0x20000000   0x00000024   Data   RW            8    .data               main.o
    0x20000024   0x0000015c   Data   RW          186    .data               stm32f10x_it.o
    0x20000180   0x00000014   Data   RW         3252    .data               system_stm32f10x.o
    0x20000194   0x0000002a   Data   RW         3348    .data               nrf24l01.o
    0x200001be   0x00000002   PAD
    0x200001c0   0x00000010   Data   RW         3398    .data               button.o
    0x200001d0   0x00000bc0   Data   RW         3464    .data               oled.o
    0x20000d90   0x00000002   Data   RW         3543    .data               display.o
    0x20000d92   0x00000040   Data   RW         3644    .data               st7565.o
    0x20000dd2   0x00000002   Data   RW         3719    .data               lcd_display.o
    0x20000dd4   0x00000020   Zero   RW         3298    .bss                sys_config.o
    0x20000df4   0x00000014   Zero   RW         3397    .bss                button.o
    0x20000e08   0x00000060   Zero   RW         3864    .bss                c_w.l(libspace.o)
    0x20000e68   0x00000200   Zero   RW         3241    HEAP                startup_stm32f10x_hd.o
    0x20001068   0x00000400   Zero   RW         3240    STACK               startup_stm32f10x_hd.o


==============================================================================

Image component sizes


      Code (inc. data)   RO Data    RW Data    ZI Data      Debug   Object Name

       576         22       3322          0          0       5512   12864.o
       668         54          0         16         20       5578   button.o
       596         22          0          2          0       2078   display.o
       926        224          0          2          0       3888   lcd_display.o
      1144         88          0         36          0     256729   main.o
        40         18          0          0          0       1133   misc.o
       756         56          0         42          0       5635   nrf24l01.o
       436         20       2072       3008          0       4190   oled.o
       872         46       1520         64          0       6621   st7565.o
        64         26        304          0       1536        944   startup_stm32f10x_hd.o
       390         10          0          0          0       7793   stm32f10x_adc.o
       416          8          0          0          0       3606   stm32f10x_dma.o
        12          6          0          0          0        565   stm32f10x_exti.o
       338         48          0          0          0       5369   stm32f10x_flash.o
       304          0          0          0          0       3864   stm32f10x_gpio.o
       322         18          0        348          0       7087   stm32f10x_it.o
       504         90          0          0          0       8804   stm32f10x_rcc.o
       200         12          0          0          0       4695   stm32f10x_spi.o
       586         40          0          0         32      18974   sys_config.o
       328         28          0         20          0       2201   system_stm32f10x.o

    ----------------------------------------------------------------------
      9502        836       7252       3540       1588     355266   Object Totals
         0          0         32          0          0          0   (incl. Generated)
        24          0          2          2          0          0   (incl. Padding)

    ----------------------------------------------------------------------

      Code (inc. data)   RO Data    RW Data    ZI Data      Debug   Library Member Name

        90          0          0          0          0          0   __dczerorl2.o
         8          0          0          0          0         68   __main.o
       104          0          0          0          0         84   __printf.o
         0          0          0          0          0          0   __rtentry.o
        12          0          0          0          0          0   __rtentry2.o
         6          0          0          0          0          0   __rtentry4.o
        52          8          0          0          0          0   __scatter.o
        28          0          0          0          0          0   __scatter_zi.o
        48          6          0          0          0         96   _printf_char_common.o
         6          0          0          0          0          0   _printf_d.o
       120         16          0          0          0         92   _printf_dec.o
       178          0          0          0          0         88   _printf_intcommon.o
         0          0          0          0          0          0   _printf_percent.o
         4          0          0          0          0          0   _printf_percent_end.o
        10          0          0          0          0         68   _sputc.o
        12          0          0          0          0         72   exit.o
         6          0          0          0          0        152   heapauxi.o
         0          0          0          0          0          0   indicate_semi.o
         2          0          0          0          0          0   libinit.o
         2          0          0          0          0          0   libinit2.o
         2          0          0          0          0          0   libshutdown.o
         2          0          0          0          0          0   libshutdown2.o
         8          4          0          0         96         68   libspace.o
        40          6          0          0          0         84   noretval__2sprintf.o
        78          0          0          0          0         80   rt_memclr_w.o
         2          0          0          0          0          0   rtexit.o
        10          0          0          0          0          0   rtexit2.o
        12          4          0          0          0         68   sys_exit.o
        74          0          0          0          0         80   sys_stackheap_outer.o
         2          0          0          0          0         68   use_no_semi.o

    ----------------------------------------------------------------------
       922         44          0          0         96       1168   Library Totals
         4          0          0          0          0          0   (incl. Padding)

    ----------------------------------------------------------------------

      Code (inc. data)   RO Data    RW Data    ZI Data      Debug   Library Name

       918         44          0          0         96       1168   c_w.l

    ----------------------------------------------------------------------
       922         44          0          0         96       1168   Library Totals

    ----------------------------------------------------------------------

==============================================================================


      Code (inc. data)   RO Data    RW Data    ZI Data      Debug   

     10424        880       7252       3540       1684     349930   Grand Totals
     10424        880       7252       1472       1684     349930   ELF Image Totals (compressed)
     10424        880       7252       1472          0          0   ROM Totals

==============================================================================

    Total RO  Size (Code + RO Data)                17676 (  17.26kB)
    Total RW  Size (RW Data + ZI Data)              5224 (   5.10kB)
    Total ROM Size (Code + RO Data + RW Data)      19148 (  18.70kB)

==============================================================================

